06-27 09:30:18.443 5912-10572/com.qiniu.motiondetect E/CameraActivity: {ver:7.3.11,ResponseInfo:153006214825061,status:-1, reqId:, xlog:, xvia:, host:upload-z1.qbox.me, path:/, ip:, port:80, duration:-1 s, time:1530063018, sent:-1,error:expected 479 bytes but received 8192}token: -uNORE8AccnhnSt0utAuUrtmJcugo8BDDJeIk2R3:XF3ka6Xuoe7Szsu0cJ3_HAkrCuI=:eyJzY29wZSI6InFkZmFjZXN0b3JlIiwiZGVhZGxpbmUiOjE1MzAwNjMzMTN9
    Upload failed
06-27 09:30:19.135 5912-5912/com.qiniu.motiondetect E/CameraActivity: Start record: 1530063019135
06-27 09:30:29.138 5912-5912/com.qiniu.motiondetect E/CameraActivity: current length: 10003 isMoving: true
06-27 09:30:30.532 5912-11525/com.qiniu.motiondetect E/CameraActivity: onSaveVideoSuccess
06-27 09:30:30.535 5912-6187/com.qiniu.motiondetect E/CameraActivity: handleMessage...
    http://123.59.185.101:8080/api/v10/smartClient/getToken?deviceId=605978411
06-27 09:30:31.457 5912-5912/com.qiniu.motiondetect E/CameraActivity: {ver:7.3.11,ResponseInfo:153006214825061,status:200, reqId:9TYAADZUwYw44DsV, xlog:body:2;0s.ph;0s.put.in;0s.put.disk:11;1s.put.in;1s.put.disk:20;1s.ph;PFDS:21;0s.put.out:11;PFDS:22;body;rs12_4.sel/not found;rs11_4.sel/not found;rdb.g/no such key;DBD/404;v4.get/Document not found;rs12_4.ins:5;rwro.ins:6;RS:6;rs.put:7;rs-upload.putFile:30;UP:34, xvia:, host:up-z1.qiniup.com, path:/, ip:203.100.94.9, port:80, duration:57535 s, time:1530063031, sent:1357968,error:null}token: -uNORE8AccnhnSt0utAuUrtmJcugo8BDDJeIk2R3:XF3ka6Xuoe7Szsu0cJ3_HAkrCuI=:eyJzY29wZSI6InFkZmFjZXN0b3JlIiwiZGVhZGxpbmUiOjE1MzAwNjMzMTN9
06-27 09:30:31.458 5912-11538/com.qiniu.motiondetect E/CameraActivity: http://123.59.185.101:8080/api/v10/smartClient/uploadDetectInfo?uuid=94fe2457d30f4884ace911cd847c7cf2&deviceId=605978411&targetType=2&collectTime=1530063031458&vidUrl=20180627_vid_1530062971170&imgUrl=
06-27 09:30:32.272 5912-5912/com.qiniu.motiondetect E/CameraActivity: Start record: 1530063032272
06-27 09:30:32.750 5912-6187/com.qiniu.motiondetect E/CameraActivity: token: -uNORE8AccnhnSt0utAuUrtmJcugo8BDDJeIk2R3:jeDwowWXupbolBPaH_jpOO3kZTw=:eyJzY29wZSI6InFkZmFjZXN0b3JlIiwiZGVhZGxpbmUiOjE1MzAwNjMzMjh9
06-27 09:30:32.752 5912-6187/com.qiniu.motiondetect E/CameraActivity: uploadVideo
06-27 09:30:42.318 5912-5912/com.qiniu.motiondetect E/CameraActivity: current length: 10046 isMoving: true
06-27 09:30:42.354 5912-5912/com.qiniu.motiondetect E/CameraActivity: {ver:7.3.11,ResponseInfo:153006214825061,status:200, reqId:5G0AAO-rjxM74DsV, xlog:body:2;0s.ph;0s.put.in;0s.put.disk:10;1s.put.in;1s.put.disk:56;1s.ph;PFDS:57;0s.put.out:10;PFDS:61;body;rs12_5.sel/not found;rs11_5.sel/not found;rdb.g/no such key;DBD/404;v4.get/Document not found;rs12_5.ins:1;rwro.ins:2;RS:2;rs.put:3;rs-upload.putFile:65;UP:67, xvia:, host:up-z1.qiniup.com, path:/, ip:203.100.94.7, port:80, duration:52529 s, time:1530063042, sent:1349850,error:null}token: -uNORE8AccnhnSt0utAuUrtmJcugo8BDDJeIk2R3:jeDwowWXupbolBPaH_jpOO3kZTw=:eyJzY29wZSI6InFkZmFjZXN0b3JlIiwiZGVhZGxpbmUiOjE1MzAwNjMzMjh9
06-27 09:30:42.355 5912-11599/com.qiniu.motiondetect E/CameraActivity: http://123.59.185.101:8080/api/v10/smartClient/uploadDetectInfo?uuid=25d1c25690624d14b226cf65a81ab33a&deviceId=605978411&targetType=2&collectTime=1530063042355&vidUrl=20180627_vid_1530062987374&imgUrl=
06-27 09:30:43.077 5912-5912/com.qiniu.motiondetect E/CameraActivity: {ver:7.3.11,ResponseInfo:153006214825061,status:614, reqId:kREAADgVWzc74DsV, xlog:body:11;0s.ph;0s.put.in;0s.put.disk:10;1s.put.in;1s.put.disk:10;1s.ph;PFDS:11;0s.put.out:10;PFDS:12;body;rs12_10.sel;rwro.ins/file exists;MQ;RS.not:;RS:1/614;rs.put:2/file exists;rs-upload:;UP:27/614, xvia:vdn-jszj-tel-1-2, host:upload-z1.qbox.me, path:/, ip:222.186.140.20, port:80, duration:39014 s, time:1530063043, sent:1350933,error:file exists}token: -uNORE8AccnhnSt0utAuUrtmJcugo8BDDJeIk2R3:jeDwowWXupbolBPaH_jpOO3kZTw=:eyJzY29wZSI6InFkZmFjZXN0b3JlIiwiZGVhZGxpbmUiOjE1MzAwNjMzMjh9
    Upload failed
06-27 09:30:43.741 5912-11600/com.qiniu.motiondetect E/CameraActivity: onSaveVideoSuccess
06-27 09:30:43.747 5912-6187/com.qiniu.motiondetect E/CameraActivity: handleMessage...
    http://123.59.185.101:8080/api/v10/smartClient/getToken?deviceId=605978411
06-27 09:30:44.278 5912-5912/com.qiniu.motiondetect E/CameraActivity: Start record: 1530063044278
06-27 09:30:45.483 5912-6187/com.qiniu.motiondetect E/CameraActivity: token: -uNORE8AccnhnSt0utAuUrtmJcugo8BDDJeIk2R3:LKYhTG1EJlc8sMXj16eoXcnXIYI=:eyJzY29wZSI6InFkZmFjZXN0b3JlIiwiZGVhZGxpbmUiOjE1MzAwNjMzNDF9
06-27 09:30:45.488 5912-6187/com.qiniu.motiondetect E/CameraActivity: uploadVideo
06-27 09:30:51.307 5912-5912/com.qiniu.motiondetect E/CameraActivity: {ver:7.3.11,ResponseInfo:153006214825061,status:614, reqId:9QkAANwaHiA94DsV, xlog:body:1;0s.ph;0s.put.in:1;0s.put.disk:11;1s.put.in:1;1s.put.disk:13;1s.ph;PFDS:16;0s.put.out:10;PFDS:18;body;rs12_5.sel:2;rwro.ins:2/file exists;MQ;RS.not:;RS:2/614;rs.put:3/file exists;rs-upload:;UP:24/614, xvia:vdn-jszj-tel-1-3, host:upload-z1.qbox.me, path:/, ip:222.186.140.21, port:80, duration:50030 s, time:1530063051, sent:1350933,error:file exists}token: -uNORE8AccnhnSt0utAuUrtmJcugo8BDDJeIk2R3:LKYhTG1EJlc8sMXj16eoXcnXIYI=:eyJzY29wZSI6InFkZmFjZXN0b3JlIiwiZGVhZGxpbmUiOjE1MzAwNjMzNDF9
    uploadVideo
06-27 09:30:54.286 5912-5912/com.qiniu.motiondetect E/CameraActivity: current length: 10008 isMoving: true
06-27 09:30:55.673 5912-11664/com.qiniu.motiondetect E/CameraActivity: onSaveVideoSuccess
06-27 09:30:55.677 5912-6187/com.qiniu.motiondetect E/CameraActivity: handleMessage...
06-27 09:30:55.679 5912-6187/com.qiniu.motiondetect E/CameraActivity: http://123.59.185.101:8080/api/v10/smartClient/getToken?deviceId=605978411
06-27 09:30:59.193 5912-6187/com.qiniu.motiondetect E/CameraActivity: token: -uNORE8AccnhnSt0utAuUrtmJcugo8BDDJeIk2R3:FffHXXe2dHvtZBCxoghVz7_ihbc=:eyJzY29wZSI6InFkZmFjZXN0b3JlIiwiZGVhZGxpbmUiOjE1MzAwNjMzNTV9
06-27 09:30:59.195 5912-6187/com.qiniu.motiondetect E/CameraActivity: uploadVideo
06-27 09:31:02.310 5912-5912/com.qiniu.motiondetect E/CameraActivity: Start record: 1530063062310
06-27 09:31:03.704 5912-5912/com.qiniu.motiondetect E/CameraActivity: {ver:7.3.11,ResponseInfo:153006214825061,status:200, reqId:7i4AADnksg5A4DsV, xlog:body:1;0s.ph;0s.put.in:1;0s.put.disk:12;1s.put.in:2;1s.put.disk:10;1s.ph;PFDS:15;0s.put.out:11;PFDS:16;body;rs12_12.sel:2/not found;rs11_12.sel:2/not found;rdb.g/no such key;DBD/404;v4.get/Document not found;rs12_12.ins:7;rwro.ins:11;RS:12;rs.put:12;rs-upload.putFile:30;UP:31, xvia:, host:up-z1.qbox.me, path:/, ip:222.222.95.22, port:80, duration:30811 s, time:1530063063, sent:1342434,error:null}token: -uNORE8AccnhnSt0utAuUrtmJcugo8BDDJeIk2R3:FffHXXe2dHvtZBCxoghVz7_ihbc=:eyJzY29wZSI6InFkZmFjZXN0b3JlIiwiZGVhZGxpbmUiOjE1MzAwNjMzNTV9
06-27 09:31:03.706 5912-11720/com.qiniu.motiondetect E/CameraActivity: http://123.59.185.101:8080/api/v10/smartClient/uploadDetectInfo?uuid=a2d031d1113347de99876024b713c9b2&deviceId=605978411&targetType=2&collectTime=1530063063705&vidUrl=20180627_vid_1530063032272&imgUrl=
06-27 09:31:12.350 5912-5912/com.qiniu.motiondetect E/CameraActivity: current length: 10040 isMoving: false
06-27 09:31:13.698 5912-11757/com.qiniu.motiondetect E/CameraActivity: onSaveVideoSuccess
06-27 09:31:13.699 5912-6187/com.qiniu.motiondetect E/CameraActivity: handleMessage...
06-27 09:31:13.700 5912-6187/com.qiniu.motiondetect E/CameraActivity: http://123.59.185.101:8080/api/v10/smartClient/getToken?deviceId=605978411
06-27 09:31:14.185 5912-5912/com.qiniu.motiondetect E/CameraActivity: Start record: 1530063074185
06-27 09:31:16.718 5912-6187/com.qiniu.motiondetect E/CameraActivity: token: -uNORE8AccnhnSt0utAuUrtmJcugo8BDDJeIk2R3:GqboBd1lDZiudvhWsFuwukFoYXw=:eyJzY29wZSI6InFkZmFjZXN0b3JlIiwiZGVhZGxpbmUiOjE1MzAwNjMzNzJ9
06-27 09:31:16.720 5912-6187/com.qiniu.motiondetect E/CameraActivity: uploadVideo
06-27 09:31:16.833 5912-5912/com.qiniu.motiondetect E/CameraActivity: {ver:7.3.11,ResponseInfo:153006214825061,status:200, reqId:WyEAAOuj1BpD4DsV, xlog:body:1;0s.ph;0s.put.in:1;0s.put.disk:12;1s.put.in:1;1s.put.disk:13;1s.ph;PFDS:15;0s.put.out:11;PFDS:16;body;rs12_9.sel:2/not found;rs11_9.sel:2/not found;rdb.g/no such key;DBD/404;v4.get/Document not found;rs12_9.ins:7;rwro.ins:11;RS:12;rs.put:12;rs-upload.putFile:29;UP:31, xvia:, host:up-z1.qbox.me, path:/, ip:222.222.95.23, port:80, duration:31143 s, time:1530063076, sent:1348859,error:null}token: -uNORE8AccnhnSt0utAuUrtmJcugo8BDDJeIk2R3:GqboBd1lDZiudvhWsFuwukFoYXw=:eyJzY29wZSI6InFkZmFjZXN0b3JlIiwiZGVhZGxpbmUiOjE1MzAwNjMzNzJ9
06-27 09:31:16.835 5912-11790/com.qiniu.motiondetect E/CameraActivity: http://123.59.185.101:8080/api/v10/smartClient/uploadDetectInfo?uuid=280e2ffdb0054308bac47fadd3ed9e0c&deviceId=605978411&targetType=2&collectTime=1530063076835&vidUrl=20180627_vid_1530063044278&imgUrl=
06-27 09:31:19.766 5912-5912/com.qiniu.motiondetect E/CameraActivity: {ver:7.3.11,ResponseInfo:153006214825061,status:200, reqId:3V0AAJJCUb5D4DsV, xlog:body:2;0s.ph;0s.put.in:1;0s.put.disk:18;1s.put.in:1;1s.put.disk:17;1s.ph;PFDS:21;0s.put.out:9;PFDS:22;body;rs12_9.sel:1/not found;rs11_9.sel:2/not found;rdb.g/no such key;DBD/404;v4.get/Document not found;rs12_9.ins:6;rwro.ins:10;RS:11;rs.put:11;rs-upload.putFile:34;UP:39, xvia:vdn-jszj-tel-1-1, host:upload-z1.qbox.me, path:/, ip:222.186.140.19, port:80, duration:61971 s, time:1530063079, sent:1346807,error:null}token: -uNORE8AccnhnSt0utAuUrtmJcugo8BDDJeIk2R3:GqboBd1lDZiudvhWsFuwukFoYXw=:eyJzY29wZSI6InFkZmFjZXN0b3JlIiwiZGVhZGxpbmUiOjE1MzAwNjMzNzJ9
06-27 09:31:19.787 5912-11798/com.qiniu.motiondetect E/CameraActivity: http://123.59.185.101:8080/api/v10/smartClient/uploadDetectInfo?uuid=cd109e765d224e6a8f8f4293f77745ad&deviceId=605978411&targetType=2&collectTime=1530063079787&vidUrl=20180627_vid_1530063002412&imgUrl=
06-27 09:31:24.213 5912-5912/com.qiniu.motiondetect E/CameraActivity: current length: 10028 isMoving: false
06-27 09:31:25.634 5912-11820/com.qiniu.motiondetect E/CameraActivity: onSaveVideoSuccess
06-27 09:31:25.635 5912-6187/com.qiniu.motiondetect E/CameraActivity: handleMessage...
    http://123.59.185.101:8080/api/v10/smartClient/getToken?deviceId=605978411
06-27 09:31:28.153 5912-6187/com.qiniu.motiondetect E/CameraActivity: token: -uNORE8AccnhnSt0utAuUrtmJcugo8BDDJeIk2R3:-oHDBsNqwB4iTo2l-9AFS3bC_sY=:eyJzY29wZSI6InFkZmFjZXN0b3JlIiwiZGVhZGxpbmUiOjE1MzAwNjMzODR9
06-27 09:31:28.157 5912-6187/com.qiniu.motiondetect E/CameraActivity: uploadVideo
06-27 09:31:31.108 5912-5912/com.qiniu.motiondetect E/CameraActivity: Start record: 1530063091108
06-27 09:31:36.356 5912-5912/com.qiniu.motiondetect E/CameraActivity: {ver:7.3.11,ResponseInfo:153006214825061,status:200, reqId:7i4AAO6jSalH4DsV, xlog:body:2;0s.ph;0s.put.in:2;0s.put.disk:15;1s.put.in:2;1s.put.disk:7;1s.ph;PFDS:10;0s.put.out:13;PFDS:20;body;rs12_9.sel:2/not found;rs11_9.sel:2/not found;rdb.g/no such key;DBD/404;v4.get/Document not found;rs12_9.ins:6;rwro.ins:11;RS:11;rs.put:11;rs-upload.putFile:33;UP:35, xvia:, host:up-z1.qbox.me, path:/, ip:222.222.95.22, port:80, duration:19603 s, time:1530063096, sent:1353095,error:null}token: -uNORE8AccnhnSt0utAuUrtmJcugo8BDDJeIk2R3:-oHDBsNqwB4iTo2l-9AFS3bC_sY=:eyJzY29wZSI6InFkZmFjZXN0b3JlIiwiZGVhZGxpbmUiOjE1MzAwNjMzODR9
06-27 09:31:36.379 5912-11888/com.qiniu.motiondetect E/CameraActivity: http://123.59.185.101:8080/api/v10/smartClient/uploadDetectInfo?uuid=0ebaf611fe48421399e326704a347660&deviceId=605978411&targetType=2&collectTime=1530063096379&vidUrl=20180627_vid_1530063074185&imgUrl=
06-27 09:31:36.391 5912-5912/com.qiniu.motiondetect E/CameraActivity: {ver:7.3.11,ResponseInfo:153006214825061,status:614, reqId:CGIAAHTkXatH4DsV, xlog:body:2;0s.ph;0s.put.in:1;0s.put.disk:12;1s.put.in:1;1s.put.disk:18;1s.ph;PFDS:20;0s.put.out:10;PFDS:22;body;rs12_5.sel:2;rwro.ins:2/file exists;MQ;RS.not:;RS:2/614;rs.put:3/file exists;rs-upload:;UP:31/614, xvia:, host:up-z1.qbox.me, path:/, ip:222.222.95.24, port:80, duration:44433 s, time:1530063096, sent:1348859,error:file exists}token: -uNORE8AccnhnSt0utAuUrtmJcugo8BDDJeIk2R3:-oHDBsNqwB4iTo2l-9AFS3bC_sY=:eyJzY29wZSI6InFkZmFjZXN0b3JlIiwiZGVhZGxpbmUiOjE1MzAwNjMzODR9
    Upload failed
06-27 09:31:41.110 5912-5912/com.qiniu.motiondetect E/CameraActivity: current length: 10001 isMoving: true
06-27 09:31:42.676 5912-11912/com.qiniu.motiondetect E/CameraActivity: onSaveVideoSuccess
06-27 09:31:42.678 5912-6187/com.qiniu.motiondetect E/CameraActivity: handleMessage...
    http://123.59.185.101:8080/api/v10/smartClient/getToken?deviceId=605978411
06-27 09:31:44.624 5912-6187/com.qiniu.motiondetect E/CameraActivity: token: -uNORE8AccnhnSt0utAuUrtmJcugo8BDDJeIk2R3:x6vDpvHz_D-laFtTWDd6y3w5bY8=:eyJzY29wZSI6InFkZmFjZXN0b3JlIiwiZGVhZGxpbmUiOjE1MzAwNjM0MDB9
06-27 09:31:44.626 5912-6187/com.qiniu.motiondetect E/CameraActivity: uploadVideo
06-27 09:31:45.118 5912-5912/com.qiniu.motiondetect E/CameraActivity: Start record: 1530063105118
06-27 09:31:46.237 5912-5912/com.qiniu.motiondetect E/CameraActivity: {ver:7.3.11,ResponseInfo:153006214825061,status:614, reqId:1kkAAP-nkvVJ4DsV, xlog:body:2;0s.ph;0s.put.in:1;0s.put.disk:10;1s.put.in:1;1s.put.disk:10;1s.ph;PFDS:12;0s.put.out:9;PFDS:14;body;rs12_9.sel:2;rwro.ins:2/file exists;MQ;RS.not:;RS:2/614;rs.put:3/file exists;rs-upload:;UP:20/614, xvia:, host:up-z1.qbox.me, path:/, ip:222.222.95.25, port:80, duration:46314 s, time:1530063106, sent:1346022,error:file exists}token: -uNORE8AccnhnSt0utAuUrtmJcugo8BDDJeIk2R3:x6vDpvHz_D-laFtTWDd6y3w5bY8=:eyJzY29wZSI6InFkZmFjZXN0b3JlIiwiZGVhZGxpbmUiOjE1MzAwNjM0MDB9
    uploadVideo
06-27 09:31:46.823 5912-5912/com.qiniu.motiondetect E/CameraActivity: {ver:7.3.11,ResponseInfo:153006214825061,status:614, reqId:WyEAAG-kvxhK4DsV, xlog:body:1;0s.ph;0s.put.in:1;0s.put.disk:11;1s.put.in:2;1s.put.disk:10;1s.ph;PFDS:13;0s.put.out:10;PFDS:15;body;rs12_9.sel:1;rwro.ins:1/file exists;MQ;RS.not:;RS:2/614;rs.put:3/file exists;rs-upload:;UP:21/614, xvia:, host:up-z1.qbox.me, path:/, ip:222.222.95.23, port:80, duration:18629 s, time:1530063106, sent:1349044,error:file exists}token: -uNORE8AccnhnSt0utAuUrtmJcugo8BDDJeIk2R3:x6vDpvHz_D-laFtTWDd6y3w5bY8=:eyJzY29wZSI6InFkZmFjZXN0b3JlIiwiZGVhZGxpbmUiOjE1MzAwNjM0MDB9
    uploadVideo
06-27 09:31:55.155 5912-5912/com.qiniu.motiondetect E/CameraActivity: current length: 10037 isMoving: false
06-27 09:31:56.534 5912-11983/com.qiniu.motiondetect E/CameraActivity: onSaveVideoSuccess
06-27 09:31:56.535 5912-6187/com.qiniu.motiondetect E/CameraActivity: handleMessage...
    http://123.59.185.101:8080/api/v10/smartClient/getToken?deviceId=605978411
06-27 09:31:57.361 5912-5912/com.qiniu.motiondetect E/CameraActivity: Start record: 1530063117361
06-27 09:32:00.037 5912-6187/com.qiniu.motiondetect E/CameraActivity: token: -uNORE8AccnhnSt0utAuUrtmJcugo8BDDJeIk2R3:FZvqIh3ZHApi7tYUiJ71NT2gpxU=:eyJzY29wZSI6InFkZmFjZXN0b3JlIiwiZGVhZGxpbmUiOjE1MzAwNjM0MTZ9
06-27 09:32:00.039 5912-6187/com.qiniu.motiondetect E/CameraActivity: uploadVideo
06-27 09:32:04.780 5912-5912/com.qiniu.motiondetect E/CameraActivity: {ver:7.3.11,ResponseInfo:153006214825061,status:614, reqId:LgIAAObTkEVO4DsV, xlog:body:4;0s.ph;0s.put.in:1;0s.put.disk:15;1s.put.in:1;1s.put.disk:16;1s.ph;PFDS:18;0s.put.out:12;PFDS:19;body;rs12_9.sel:2;rwro.ins:2/file exists;MQ:16;RS.not:;RS:18/614;rs.put:19/file exists;rs-upload:;UP:44/614, xvia:, host:up-z1.qbox.me, path:/, ip:222.222.95.23, port:80, duration:17916 s, time:1530063124, sent:1337051,error:file exists}token: -uNORE8AccnhnSt0utAuUrtmJcugo8BDDJeIk2R3:FZvqIh3ZHApi7tYUiJ71NT2gpxU=:eyJzY29wZSI6InFkZmFjZXN0b3JlIiwiZGVhZGxpbmUiOjE1MzAwNjM0MTZ9
    Upload failed
06-27 09:32:07.370 5912-5912/com.qiniu.motiondetect E/CameraActivity: current length: 10009 isMoving: false
06-27 09:32:08.795 5912-12048/com.qiniu.motiondetect E/CameraActivity: onSaveVideoSuccess
06-27 09:32:08.796 5912-6187/com.qiniu.motiondetect E/CameraActivity: handleMessage...
    http://123.59.185.101:8080/api/v10/smartClient/getToken?deviceId=605978411
06-27 09:32:10.949 5912-6187/com.qiniu.motiondetect E/CameraActivity: token: -uNORE8AccnhnSt0utAuUrtmJcugo8BDDJeIk2R3:CSj2gLyZMhSxCLkXZpWQ41oVRvI=:eyJzY29wZSI6InFkZmFjZXN0b3JlIiwiZGVhZGxpbmUiOjE1MzAwNjM0Mjd9
06-27 09:32:10.950 5912-6187/com.qiniu.motiondetect E/CameraActivity: uploadVideo
06-27 09:32:11.150 5912-5912/com.qiniu.motiondetect E/CameraActivity: Start record: 1530063131150
06-27 09:32:16.595 5912-5912/com.qiniu.motiondetect E/CameraActivity: {ver:7.3.11,ResponseInfo:153006214825061,status:614, reqId:aCkAAMg8OgdR4DsV, xlog:body:1;0s.ph;0s.put.in:1;0s.put.disk:11;1s.put.in:1;1s.put.disk:11;1s.ph;PFDS:13;0s.put.out:11;PFDS:15;body;rs12_9.sel:2;rwro.ins:2/file exists;MQ;RS.not:;RS:3/614;rs.put:3/file exists;rs-upload:;UP:21/614, xvia:, host:up-z1.qbox.me, path:/, ip:222.222.95.24, port:80, duration:30325 s, time:1530063136, sent:1337051,error:file exists}token: -uNORE8AccnhnSt0utAuUrtmJcugo8BDDJeIk2R3:CSj2gLyZMhSxCLkXZpWQ41oVRvI=:eyJzY29wZSI6InFkZmFjZXN0b3JlIiwiZGVhZGxpbmUiOjE1MzAwNjM0Mjd9
    Upload failed
06-27 09:32:21.174 5912-5912/com.qiniu.motiondetect E/CameraActivity: current length: 10024 isMoving: true
06-27 09:32:22.938 5912-12121/com.qiniu.motiondetect E/CameraActivity: onSaveVideoSuccess
06-27 09:32:22.939 5912-6187/com.qiniu.motiondetect E/CameraActivity: handleMessage...
06-27 09:32:22.940 5912-6187/com.qiniu.motiondetect E/CameraActivity: http://123.59.185.101:8080/api/v10/smartClient/getToken?deviceId=605978411
06-27 09:32:23.118 5912-5912/com.qiniu.motiondetect E/CameraActivity: Start record: 1530063143118
06-27 09:32:25.561 5912-6187/com.qiniu.motiondetect E/CameraActivity: token: -uNORE8AccnhnSt0utAuUrtmJcugo8BDDJeIk2R3:1t3f_b1p3D-FFrcIivYAZ8YE10k=:eyJzY29wZSI6InFkZmFjZXN0b3JlIiwiZGVhZGxpbmUiOjE1MzAwNjM0NDF9
06-27 09:32:25.563 5912-6187/com.qiniu.motiondetect E/CameraActivity: uploadVideo
06-27 09:32:27.877 5912-5912/com.qiniu.motiondetect E/CameraActivity: {ver:7.3.11,ResponseInfo:153006214825061,status:200, reqId:nIEAAFOYR6dT4DsV, xlog:body:1;0s.ph;0s.put.in:1;0s.put.disk:10;1s.put.in:1;1s.put.disk:9;1s.ph;PFDS:12;0s.put.out:9;PFDS:13;body;rs12_11.sel:2/not found;rs11_11.sel:2/not found;rdb.g/no such key;DBD/404;v4.get/Document not found;rs12_11.ins:3;rwro.ins:8;RS:8;rs.put:9;rs-upload.putFile:23;UP:24, xvia:, host:up-z1.qbox.me, path:/, ip:222.222.95.25, port:80, duration:27790 s, time:1530063147, sent:1338881,error:null}token: -uNORE8AccnhnSt0utAuUrtmJcugo8BDDJeIk2R3:1t3f_b1p3D-FFrcIivYAZ8YE10k=:eyJzY29wZSI6InFkZmFjZXN0b3JlIiwiZGVhZGxpbmUiOjE1MzAwNjM0NDF9
06-27 09:32:27.879 5912-12161/com.qiniu.motiondetect E/CameraActivity: http://123.59.185.101:8080/api/v10/smartClient/uploadDetectInfo?uuid=559835ce9bbf42d19dc056aa79a134df&deviceId=605978411&targetType=2&collectTime=1530063147878&vidUrl=20180627_vid_1530063117361&imgUrl=
06-27 09:32:28.325 5912-5912/com.qiniu.motiondetect E/CameraActivity: {ver:7.3.11,ResponseInfo:153006214825061,status:200, reqId:fysAAHp2N8NT4DsV, xlog:body:3;0s.ph;0s.put.in:1;0s.put.disk:13;1s.put.in:3;1s.put.disk:10;1s.ph;PFDS:15;0s.put.out:12;PFDS:17;body;rs12_4.sel:2/not found;rs11_4.sel:2/not found;rdb.g/no such key;DBD/404;v4.get/Document not found;rs12_4.ins:2;rwro.ins:7;RS:8;rs.put:9;rs-upload.putFile:26;UP:31, xvia:, host:up-z1.qbox.me, path:/, ip:222.222.95.22, port:80, duration:43659 s, time:1530063148, sent:1337051,error:null}token: -uNORE8AccnhnSt0utAuUrtmJcugo8BDDJeIk2R3:1t3f_b1p3D-FFrcIivYAZ8YE10k=:eyJzY29wZSI6InFkZmFjZXN0b3JlIiwiZGVhZGxpbmUiOjE1MzAwNjM0NDF9
06-27 09:32:28.333 5912-12165/com.qiniu.motiondetect E/CameraActivity: http://123.59.185.101:8080/api/v10/smartClient/uploadDetectInfo?uuid=13cd859bbf44401ab20e5c1009dcbd96&deviceId=605978411&targetType=2&collectTime=1530063148327&vidUrl=20180627_vid_1530063091109&imgUrl=
06-27 09:32:33.133 5912-5912/com.qiniu.motiondetect E/CameraActivity: current length: 10015 isMoving: true
06-27 09:32:34.497 5912-12190/com.qiniu.motiondetect E/CameraActivity: onSaveVideoSuccess
06-27 09:32:34.498 5912-6187/com.qiniu.motiondetect E/CameraActivity: handleMessage...
    http://123.59.185.101:8080/api/v10/smartClient/getToken?deviceId=605978411
06-27 09:32:35.183 5912-5912/com.qiniu.motiondetect E/CameraActivity: Start record: 1530063155183
06-27 09:32:36.125 5912-6187/com.qiniu.motiondetect E/CameraActivity: token: -uNORE8AccnhnSt0utAuUrtmJcugo8BDDJeIk2R3:Qam-Wo953kSqR3ySSkGxEVz7M6c=:eyJzY29wZSI6InFkZmFjZXN0b3JlIiwiZGVhZGxpbmUiOjE1MzAwNjM0NTJ9
06-27 09:32:36.127 5912-6187/com.qiniu.motiondetect E/CameraActivity: uploadVideo
06-27 09:32:37.558 5912-5912/com.qiniu.motiondetect E/CameraActivity: {ver:7.3.11,ResponseInfo:153006214825061,status:614, reqId:WyEAAFQaT-hV4DsV, xlog:body:1;0s.ph;0s.put.in:2;0s.put.disk:16;1s.put.in:3;1s.put.disk:14;1s.ph;PFDS:19;0s.put.out:15;PFDS:20;body;rs12_11.sel:2;rwro.ins:2/file exists;MQ;RS.not:;RS:2/614;rs.put:3/file exists;rs-upload:;UP:27/614, xvia:, host:up-z1.qbox.me, path:/, ip:222.222.95.23, port:80, duration:26575 s, time:1530063157, sent:1336859,error:file exists}token: -uNORE8AccnhnSt0utAuUrtmJcugo8BDDJeIk2R3:Qam-Wo953kSqR3ySSkGxEVz7M6c=:eyJzY29wZSI6InFkZmFjZXN0b3JlIiwiZGVhZGxpbmUiOjE1MzAwNjM0NTJ9
06-27 09:32:37.558 5912-5912/com.qiniu.motiondetect E/CameraActivity: uploadVideo
06-27 09:32:44.230 5912-5912/com.qiniu.motiondetect E/CameraActivity: {ver:7.3.11,ResponseInfo:153006214825061,status:614, reqId:WyEAAKbiKXNX4DsV, xlog:body:1;0s.ph;0s.put.in:1;0s.put.disk:19;1s.put.in:2;1s.put.disk:17;1s.ph;PFDS:21;0s.put.out:10;PFDS:22;body;rs12_11.sel:1;rwro.ins:1/file exists;MQ;RS.not:;RS:2/614;rs.put:2/file exists;rs-upload:;UP:28/614, xvia:, host:up-z1.qbox.me, path:/, ip:222.222.95.23, port:80, duration:6632 s, time:1530063164, sent:1345550,error:file exists}token: -uNORE8AccnhnSt0utAuUrtmJcugo8BDDJeIk2R3:Qam-Wo953kSqR3ySSkGxEVz7M6c=:eyJzY29wZSI6InFkZmFjZXN0b3JlIiwiZGVhZGxpbmUiOjE1MzAwNjM0NTJ9
    Upload failed
06-27 09:32:44.265 5912-5912/com.qiniu.motiondetect E/CameraActivity: {ver:7.3.11,ResponseInfo:153006214825061,status:200, reqId:G1gAAGuBPHdX4DsV, xlog:body:2;0s.ph;0s.put.in:1;0s.put.disk:11;1s.put.in:1;1s.put.disk:15;1s.ph;PFDS:17;0s.put.out:9;PFDS:18;body;rs12_6.sel:1/not found;rs11_6.sel:2/not found;rdb.g/no such key;DBD/404;v4.get/Document not found;rs12_6.ins:5;rwro.ins:10;RS:10;rs.put:11;rs-upload.putFile:30;UP:34, xvia:, host:up-z1.qbox.me, path:/, ip:222.222.95.24, port:80, duration:18651 s, time:1530063164, sent:1338903,error:null}token: -uNORE8AccnhnSt0utAuUrtmJcugo8BDDJeIk2R3:Qam-Wo953kSqR3ySSkGxEVz7M6c=:eyJzY29wZSI6InFkZmFjZXN0b3JlIiwiZGVhZGxpbmUiOjE1MzAwNjM0NTJ9
06-27 09:32:44.266 5912-12254/com.qiniu.motiondetect E/CameraActivity: http://123.59.185.101:8080/api/v10/smartClient/uploadDetectInfo?uuid=e74ab472e51a4045a4cdb94833bb382c&deviceId=605978411&targetType=2&collectTime=1530063164266&vidUrl=20180627_vid_1530063143118&imgUrl=
06-27 09:32:45.201 5912-5912/com.qiniu.motiondetect E/CameraActivity: current length: 10018 isMoving: false
06-27 09:32:45.883 5912-5912/com.qiniu.motiondetect E/CameraActivity: {ver:7.3.11,ResponseInfo:153006214825061,status:200, reqId:7i4AAExkzthX4DsV, xlog:body:1;0s.ph;0s.put.in:1;0s.put.disk:10;1s.put.in:1;1s.put.disk:19;1s.ph;PFDS:21;0s.put.out:10;PFDS:23;body;rs12_7.sel:1/not found;rs11_7.sel:2/not found;rdb.g/no such key;DBD/404;v4.get/Document not found;rs12_7.ins:11;rwro.ins:15;RS:16;rs.put:16;rs-upload.putFile:41;UP:43, xvia:, host:up-z1.qbox.me, path:/, ip:222.222.95.22, port:80, duration:9725 s, time:1530063165, sent:1345550,error:null}token: -uNORE8AccnhnSt0utAuUrtmJcugo8BDDJeIk2R3:Qam-Wo953kSqR3ySSkGxEVz7M6c=:eyJzY29wZSI6InFkZmFjZXN0b3JlIiwiZGVhZGxpbmUiOjE1MzAwNjM0NTJ9
06-27 09:32:45.917 5912-12267/com.qiniu.motiondetect E/CameraActivity: http://123.59.185.101:8080/api/v10/smartClient/uploadDetectInfo?uuid=acd1d5d5f9a749638585ff6983533654&deviceId=605978411&targetType=2&collectTime=1530063165917&vidUrl=20180627_vid_1530063155183&imgUrl=
06-27 09:32:46.506 5912-12263/com.qiniu.motiondetect E/CameraActivity: onSaveVideoSuccess
06-27 09:32:46.509 5912-6187/com.qiniu.motiondetect E/CameraActivity: handleMessage...
    http://123.59.185.101:8080/api/v10/smartClient/getToken?deviceId=605978411
06-27 09:32:46.755 5912-6187/com.qiniu.motiondetect E/CameraActivity: token: -uNORE8AccnhnSt0utAuUrtmJcugo8BDDJeIk2R3:r-S5JKnSv-9tOtL2htLTd-eHjZA=:eyJzY29wZSI6InFkZmFjZXN0b3JlIiwiZGVhZGxpbmUiOjE1MzAwNjM0NjJ9
06-27 09:32:46.757 5912-6187/com.qiniu.motiondetect E/CameraActivity: uploadVideo
06-27 09:32:49.196 5912-5912/com.qiniu.motiondetect E/CameraActivity: Start record: 1530063169196
06-27 09:32:50.529 5912-5912/com.qiniu.motiondetect E/CameraActivity: {ver:7.3.11,ResponseInfo:153006214825061,status:614, reqId:VVMAAK8Wp-xY4DsV, xlog:body:2;0s.ph;0s.put.in:1;0s.put.disk:11;1s.put.in:2;1s.put.disk:9;1s.ph;PFDS:13;0s.put.out:10;PFDS:14;body;rs12_7.sel:2;rwro.ins:2/file exists;MQ;RS.not:;RS:2/614;rs.put:3/file exists;rs-upload:;UP:22/614, xvia:, host:up-z1.qbox.me, path:/, ip:222.222.95.22, port:80, duration:3709 s, time:1530063170, sent:1358597,error:file exists}token: -uNORE8AccnhnSt0utAuUrtmJcugo8BDDJeIk2R3:r-S5JKnSv-9tOtL2htLTd-eHjZA=:eyJzY29wZSI6InFkZmFjZXN0b3JlIiwiZGVhZGxpbmUiOjE1MzAwNjM0NjJ9
    uploadVideo
06-27 09:32:54.346 5912-5912/com.qiniu.motiondetect E/CameraActivity: {ver:7.3.11,ResponseInfo:153006214825061,status:614, reqId:2HAAAKJIRdJZ4DsV, xlog:body:3;0s.ph;0s.put.in:1;0s.put.disk:13;1s.put.in:1;1s.put.disk:13;1s.ph;PFDS:15;0s.put.out:11;PFDS:17;body;rs12_7.sel:2;rwro.ins:2/file exists;MQ;RS.not:;RS:2/614;rs.put:3/file exists;rs-upload:;UP:26/614, xvia:, host:up-z1.qbox.me, path:/, ip:222.222.95.22, port:80, duration:3798 s, time:1530063174, sent:1358597,error:file exists}token: -uNORE8AccnhnSt0utAuUrtmJcugo8BDDJeIk2R3:r-S5JKnSv-9tOtL2htLTd-eHjZA=:eyJzY29wZSI6InFkZmFjZXN0b3JlIiwiZGVhZGxpbmUiOjE1MzAwNjM0NjJ9
    Upload failed
06-27 09:32:59.214 5912-5912/com.qiniu.motiondetect E/CameraActivity: current length: 10018 isMoving: true
06-27 09:33:00.447 5912-12336/com.qiniu.motiondetect E/CameraActivity: onSaveVideoSuccess
06-27 09:33:00.448 5912-6187/com.qiniu.motiondetect E/CameraActivity: handleMessage...
    http://123.59.185.101:8080/api/v10/smartClient/getToken?deviceId=605978411
06-27 09:33:00.576 5912-6187/com.qiniu.motiondetect E/CameraActivity: token: -uNORE8AccnhnSt0utAuUrtmJcugo8BDDJeIk2R3:SpYL3cwRuQjXmjlWWOGdg2KL124=:eyJzY29wZSI6InFkZmFjZXN0b3JlIiwiZGVhZGxpbmUiOjE1MzAwNjM0NzZ9
06-27 09:33:00.578 5912-6187/com.qiniu.motiondetect E/CameraActivity: uploadVideo
06-27 09:33:04.063 5912-5912/com.qiniu.motiondetect E/CameraActivity: Start record: 1530063184063
06-27 09:33:06.456 5912-5912/com.qiniu.motiondetect E/CameraActivity: {ver:7.3.11,ResponseInfo:153006214825061,status:200, reqId:7i4AAGPD9KNc4DsV, xlog:body:1;0s.ph;0s.put.in:1;0s.put.disk:11;1s.put.in:1;1s.put.disk:19;1s.ph;PFDS:22;0s.put.out:9;PFDS:23;body;rs12_4.sel:2/not found;rs11_4.sel:1/not found;rdb.g/no such key;DBD/404;v4.get/Document not found;rs12_4.ins:6;rwro.ins:11;RS:11;rs.put:11;rs-upload.putFile:36;UP:37, xvia:, host:up-z1.qbox.me, path:/, ip:222.222.95.22, port:80, duration:5861 s, time:1530063186, sent:1336407,error:null}token: -uNORE8AccnhnSt0utAuUrtmJcugo8BDDJeIk2R3:SpYL3cwRuQjXmjlWWOGdg2KL124=:eyJzY29wZSI6InFkZmFjZXN0b3JlIiwiZGVhZGxpbmUiOjE1MzAwNjM0NzZ9
06-27 09:33:06.462 5912-12380/com.qiniu.motiondetect E/CameraActivity: http://123.59.185.101:8080/api/v10/smartClient/uploadDetectInfo?uuid=4d81b4efcfb74d8dbc6926534309f3b0&deviceId=605978411&targetType=2&collectTime=1530063186462&vidUrl=20180627_vid_1530063169196&imgUrl=
06-27 09:33:14.064 5912-5912/com.qiniu.motiondetect E/CameraActivity: current length: 10001 isMoving: true
06-27 09:33:15.423 5912-12417/com.qiniu.motiondetect E/CameraActivity: onSaveVideoSuccess
06-27 09:33:15.424 5912-6187/com.qiniu.motiondetect E/CameraActivity: handleMessage...
    http://123.59.185.101:8080/api/v10/smartClient/getToken?deviceId=605978411
06-27 09:33:15.658 5912-6187/com.qiniu.motiondetect E/CameraActivity: token: -uNORE8AccnhnSt0utAuUrtmJcugo8BDDJeIk2R3:Y-DusrQ-nGMhwe5LjTvSZ9viYeM=:eyJzY29wZSI6InFkZmFjZXN0b3JlIiwiZGVhZGxpbmUiOjE1MzAwNjM0OTF9
06-27 09:33:15.659 5912-6187/com.qiniu.motiondetect E/CameraActivity: uploadVideo
06-27 09:33:17.323 5912-5912/com.qiniu.motiondetect E/CameraActivity: Start record: 1530063197323
06-27 09:33:21.193 5912-5912/com.qiniu.motiondetect E/CameraActivity: {ver:7.3.11,ResponseInfo:153006214825061,status:200, reqId:7i4AAI5TZxJg4DsV, xlog:body:1;0s.ph;0s.put.in:1;0s.put.disk:14;1s.put.in:2;1s.put.disk:18;1s.ph;PFDS:21;0s.put.out:11;PFDS:23;body;rs12_10.sel:1/not found;rs11_10.sel:2/not found;rdb.g/no such key;DBD/404;v4.get/Document not found;rs12_10.ins:3;rwro.ins:8;RS:8;rs.put:8;rs-upload.putFile:32;UP:34, xvia:, host:up-z1.qbox.me, path:/, ip:222.222.95.22, port:80, duration:5504 s, time:1530063201, sent:1344265,error:null}token: -uNORE8AccnhnSt0utAuUrtmJcugo8BDDJeIk2R3:Y-DusrQ-nGMhwe5LjTvSZ9viYeM=:eyJzY29wZSI6InFkZmFjZXN0b3JlIiwiZGVhZGxpbmUiOjE1MzAwNjM0OTF9
06-27 09:33:21.194 5912-12459/com.qiniu.motiondetect E/CameraActivity: http://123.59.185.101:8080/api/v10/smartClient/uploadDetectInfo?uuid=a3744505b66c4bbea98b9361c4d90115&deviceId=605978411&targetType=2&collectTime=1530063201194&vidUrl=20180627_vid_1530063184063&imgUrl=
06-27 09:33:27.325 5912-5912/com.qiniu.motiondetect E/CameraActivity: current length: 10001 isMoving: false
06-27 09:33:28.538 5912-12487/com.qiniu.motiondetect E/CameraActivity: onSaveVideoSuccess
06-27 09:33:28.539 5912-6187/com.qiniu.motiondetect E/CameraActivity: handleMessage...
06-27 09:33:28.540 5912-6187/com.qiniu.motiondetect E/CameraActivity: http://123.59.185.101:8080/api/v10/smartClient/getToken?deviceId=605978411
06-27 09:33:28.796 5912-6187/com.qiniu.motiondetect E/CameraActivity: token: -uNORE8AccnhnSt0utAuUrtmJcugo8BDDJeIk2R3:kpDXP02OdIel-UQvBT3NAaaC6-c=:eyJzY29wZSI6InFkZmFjZXN0b3JlIiwiZGVhZGxpbmUiOjE1MzAwNjM1MDR9
06-27 09:33:28.797 5912-6187/com.qiniu.motiondetect E/CameraActivity: uploadVideo
06-27 09:33:30.353 5912-5912/com.qiniu.motiondetect E/CameraActivity: Start record: 1530063210353
06-27 09:33:35.135 5912-5912/com.qiniu.motiondetect E/CameraActivity: {ver:7.3.11,ResponseInfo:153006214825061,status:200, reqId:JT0AAEOPTFFj4DsV, xlog:body:2;0s.ph;0s.put.in:1;0s.put.disk:11;1s.put.in:1;1s.put.disk:10;1s.ph;PFDS:12;0s.put.out:10;PFDS:14;body;rs12_1.sel:2/not found;rs11_1.sel:2/not found;rdb.g/no such key;DBD/404;v4.get/Document not found;rs12_1.ins:7;rwro.ins:12;RS:12;rs.put:12;rs-upload.putFile:27;UP:32, xvia:, host:up-z1.qbox.me, path:/, ip:222.222.95.22, port:80, duration:6311 s, time:1530063215, sent:1350744,error:null}token: -uNORE8AccnhnSt0utAuUrtmJcugo8BDDJeIk2R3:kpDXP02OdIel-UQvBT3NAaaC6-c=:eyJzY29wZSI6InFkZmFjZXN0b3JlIiwiZGVhZGxpbmUiOjE1MzAwNjM1MDR9
06-27 09:33:35.136 5912-12535/com.qiniu.motiondetect E/CameraActivity: http://123.59.185.101:8080/api/v10/smartClient/uploadDetectInfo?uuid=d7d952581fca4782a0fc21e58c3b8d35&deviceId=605978411&targetType=2&collectTime=1530063215136&vidUrl=20180627_vid_1530063197323&imgUrl=
06-27 09:33:40.355 5912-5912/com.qiniu.motiondetect E/CameraActivity: current length: 10002 isMoving: false
06-27 09:33:41.513 5912-12558/com.qiniu.motiondetect E/CameraActivity: onSaveVideoSuccess
06-27 09:33:41.514 5912-6187/com.qiniu.motiondetect E/CameraActivity: handleMessage...
06-27 09:33:41.514 5912-6187/com.qiniu.motiondetect E/CameraActivity: http://123.59.185.101:8080/api/v10/smartClient/getToken?deviceId=605978411
06-27 09:33:41.768 5912-6187/com.qiniu.motiondetect E/CameraActivity: token: -uNORE8AccnhnSt0utAuUrtmJcugo8BDDJeIk2R3:hCuAr8WBloEKIb9Cnx6IovSPEZ0=:eyJzY29wZSI6InFkZmFjZXN0b3JlIiwiZGVhZGxpbmUiOjE1MzAwNjM1MTd9
06-27 09:33:41.769 5912-6187/com.qiniu.motiondetect E/CameraActivity: uploadVideo
06-27 09:33:43.174 5912-5912/com.qiniu.motiondetect E/CameraActivity: Start record: 1530063223174
06-27 09:33:46.095 5912-5912/com.qiniu.motiondetect E/CameraActivity: {ver:7.3.11,ResponseInfo:153006214825061,status:200, reqId:7i4AAA0sit5l4DsV, xlog:body:1;0s.ph;0s.put.in:1;0s.put.disk:14;1s.put.in:1;1s.put.disk:19;1s.ph;PFDS:22;0s.put.out:8;PFDS:24;body;rs12_10.sel:1/not found;rs11_10.sel:2/not found;rdb.g/no such key;DBD/404;v4.get/Document not found;rs12_10.ins:6;rwro.ins:11;RS:11;rs.put:11;rs-upload.putFile:36;UP:38, xvia:, host:up-z1.qbox.me, path:/, ip:222.222.95.22, port:80, duration:4308 s, time:1530063226, sent:1352679,error:null}token: -uNORE8AccnhnSt0utAuUrtmJcugo8BDDJeIk2R3:hCuAr8WBloEKIb9Cnx6IovSPEZ0=:eyJzY29wZSI6InFkZmFjZXN0b3JlIiwiZGVhZGxpbmUiOjE1MzAwNjM1MTd9
06-27 09:33:46.104 5912-12596/com.qiniu.motiondetect E/CameraActivity: http://123.59.185.101:8080/api/v10/smartClient/uploadDetectInfo?uuid=33454248ba9e4442af49ae0dc3b5b5bc&deviceId=605978411&targetType=2&collectTime=1530063226104&vidUrl=20180627_vid_1530063210353&imgUrl=
06-27 09:33:53.185 5912-5912/com.qiniu.motiondetect E/CameraActivity: current length: 10011 isMoving: false
06-27 09:33:54.398 5912-12629/com.qiniu.motiondetect E/CameraActivity: onSaveVideoSuccess
06-27 09:33:54.399 5912-6187/com.qiniu.motiondetect E/CameraActivity: handleMessage...
    http://123.59.185.101:8080/api/v10/smartClient/getToken?deviceId=605978411
06-27 09:33:54.642 5912-6187/com.qiniu.motiondetect E/CameraActivity: token: -uNORE8AccnhnSt0utAuUrtmJcugo8BDDJeIk2R3:VWQr5IzvcvKfZfym2hCSpvKUMwg=:eyJzY29wZSI6InFkZmFjZXN0b3JlIiwiZGVhZGxpbmUiOjE1MzAwNjM1MzB9
06-27 09:33:54.644 5912-6187/com.qiniu.motiondetect E/CameraActivity: uploadVideo
06-27 09:33:55.155 5912-5912/com.qiniu.motiondetect E/CameraActivity: Start record: 1530063235154
06-27 09:33:59.497 5912-5912/com.qiniu.motiondetect E/CameraActivity: {ver:7.3.11,ResponseInfo:153006214825061,status:200, reqId:A30AAC71ZP1o4DsV, xlog:body:2;0s.ph;0s.put.in:1;0s.put.disk:12;1s.put.in:2;1s.put.disk:13;1s.ph;PFDS:17;0s.put.out:11;PFDS:18;body;rs12_11.sel:2/not found;rs11_11.sel:2/not found;rdb.g/no such key;DBD/404;v4.get/Document not found;rs12_11.ins:8;rwro.ins:13;RS:14;rs.put:15;rs-upload.putFile:34;UP:39, xvia:, host:up-z1.qbox.me, path:/, ip:222.222.95.22, port:80, duration:4835 s, time:1530063239, sent:1346267,error:null}token: -uNORE8AccnhnSt0utAuUrtmJcugo8BDDJeIk2R3:VWQr5IzvcvKfZfym2hCSpvKUMwg=:eyJzY29wZSI6InFkZmFjZXN0b3JlIiwiZGVhZGxpbmUiOjE1MzAwNjM1MzB9
06-27 09:33:59.498 5912-12670/com.qiniu.motiondetect E/CameraActivity: http://123.59.185.101:8080/api/v10/smartClient/uploadDetectInfo?uuid=857b9bd89d724fe3af5919df67107734&deviceId=605978411&targetType=2&collectTime=1530063239498&vidUrl=20180627_vid_1530063223174&imgUrl=
06-27 09:34:05.157 5912-5912/com.qiniu.motiondetect E/CameraActivity: current length: 10002 isMoving: false
06-27 09:34:06.332 5912-12695/com.qiniu.motiondetect E/CameraActivity: onSaveVideoSuccess
06-27 09:34:06.333 5912-6187/com.qiniu.motiondetect E/CameraActivity: handleMessage...
    http://123.59.185.101:8080/api/v10/smartClient/getToken?deviceId=605978411
06-27 09:34:06.646 5912-6187/com.qiniu.motiondetect E/CameraActivity: token: -uNORE8AccnhnSt0utAuUrtmJcugo8BDDJeIk2R3:lzBz0ay_IS4u1wDtNSNJzBDpfIg=:eyJzY29wZSI6InFkZmFjZXN0b3JlIiwiZGVhZGxpbmUiOjE1MzAwNjM1NDJ9
06-27 09:34:06.647 5912-6187/com.qiniu.motiondetect E/CameraActivity: uploadVideo
06-27 09:34:09.125 5912-5912/com.qiniu.motiondetect E/CameraActivity: Start record: 1530063249124
06-27 09:34:12.797 5912-5912/com.qiniu.motiondetect E/CameraActivity: {ver:7.3.11,ResponseInfo:153006214825061,status:200, reqId:7i4AAJBFkRNs4DsV, xlog:body:1;0s.ph;0s.put.in:1;0s.put.disk:11;1s.put.in:1;1s.put.disk:11;1s.ph;PFDS:15;0s.put.out:10;PFDS:15;body;rs12_9.sel:2/not found;rs11_9.sel:2/not found;rdb.g/no such key;DBD/404;v4.get/Document not found;rs12_9.ins:8;rwro.ins:13;RS:13;rs.put:14;rs-upload.putFile:30;UP:32, xvia:, host:up-z1.qbox.me, path:/, ip:222.222.95.22, port:80, duration:6076 s, time:1530063252, sent:1341077,error:null}token: -uNORE8AccnhnSt0utAuUrtmJcugo8BDDJeIk2R3:lzBz0ay_IS4u1wDtNSNJzBDpfIg=:eyJzY29wZSI6InFkZmFjZXN0b3JlIiwiZGVhZGxpbmUiOjE1MzAwNjM1NDJ9
06-27 09:34:12.798 5912-12741/com.qiniu.motiondetect E/CameraActivity: http://123.59.185.101:8080/api/v10/smartClient/uploadDetectInfo?uuid=cdc95f81585948f8a2dfccd55d7c79c2&deviceId=605978411&targetType=2&collectTime=1530063252798&vidUrl=20180627_vid_1530063235155&imgUrl=
06-27 09:34:19.125 5912-5912/com.qiniu.motiondetect E/CameraActivity: current length: 10000 isMoving: false
06-27 09:34:20.266 5912-12768/com.qiniu.motiondetect E/CameraActivity: onSaveVideoSuccess
06-27 09:34:20.267 5912-6187/com.qiniu.motiondetect E/CameraActivity: handleMessage...
    http://123.59.185.101:8080/api/v10/smartClient/getToken?deviceId=605978411
06-27 09:34:20.331 5912-5912/com.qiniu.motiondetect E/CameraActivity: Start record: 1530063260331
06-27 09:34:20.488 5912-6187/com.qiniu.motiondetect E/CameraActivity: token: -uNORE8AccnhnSt0utAuUrtmJcugo8BDDJeIk2R3:3rM4fAxpqAgH5Gz5-utV1IbLeOI=:eyJzY29wZSI6InFkZmFjZXN0b3JlIiwiZGVhZGxpbmUiOjE1MzAwNjM1NTZ9
06-27 09:34:20.489 5912-6187/com.qiniu.motiondetect E/CameraActivity: uploadVideo
06-27 09:34:24.656 5912-5912/com.qiniu.motiondetect E/CameraActivity: {ver:7.3.11,ResponseInfo:153006214825061,status:200, reqId:DVsAALFFEtlu4DsV, xlog:body:4;0s.ph;0s.put.in:1;0s.put.disk:15;1s.put.in:1;1s.put.disk:14;1s.ph;PFDS:17;0s.put.out:14;PFDS:19;body;rs12_11.sel:1/not found;rs11_11.sel:2/not found;rdb.g/no such key;DBD/404;v4.get/Document not found;rs12_11.ins:5;rwro.ins:10;RS:10;rs.put:10;rs-upload.putFile:31;UP:37, xvia:, host:up-z1.qbox.me, path:/, ip:222.222.95.22, port:80, duration:4148 s, time:1530063264, sent:1342755,error:null}token: -uNORE8AccnhnSt0utAuUrtmJcugo8BDDJeIk2R3:3rM4fAxpqAgH5Gz5-utV1IbLeOI=:eyJzY29wZSI6InFkZmFjZXN0b3JlIiwiZGVhZGxpbmUiOjE1MzAwNjM1NTZ9
06-27 09:34:24.658 5912-12805/com.qiniu.motiondetect E/CameraActivity: http://123.59.185.101:8080/api/v10/smartClient/uploadDetectInfo?uuid=07247ab31a2d47b9948e2104fd72ca7d&deviceId=605978411&targetType=2&collectTime=1530063264658&vidUrl=20180627_vid_1530063260331&imgUrl=
06-27 09:34:30.333 5912-5912/com.qiniu.motiondetect E/CameraActivity: current length: 10002 isMoving: false
06-27 09:34:31.467 5912-12833/com.qiniu.motiondetect E/CameraActivity: onSaveVideoSuccess
06-27 09:34:31.468 5912-6187/com.qiniu.motiondetect E/CameraActivity: handleMessage...
    http://123.59.185.101:8080/api/v10/smartClient/getToken?deviceId=605978411
06-27 09:34:31.731 5912-6187/com.qiniu.motiondetect E/CameraActivity: token: -uNORE8AccnhnSt0utAuUrtmJcugo8BDDJeIk2R3:4scFtakOpmqUSAL_2yK2KMAUyvA=:eyJzY29wZSI6InFkZmFjZXN0b3JlIiwiZGVhZGxpbmUiOjE1MzAwNjM1Njd9
06-27 09:34:31.732 5912-6187/com.qiniu.motiondetect E/CameraActivity: uploadVideo
06-27 09:34:32.365 5912-5912/com.qiniu.motiondetect E/CameraActivity: Start record: 1530063272365
06-27 09:34:35.483 5912-5912/com.qiniu.motiondetect E/CameraActivity: {ver:7.3.11,ResponseInfo:153006214825061,status:614, reqId:jjMAAGjxKl1x4DsV, xlog:body:4;0s.ph;0s.put.in:1;0s.put.disk:24;1s.put.in:1;1s.put.disk:32;1s.ph;PFDS:34;0s.put.out:16;PFDS:41;body;rs12_11.sel:2;rwro.ins:2/file exists;MQ;RS.not:;RS:2/614;rs.put:3/file exists;rs-upload:;UP:53/614, xvia:, host:up-z1.qbox.me, path:/, ip:222.222.95.22, port:80, duration:3732 s, time:1530063275, sent:1348344,error:file exists}token: -uNORE8AccnhnSt0utAuUrtmJcugo8BDDJeIk2R3:4scFtakOpmqUSAL_2yK2KMAUyvA=:eyJzY29wZSI6InFkZmFjZXN0b3JlIiwiZGVhZGxpbmUiOjE1MzAwNjM1Njd9
    uploadVideo
06-27 09:34:39.937 5912-5912/com.qiniu.motiondetect E/CameraActivity: {ver:7.3.11,ResponseInfo:153006214825061,status:614, reqId:fysAAJ2gGWhy4DsV, xlog:body:3;0s.ph;0s.put.in:1;0s.put.disk:11;1s.put.in:2;1s.put.disk:9;1s.ph;PFDS:13;0s.put.out:10;PFDS:14;body;rs12_11.sel:2;rwro.ins:2/file exists;MQ;RS.not:;RS:2/614;rs.put:3/file exists;rs-upload:;UP:22/614, xvia:, host:up-z1.qbox.me, path:/, ip:222.222.95.22, port:80, duration:4425 s, time:1530063279, sent:1348344,error:file exists}token: -uNORE8AccnhnSt0utAuUrtmJcugo8BDDJeIk2R3:4scFtakOpmqUSAL_2yK2KMAUyvA=:eyJzY29wZSI6InFkZmFjZXN0b3JlIiwiZGVhZGxpbmUiOjE1MzAwNjM1Njd9
    Upload failed
06-27 09:34:42.379 5912-5912/com.qiniu.motiondetect E/CameraActivity: current length: 10013 isMoving: true
06-27 09:34:43.653 5912-12902/com.qiniu.motiondetect E/CameraActivity: onSaveVideoSuccess
06-27 09:34:43.655 5912-6187/com.qiniu.motiondetect E/CameraActivity: handleMessage...
    http://123.59.185.101:8080/api/v10/smartClient/getToken?deviceId=605978411
06-27 09:34:44.864 5912-6187/com.qiniu.motiondetect E/CameraActivity: token: -uNORE8AccnhnSt0utAuUrtmJcugo8BDDJeIk2R3:oB6oy57cOFgrh7rM0rXJXWZS_xQ=:eyJzY29wZSI6InFkZmFjZXN0b3JlIiwiZGVhZGxpbmUiOjE1MzAwNjM1ODF9
06-27 09:34:44.865 5912-6187/com.qiniu.motiondetect E/CameraActivity: uploadVideo
06-27 09:34:47.344 5912-5912/com.qiniu.motiondetect E/CameraActivity: Start record: 1530063287344
06-27 09:34:51.633 5912-5912/com.qiniu.motiondetect E/CameraActivity: {ver:7.3.11,ResponseInfo:153006214825061,status:200, reqId:7i4AAIQ5MSF14DsV, xlog:body:1;0s.ph;0s.put.in:1;0s.put.disk:13;1s.put.in:1;1s.put.disk:13;1s.ph;PFDS:16;0s.put.out:10;PFDS:20;body;rs12_10.sel:2/not found;rs11_10.sel:2/not found;rdb.g/no such key;DBD/404;v4.get/Document not found;rs12_10.ins:3;rwro.ins:8;RS:8;rs.put:8;rs-upload.putFile:29;UP:31, xvia:, host:up-z1.qbox.me, path:/, ip:222.222.95.22, port:80, duration:6746 s, time:1530063291, sent:1343777,error:null}token: -uNORE8AccnhnSt0utAuUrtmJcugo8BDDJeIk2R3:oB6oy57cOFgrh7rM0rXJXWZS_xQ=:eyJzY29wZSI6InFkZmFjZXN0b3JlIiwiZGVhZGxpbmUiOjE1MzAwNjM1ODF9
06-27 09:34:51.636 5912-12951/com.qiniu.motiondetect E/CameraActivity: http://123.59.185.101:8080/api/v10/smartClient/uploadDetectInfo?uuid=96ff1a7ee5d94160a0a0c973873b20ad&deviceId=605978411&targetType=2&collectTime=1530063291636&vidUrl=20180627_vid_1530063272366&imgUrl=
06-27 09:34:57.373 5912-5912/com.qiniu.motiondetect E/CameraActivity: current length: 10029 isMoving: false
06-27 09:34:58.553 5912-12979/com.qiniu.motiondetect E/CameraActivity: onSaveVideoSuccess
06-27 09:34:58.555 5912-6187/com.qiniu.motiondetect E/CameraActivity: handleMessage...
    http://123.59.185.101:8080/api/v10/smartClient/getToken?deviceId=605978411
06-27 09:34:58.804 5912-6187/com.qiniu.motiondetect E/CameraActivity: token: -uNORE8AccnhnSt0utAuUrtmJcugo8BDDJeIk2R3:MgJtL-2SR2XzzVP5-DwSLlVQKo8=:eyJzY29wZSI6InFkZmFjZXN0b3JlIiwiZGVhZGxpbmUiOjE1MzAwNjM1OTV9
06-27 09:34:58.806 5912-6187/com.qiniu.motiondetect E/CameraActivity: uploadVideo
06-27 09:34:59.053 5912-5912/com.qiniu.motiondetect E/CameraActivity: Start record: 1530063299053
06-27 09:35:04.834 5912-5912/com.qiniu.motiondetect E/CameraActivity: {ver:7.3.11,ResponseInfo:153006214825061,status:200, reqId:7i4AAMwO5TN44DsV, xlog:body:1;0s.ph;0s.put.in:1;0s.put.disk:15;1s.put.in:1;1s.put.disk:18;1s.ph;PFDS:20;0s.put.out:12;PFDS:22;body;rs12_8.sel:1/not found;rs11_8.sel:2/not found;rdb.g/no such key;DBD/404;v4.get/Document not found;rs12_8.ins:3;rwro.ins:7;RS:7;rs.put:10;rs-upload.putFile:33;UP:35, xvia:, host:up-z1.qbox.me, path:/, ip:222.222.95.22, port:80, duration:6012 s, time:1530063304, sent:1345242,error:null}token: -uNORE8AccnhnSt0utAuUrtmJcugo8BDDJeIk2R3:MgJtL-2SR2XzzVP5-DwSLlVQKo8=:eyJzY29wZSI6InFkZmFjZXN0b3JlIiwiZGVhZGxpbmUiOjE1MzAwNjM1OTV9
06-27 09:35:04.837 5912-13020/com.qiniu.motiondetect E/CameraActivity: http://123.59.185.101:8080/api/v10/smartClient/uploadDetectInfo?uuid=539dd6804f444d7cb19de2e7daba30b0&deviceId=605978411&targetType=2&collectTime=1530063304837&vidUrl=20180627_vid_1530063287344&imgUrl=
06-27 09:35:09.062 5912-5912/com.qiniu.motiondetect E/CameraActivity: current length: 10009 isMoving: true
06-27 09:35:10.285 5912-13042/com.qiniu.motiondetect E/CameraActivity: onSaveVideoSuccess
06-27 09:35:10.286 5912-6187/com.qiniu.motiondetect E/CameraActivity: handleMessage...
    http://123.59.185.101:8080/api/v10/smartClient/getToken?deviceId=605978411
06-27 09:35:10.351 5912-5912/com.qiniu.motiondetect E/CameraActivity: Start record: 1530063310351
06-27 09:35:10.604 5912-6187/com.qiniu.motiondetect E/CameraActivity: token: -uNORE8AccnhnSt0utAuUrtmJcugo8BDDJeIk2R3:jXAqFJSLSeKfu_mnLtLlno1AerY=:eyJzY29wZSI6InFkZmFjZXN0b3JlIiwiZGVhZGxpbmUiOjE1MzAwNjM2MDZ9
06-27 09:35:10.606 5912-6187/com.qiniu.motiondetect E/CameraActivity: uploadVideo
06-27 09:35:14.456 5912-5912/com.qiniu.motiondetect E/CameraActivity: {ver:7.3.11,ResponseInfo:153006214825061,status:200, reqId:DVsAAE4EwnB64DsV, xlog:body:2;0s.ph;0s.put.in:1;0s.put.disk:11;1s.put.in:1;1s.put.disk:29;1s.ph;PFDS:31;0s.put.out:10;PFDS:32;body;rs12_5.sel:2/not found;rs11_5.sel:2/not found;rdb.g/no such key;DBD/404;v4.get/Document not found;rs12_5.ins:4;rwro.ins:9;RS:9;rs.put:10;rs-upload.putFile:43;UP:46, xvia:, host:up-z1.qbox.me, path:/, ip:222.222.95.22, port:80, duration:3826 s, time:1530063314, sent:1347380,error:null}token: -uNORE8AccnhnSt0utAuUrtmJcugo8BDDJeIk2R3:jXAqFJSLSeKfu_mnLtLlno1AerY=:eyJzY29wZSI6InFkZmFjZXN0b3JlIiwiZGVhZGxpbmUiOjE1MzAwNjM2MDZ9
06-27 09:35:14.457 5912-13079/com.qiniu.motiondetect E/CameraActivity: http://123.59.185.101:8080/api/v10/smartClient/uploadDetectInfo?uuid=e32f49c894c94b32aca291e9d4477f6b&deviceId=605978411&targetType=2&collectTime=1530063314457&vidUrl=20180627_vid_1530063310351&imgUrl=
06-27 09:35:20.354 5912-5912/com.qiniu.motiondetect E/CameraActivity: current length: 10003 isMoving: true
06-27 09:35:21.486 5912-13106/com.qiniu.motiondetect E/CameraActivity: onSaveVideoSuccess
06-27 09:35:21.487 5912-6187/com.qiniu.motiondetect E/CameraActivity: handleMessage...
    http://123.59.185.101:8080/api/v10/smartClient/getToken?deviceId=605978411
06-27 09:35:21.787 5912-6187/com.qiniu.motiondetect E/CameraActivity: token: -uNORE8AccnhnSt0utAuUrtmJcugo8BDDJeIk2R3:y2ufxmT4DE-a8KPJ5VwQYrGQuQg=:eyJzY29wZSI6InFkZmFjZXN0b3JlIiwiZGVhZGxpbmUiOjE1MzAwNjM2MTd9
06-27 09:35:21.788 5912-6187/com.qiniu.motiondetect E/CameraActivity: uploadVideo
06-27 09:35:23.092 5912-5912/com.qiniu.motiondetect E/CameraActivity: Start record: 1530063323092
06-27 09:35:25.518 5912-5912/com.qiniu.motiondetect E/CameraActivity: {ver:7.3.11,ResponseInfo:153006214825061,status:614, reqId:7i4AABQj7wR94DsV, xlog:body:1;0s.ph;0s.put.in:1;0s.put.disk:12;1s.put.in:2;1s.put.disk:11;1s.ph;PFDS:15;0s.put.out:9;PFDS:17;body;rs12_5.sel:2;rwro.ins:2/file exists;MQ;RS.not:;RS:2/614;rs.put:2/file exists;rs-upload:;UP:24/614, xvia:, host:up-z1.qbox.me, path:/, ip:222.222.95.22, port:80, duration:3712 s, time:1530063325, sent:1348567,error:file exists}token: -uNORE8AccnhnSt0utAuUrtmJcugo8BDDJeIk2R3:y2ufxmT4DE-a8KPJ5VwQYrGQuQg=:eyJzY29wZSI6InFkZmFjZXN0b3JlIiwiZGVhZGxpbmUiOjE1MzAwNjM2MTd9
    uploadVideo
06-27 09:35:29.215 5912-5912/com.qiniu.motiondetect E/CameraActivity: {ver:7.3.11,ResponseInfo:153006214825061,status:614, reqId:EU8AAHzt9OB94DsV, xlog:body:3;0s.ph;0s.put.in:1;0s.put.disk:10;1s.put.in:1;1s.put.disk:20;1s.ph;PFDS:23;0s.put.out:10;PFDS:26;body;rs12_5.sel:1;rwro.ins:2/file exists;MQ;RS.not:;RS:2/614;rs.put:3/file exists;rs-upload:;UP:35/614, xvia:, host:up-z1.qbox.me, path:/, ip:222.222.95.22, port:80, duration:3676 s, time:1530063329, sent:1348567,error:file exists}token: -uNORE8AccnhnSt0utAuUrtmJcugo8BDDJeIk2R3:y2ufxmT4DE-a8KPJ5VwQYrGQuQg=:eyJzY29wZSI6InFkZmFjZXN0b3JlIiwiZGVhZGxpbmUiOjE1MzAwNjM2MTd9
    Upload failed
06-27 09:35:33.094 5912-5912/com.qiniu.motiondetect E/CameraActivity: current length: 10002 isMoving: false
06-27 09:35:34.329 5912-13176/com.qiniu.motiondetect E/CameraActivity: onSaveVideoSuccess
06-27 09:35:34.330 5912-6187/com.qiniu.motiondetect E/CameraActivity: handleMessage...
    http://123.59.185.101:8080/api/v10/smartClient/getToken?deviceId=605978411
06-27 09:35:34.474 5912-6187/com.qiniu.motiondetect E/CameraActivity: token: -uNORE8AccnhnSt0utAuUrtmJcugo8BDDJeIk2R3:7j_eWoQRqai3etRXSeg68jUajxk=:eyJzY29wZSI6InFkZmFjZXN0b3JlIiwiZGVhZGxpbmUiOjE1MzAwNjM2MzB9
06-27 09:35:34.475 5912-6187/com.qiniu.motiondetect E/CameraActivity: uploadVideo
06-27 09:35:35.139 5912-5912/com.qiniu.motiondetect E/CameraActivity: Start record: 1530063335139
06-27 09:35:38.521 5912-5912/com.qiniu.motiondetect E/CameraActivity: {ver:7.3.11,ResponseInfo:153006214825061,status:200, reqId:7i4AAMGsiAyA4DsV, xlog:body:1;0s.ph;0s.put.in:1;0s.put.disk:11;1s.put.in:2;1s.put.disk:8;1s.ph;PFDS:13;0s.put.out:10;PFDS:15;body;rs12_3.sel/not found;rs11_3.sel:2/not found;rdb.g/no such key;DBD/404;v4.get/Document not found;rs12_3.ins:1;rwro.ins:4;RS:4;rs.put:5;rs-upload.putFile:21;UP:23, xvia:, host:up-z1.qbox.me, path:/, ip:222.222.95.22, port:80, duration:4022 s, time:1530063338, sent:1343037,error:null}token: -uNORE8AccnhnSt0utAuUrtmJcugo8BDDJeIk2R3:7j_eWoQRqai3etRXSeg68jUajxk=:eyJzY29wZSI6InFkZmFjZXN0b3JlIiwiZGVhZGxpbmUiOjE1MzAwNjM2MzB9
06-27 09:35:38.534 5912-13215/com.qiniu.motiondetect E/CameraActivity: http://123.59.185.101:8080/api/v10/smartClient/uploadDetectInfo?uuid=4ca1ff00605e4a848c6656b863c3263f&deviceId=605978411&targetType=2&collectTime=1530063338534&vidUrl=20180627_vid_1530063323092&imgUrl=
06-27 09:35:45.144 5912-5912/com.qiniu.motiondetect E/CameraActivity: current length: 10005 isMoving: false
06-27 09:35:46.328 5912-13244/com.qiniu.motiondetect E/CameraActivity: onSaveVideoSuccess
06-27 09:35:46.329 5912-6187/com.qiniu.motiondetect E/CameraActivity: handleMessage...
    http://123.59.185.101:8080/api/v10/smartClient/getToken?deviceId=605978411
06-27 09:35:46.570 5912-6187/com.qiniu.motiondetect E/CameraActivity: token: -uNORE8AccnhnSt0utAuUrtmJcugo8BDDJeIk2R3:L6uSxua-nduoR5MVIfxwgOr2m6g=:eyJzY29wZSI6InFkZmFjZXN0b3JlIiwiZGVhZGxpbmUiOjE1MzAwNjM2NDJ9
06-27 09:35:46.572 5912-6187/com.qiniu.motiondetect E/CameraActivity: uploadVideo
06-27 09:35:47.408 5912-5912/com.qiniu.motiondetect E/CameraActivity: Start record: 1530063347408
