06-27 09:35:50.489 5912-5912/com.qiniu.motiondetect E/CameraActivity: {ver:7.3.11,ResponseInfo:153006214825061,status:200, reqId:wmMAABYlj9GC4DsV, xlog:body:25;0s.ph;0s.put.in:1;0s.put.disk:28;1s.put.in:1;1s.put.disk:52;1s.ph;PFDS:54;0s.put.out:8;PFDS:55;body;rs12_4.sel:2/not found;rs11_4.sel:2/not found;rdb.g/no such key;DBD/404;v4.get/Document not found;rs12_4.ins:6;rwro.ins:11;RS:11;rs.put:12;rs-upload.putFile:68;UP:95, xvia:, host:up-z1.qbox.me, path:/, ip:222.222.95.22, port:80, duration:3895 s, time:1530063350, sent:1341209,error:null}token: -uNORE8AccnhnSt0utAuUrtmJcugo8BDDJeIk2R3:L6uSxua-nduoR5MVIfxwgOr2m6g=:eyJzY29wZSI6InFkZmFjZXN0b3JlIiwiZGVhZGxpbmUiOjE1MzAwNjM2NDJ9
06-27 09:35:50.492 5912-13280/com.qiniu.motiondetect E/CameraActivity: http://123.59.185.101:8080/api/v10/smartClient/uploadDetectInfo?uuid=68b9d9e7b9c042f59137495c0eeee173&deviceId=605978411&targetType=2&collectTime=1530063350492&vidUrl=20180627_vid_1530063335139&imgUrl=
06-27 09:35:57.416 5912-5912/com.qiniu.motiondetect E/CameraActivity: current length: 10008 isMoving: false
06-27 09:35:58.650 5912-13311/com.qiniu.motiondetect E/CameraActivity: onSaveVideoSuccess
06-27 09:35:58.651 5912-6187/com.qiniu.motiondetect E/CameraActivity: handleMessage...
    http://123.59.185.101:8080/api/v10/smartClient/getToken?deviceId=605978411
06-27 09:35:59.059 5912-6187/com.qiniu.motiondetect E/CameraActivity: token: -uNORE8AccnhnSt0utAuUrtmJcugo8BDDJeIk2R3:Z4kksIrITK9448-epWKIX9mJYZY=:eyJzY29wZSI6InFkZmFjZXN0b3JlIiwiZGVhZGxpbmUiOjE1MzAwNjM2NTV9
06-27 09:35:59.061 5912-6187/com.qiniu.motiondetect E/CameraActivity: uploadVideo
06-27 09:35:59.067 5912-5912/com.qiniu.motiondetect E/CameraActivity: Start record: 1530063359067
06-27 09:36:04.424 5912-5912/com.qiniu.motiondetect E/CameraActivity: {ver:7.3.11,ResponseInfo:153006214825061,status:200, reqId:7i4AANXNrhOG4DsV, xlog:body:1;0s.ph;0s.put.in:1;0s.put.disk:11;1s.put.in:1;1s.put.disk:15;1s.ph;PFDS:18;0s.put.out:10;PFDS:21;body;rs12_6.sel:2/not found;rs11_6.sel:2/not found;rdb.g/no such key;DBD/404;v4.get/Document not found;rs12_6.ins:3;rwro.ins:9;RS:9;rs.put:10;rs-upload.putFile:32;UP:34, xvia:, host:up-z1.qbox.me, path:/, ip:222.222.95.22, port:80, duration:5328 s, time:1530063364, sent:1354570,error:null}token: -uNORE8AccnhnSt0utAuUrtmJcugo8BDDJeIk2R3:Z4kksIrITK9448-epWKIX9mJYZY=:eyJzY29wZSI6InFkZmFjZXN0b3JlIiwiZGVhZGxpbmUiOjE1MzAwNjM2NTV9
06-27 09:36:04.433 5912-13355/com.qiniu.motiondetect E/CameraActivity: http://123.59.185.101:8080/api/v10/smartClient/uploadDetectInfo?uuid=0636b58019e342d98ab4f970d07ede3b&deviceId=605978411&targetType=2&collectTime=1530063364432&vidUrl=20180627_vid_1530063347408&imgUrl=
06-27 09:36:09.070 5912-5912/com.qiniu.motiondetect E/CameraActivity: current length: 10003 isMoving: true
06-27 09:36:10.207 5912-13375/com.qiniu.motiondetect E/CameraActivity: onSaveVideoSuccess
06-27 09:36:10.209 5912-6187/com.qiniu.motiondetect E/CameraActivity: handleMessage...
    http://123.59.185.101:8080/api/v10/smartClient/getToken?deviceId=605978411
06-27 09:36:10.442 5912-6187/com.qiniu.motiondetect E/CameraActivity: token: -uNORE8AccnhnSt0utAuUrtmJcugo8BDDJeIk2R3:7aShHa_HYv4Sd-dX1pjal1CU_yo=:eyJzY29wZSI6InFkZmFjZXN0b3JlIiwiZGVhZGxpbmUiOjE1MzAwNjM2NjZ9
06-27 09:36:10.444 5912-6187/com.qiniu.motiondetect E/CameraActivity: uploadVideo
06-27 09:36:11.206 5912-5912/com.qiniu.motiondetect E/CameraActivity: Start record: 1530063371206
06-27 09:36:14.126 5912-5912/com.qiniu.motiondetect E/CameraActivity: {ver:7.3.11,ResponseInfo:153006214825061,status:200, reqId:7i4AAGp__VKI4DsV, xlog:body:1;0s.ph;0s.put.in:1;0s.put.disk:10;1s.put.in:1;1s.put.disk:9;1s.ph;PFDS:12;0s.put.out:9;PFDS:13;body;rs12_2.sel:2/not found;rs11_2.sel:2/not found;rdb.g/no such key;DBD/404;v4.get/Document not found;rs12_2.ins:8;rwro.ins:12;RS:13;rs.put:13;rs-upload.putFile:28;UP:30, xvia:, host:up-z1.qbox.me, path:/, ip:222.222.95.22, port:80, duration:3634 s, time:1530063374, sent:1351799,error:null}token: -uNORE8AccnhnSt0utAuUrtmJcugo8BDDJeIk2R3:7aShHa_HYv4Sd-dX1pjal1CU_yo=:eyJzY29wZSI6InFkZmFjZXN0b3JlIiwiZGVhZGxpbmUiOjE1MzAwNjM2NjZ9
06-27 09:36:14.132 5912-13413/com.qiniu.motiondetect E/CameraActivity: http://123.59.185.101:8080/api/v10/smartClient/uploadDetectInfo?uuid=2b5b6847069f4ea29ee49866c3ee8f8e&deviceId=605978411&targetType=2&collectTime=1530063374132&vidUrl=20180627_vid_1530063359067&imgUrl=
06-27 09:36:21.223 5912-5912/com.qiniu.motiondetect E/CameraActivity: current length: 10017 isMoving: true
06-27 09:36:22.537 5912-13442/com.qiniu.motiondetect E/CameraActivity: onSaveVideoSuccess
06-27 09:36:22.537 5912-6187/com.qiniu.motiondetect E/CameraActivity: handleMessage...
    http://123.59.185.101:8080/api/v10/smartClient/getToken?deviceId=605978411
06-27 09:36:22.797 5912-6187/com.qiniu.motiondetect E/CameraActivity: token: -uNORE8AccnhnSt0utAuUrtmJcugo8BDDJeIk2R3:GbL0hf9hvkjwVY5UBx9wg7G_eT0=:eyJzY29wZSI6InFkZmFjZXN0b3JlIiwiZGVhZGxpbmUiOjE1MzAwNjM2Nzh9
06-27 09:36:22.800 5912-6187/com.qiniu.motiondetect E/CameraActivity: uploadVideo
06-27 09:36:25.100 5912-5912/com.qiniu.motiondetect E/CameraActivity: Start record: 1530063385100
06-27 09:36:27.632 5912-5912/com.qiniu.motiondetect E/CameraActivity: {ver:7.3.11,ResponseInfo:153006214825061,status:200, reqId:RSUAAJx_3XiL4DsV, xlog:body:4;0s.ph;0s.put.in:1;0s.put.disk:21;1s.put.in:1;1s.put.disk:32;1s.ph;PFDS:34;0s.put.out:9;PFDS:35;body;rs12_7.sel:2/not found;rs11_7.sel:1/not found;rdb.g/no such key;DBD/404;v4.get/Document not found;rs12_7.ins:4;rwro.ins:8;RS:9;rs.put:9;rs-upload.putFile:46;UP:53, xvia:, host:up-z1.qbox.me, path:/, ip:222.222.95.22, port:80, duration:4803 s, time:1530063387, sent:1343734,error:null}token: -uNORE8AccnhnSt0utAuUrtmJcugo8BDDJeIk2R3:GbL0hf9hvkjwVY5UBx9wg7G_eT0=:eyJzY29wZSI6InFkZmFjZXN0b3JlIiwiZGVhZGxpbmUiOjE1MzAwNjM2Nzh9
06-27 09:36:27.634 5912-13483/com.qiniu.motiondetect E/CameraActivity: http://123.59.185.101:8080/api/v10/smartClient/uploadDetectInfo?uuid=fabcec317e9f41e2b98cd1517bc4b23b&deviceId=605978411&targetType=2&collectTime=1530063387634&vidUrl=20180627_vid_1530063371206&imgUrl=
06-27 09:36:35.112 5912-5912/com.qiniu.motiondetect E/CameraActivity: current length: 10012 isMoving: false
06-27 09:36:36.270 5912-13514/com.qiniu.motiondetect E/CameraActivity: onSaveVideoSuccess
06-27 09:36:36.271 5912-6187/com.qiniu.motiondetect E/CameraActivity: handleMessage...
    http://123.59.185.101:8080/api/v10/smartClient/getToken?deviceId=605978411
06-27 09:36:36.601 5912-6187/com.qiniu.motiondetect E/CameraActivity: token: -uNORE8AccnhnSt0utAuUrtmJcugo8BDDJeIk2R3:eV_QJMXzpFycasnV7ZxCX9o-nus=:eyJzY29wZSI6InFkZmFjZXN0b3JlIiwiZGVhZGxpbmUiOjE1MzAwNjM2OTJ9
06-27 09:36:36.602 5912-6187/com.qiniu.motiondetect E/CameraActivity: uploadVideo
06-27 09:36:38.417 5912-5912/com.qiniu.motiondetect E/CameraActivity: Start record: 1530063398417
06-27 09:36:43.694 5912-5912/com.qiniu.motiondetect E/CameraActivity: {ver:7.3.11,ResponseInfo:153006214825061,status:200, reqId:DVsAAE3WtDeP4DsV, xlog:body:4;0s.ph;0s.put.in:1;0s.put.disk:15;1s.put.in:1;1s.put.disk:14;1s.ph;PFDS:16;0s.put.out:7;PFDS:20;body;rs12_1.sel:2/not found;rs11_1.sel:1/not found;rdb.g/no such key;DBD/404;v4.get/Document not found;rs12_1.ins:3;rwro.ins:8;RS:8;rs.put:8;rs-upload.putFile:30;UP:35, xvia:, host:up-z1.qbox.me, path:/, ip:222.222.95.22, port:80, duration:7062 s, time:1530063403, sent:1343062,error:null}token: -uNORE8AccnhnSt0utAuUrtmJcugo8BDDJeIk2R3:eV_QJMXzpFycasnV7ZxCX9o-nus=:eyJzY29wZSI6InFkZmFjZXN0b3JlIiwiZGVhZGxpbmUiOjE1MzAwNjM2OTJ9
06-27 09:36:43.695 5912-13567/com.qiniu.motiondetect E/CameraActivity: http://123.59.185.101:8080/api/v10/smartClient/uploadDetectInfo?uuid=e04f85a6437f4217addd5923015efd51&deviceId=605978411&targetType=2&collectTime=1530063403695&vidUrl=20180627_vid_1530063385100&imgUrl=
06-27 09:36:48.418 5912-5912/com.qiniu.motiondetect E/CameraActivity: current length: 10001 isMoving: true
06-27 09:36:49.581 5912-13591/com.qiniu.motiondetect E/CameraActivity: onSaveVideoSuccess
06-27 09:36:49.585 5912-6187/com.qiniu.motiondetect E/CameraActivity: handleMessage...
    http://123.59.185.101:8080/api/v10/smartClient/getToken?deviceId=605978411
06-27 09:36:49.842 5912-6187/com.qiniu.motiondetect E/CameraActivity: token: -uNORE8AccnhnSt0utAuUrtmJcugo8BDDJeIk2R3:lJMRmCKxSwIPYRH9Xw4fqP-WLjc=:eyJzY29wZSI6InFkZmFjZXN0b3JlIiwiZGVhZGxpbmUiOjE1MzAwNjM3MDZ9
06-27 09:36:49.843 5912-6187/com.qiniu.motiondetect E/CameraActivity: uploadVideo
06-27 09:36:51.130 5912-5912/com.qiniu.motiondetect E/CameraActivity: Start record: 1530063411130
06-27 09:37:01.140 5912-5912/com.qiniu.motiondetect E/CameraActivity: current length: 10010 isMoving: false
06-27 09:37:02.469 5912-13656/com.qiniu.motiondetect E/CameraActivity: onSaveVideoSuccess
06-27 09:37:02.471 5912-6187/com.qiniu.motiondetect E/CameraActivity: handleMessage...
06-27 09:37:02.472 5912-6187/com.qiniu.motiondetect E/CameraActivity: http://123.59.185.101:8080/api/v10/smartClient/getToken?deviceId=605978411
06-27 09:37:03.119 5912-5912/com.qiniu.motiondetect E/CameraActivity: Start record: 1530063423119
06-27 09:37:03.144 5912-6187/com.qiniu.motiondetect E/CameraActivity: token: -uNORE8AccnhnSt0utAuUrtmJcugo8BDDJeIk2R3:4a5xHveIf3LIcB5x6t5W7qmEvBU=:eyJzY29wZSI6InFkZmFjZXN0b3JlIiwiZGVhZGxpbmUiOjE1MzAwNjM3MTl9
06-27 09:37:03.146 5912-6187/com.qiniu.motiondetect E/CameraActivity: uploadVideo
06-27 09:37:03.192 5912-5912/com.qiniu.motiondetect E/CameraActivity: {ver:7.3.11,ResponseInfo:153006214825061,status:200, reqId:jjMAANVkmMGT4DsV, xlog:body:4;0s.ph;0s.put.in:1;0s.put.disk:11;1s.put.in:1;1s.put.disk:11;1s.ph;PFDS:13;0s.put.out:10;PFDS:14;body;rs12_8.sel:2/not found;rs11_8.sel:2/not found;rdb.g/no such key;DBD/404;v4.get/Document not found;rs12_8.ins:5;rwro.ins:10;RS:10;rs.put:11;rs-upload.putFile:27;UP:32, xvia:, host:up-z1.qbox.me, path:/, ip:222.222.95.22, port:80, duration:13320 s, time:1530063423, sent:1351889,error:null}token: -uNORE8AccnhnSt0utAuUrtmJcugo8BDDJeIk2R3:4a5xHveIf3LIcB5x6t5W7qmEvBU=:eyJzY29wZSI6InFkZmFjZXN0b3JlIiwiZGVhZGxpbmUiOjE1MzAwNjM3MTl9
06-27 09:37:03.194 5912-13680/com.qiniu.motiondetect E/CameraActivity: http://123.59.185.101:8080/api/v10/smartClient/uploadDetectInfo?uuid=ce4d4d78c2594954b4c9be046a3908a2&deviceId=605978411&targetType=2&collectTime=1530063423193&vidUrl=20180627_vid_1530063398417&imgUrl=
06-27 09:37:07.232 5912-5912/com.qiniu.motiondetect E/CameraActivity: {ver:7.3.11,ResponseInfo:153006214825061,status:200, reqId:7i4AABc1VLOU4DsV, xlog:body:1;0s.ph;0s.put.in:2;0s.put.disk:11;1s.put.in:1;1s.put.disk:15;1s.ph;PFDS:17;0s.put.out:12;PFDS:19;body;rs12_4.sel:2/not found;rs11_4.sel:2/not found;rdb.g/no such key;DBD/404;v4.get/Document not found;rs12_4.ins:8;rwro.ins:12;RS:13;rs.put:13;rs-upload.putFile:33;UP:35, xvia:, host:up-z1.qbox.me, path:/, ip:222.222.95.22, port:80, duration:3948 s, time:1530063427, sent:1353288,error:null}token: -uNORE8AccnhnSt0utAuUrtmJcugo8BDDJeIk2R3:4a5xHveIf3LIcB5x6t5W7qmEvBU=:eyJzY29wZSI6InFkZmFjZXN0b3JlIiwiZGVhZGxpbmUiOjE1MzAwNjM3MTl9
06-27 09:37:07.246 5912-13699/com.qiniu.motiondetect E/CameraActivity: http://123.59.185.101:8080/api/v10/smartClient/uploadDetectInfo?uuid=8538bb272adb421982b889d8eddc48f4&deviceId=605978411&targetType=2&collectTime=1530063427246&vidUrl=20180627_vid_1530063423119&imgUrl=
06-27 09:37:13.121 5912-5912/com.qiniu.motiondetect E/CameraActivity: current length: 10002 isMoving: true
06-27 09:37:14.379 5912-13724/com.qiniu.motiondetect E/CameraActivity: onSaveVideoSuccess
06-27 09:37:14.380 5912-6187/com.qiniu.motiondetect E/CameraActivity: handleMessage...
    http://123.59.185.101:8080/api/v10/smartClient/getToken?deviceId=605978411
06-27 09:37:14.620 5912-6187/com.qiniu.motiondetect E/CameraActivity: token: -uNORE8AccnhnSt0utAuUrtmJcugo8BDDJeIk2R3:2-UG8sdA6_ZXdOzjXioZhnaFdP8=:eyJzY29wZSI6InFkZmFjZXN0b3JlIiwiZGVhZGxpbmUiOjE1MzAwNjM3MzB9
06-27 09:37:14.621 5912-6187/com.qiniu.motiondetect E/CameraActivity: uploadVideo
06-27 09:37:17.235 5912-5912/com.qiniu.motiondetect E/CameraActivity: {ver:7.3.11,ResponseInfo:153006214825061,status:614, reqId:Gg8AAFO3NQiX4DsV, xlog:body:1;0s.ph;0s.put.in:1;0s.put.disk:11;1s.put.in:1;1s.put.disk:19;1s.ph;PFDS:23;0s.put.out:10;PFDS:24;body;rs12_4.sel:2;rwro.ins:2/file exists;MQ;RS.not:;RS:3/614;rs.put:3/file exists;rs-upload:;UP:31/614, xvia:, host:up-z1.qbox.me, path:/, ip:222.222.95.22, port:80, duration:2597 s, time:1530063437, sent:1348696,error:file exists}token: -uNORE8AccnhnSt0utAuUrtmJcugo8BDDJeIk2R3:2-UG8sdA6_ZXdOzjXioZhnaFdP8=:eyJzY29wZSI6InFkZmFjZXN0b3JlIiwiZGVhZGxpbmUiOjE1MzAwNjM3MzB9
    uploadVideo
06-27 09:37:18.156 5912-5912/com.qiniu.motiondetect E/CameraActivity: Start record: 1530063438156
06-27 09:37:19.819 5912-5912/com.qiniu.motiondetect E/CameraActivity: {ver:7.3.11,ResponseInfo:153006214825061,status:614, reqId:JT0AAFIiUaGX4DsV, xlog:body:2;0s.ph;0s.put.in:1;0s.put.disk:16;1s.put.in:1;1s.put.disk:17;1s.ph;PFDS:19;0s.put.out:8;PFDS:21;body;rs12_4.sel:1;rwro.ins:1/file exists;MQ;RS.not:;RS:2/614;rs.put:2/file exists;rs-upload:;UP:27/614, xvia:, host:up-z1.qbox.me, path:/, ip:222.222.95.22, port:80, duration:2566 s, time:1530063439, sent:1348696,error:file exists}token: -uNORE8AccnhnSt0utAuUrtmJcugo8BDDJeIk2R3:2-UG8sdA6_ZXdOzjXioZhnaFdP8=:eyJzY29wZSI6InFkZmFjZXN0b3JlIiwiZGVhZGxpbmUiOjE1MzAwNjM3MzB9
06-27 09:37:19.820 5912-5912/com.qiniu.motiondetect E/CameraActivity: Upload failed
06-27 09:37:28.158 5912-5912/com.qiniu.motiondetect E/CameraActivity: current length: 10002 isMoving: true
06-27 09:37:29.304 5912-13804/com.qiniu.motiondetect E/CameraActivity: onSaveVideoSuccess
06-27 09:37:29.306 5912-6187/com.qiniu.motiondetect E/CameraActivity: handleMessage...
    http://123.59.185.101:8080/api/v10/smartClient/getToken?deviceId=605978411
06-27 09:37:29.445 5912-6187/com.qiniu.motiondetect E/CameraActivity: token: -uNORE8AccnhnSt0utAuUrtmJcugo8BDDJeIk2R3:06a6f8SBho72jVrrRGoFHap-C3E=:eyJzY29wZSI6InFkZmFjZXN0b3JlIiwiZGVhZGxpbmUiOjE1MzAwNjM3NDV9
06-27 09:37:29.446 5912-6187/com.qiniu.motiondetect E/CameraActivity: uploadVideo
06-27 09:37:31.150 5912-5912/com.qiniu.motiondetect E/CameraActivity: Start record: 1530063451150
06-27 09:37:32.915 5912-5912/com.qiniu.motiondetect E/CameraActivity: {ver:7.3.11,ResponseInfo:153006214825061,status:200, reqId:FBYAAGhOrK6a4DsV, xlog:body:2;0s.ph;0s.put.in:1;0s.put.disk:11;1s.put.in:1;1s.put.disk:11;1s.ph;PFDS:13;0s.put.out:10;PFDS:14;body;rs12_7.sel:2/not found;rs11_7.sel:2/not found;rdb.g/no such key;DBD/404;v4.get/Document not found;rs12_7.ins:5;rwro.ins:9;RS:10;rs.put:10;rs-upload.putFile:26;UP:30, xvia:, host:up-z1.qbox.me, path:/, ip:222.222.95.22, port:80, duration:3449 s, time:1530063452, sent:1349425,error:null}token: -uNORE8AccnhnSt0utAuUrtmJcugo8BDDJeIk2R3:06a6f8SBho72jVrrRGoFHap-C3E=:eyJzY29wZSI6InFkZmFjZXN0b3JlIiwiZGVhZGxpbmUiOjE1MzAwNjM3NDV9
06-27 09:37:32.916 5912-13837/com.qiniu.motiondetect E/CameraActivity: http://123.59.185.101:8080/api/v10/smartClient/uploadDetectInfo?uuid=5f15a01d7b0e4ceba11882b3888718ef&deviceId=605978411&targetType=2&collectTime=1530063452916&vidUrl=20180627_vid_1530063438156&imgUrl=
06-27 09:37:41.159 5912-5912/com.qiniu.motiondetect E/CameraActivity: current length: 10009 isMoving: false
06-27 09:37:42.322 5912-13878/com.qiniu.motiondetect E/CameraActivity: onSaveVideoSuccess
06-27 09:37:42.325 5912-6187/com.qiniu.motiondetect E/CameraActivity: handleMessage...
06-27 09:37:42.326 5912-6187/com.qiniu.motiondetect E/CameraActivity: http://123.59.185.101:8080/api/v10/smartClient/getToken?deviceId=605978411
06-27 09:37:42.386 5912-5912/com.qiniu.motiondetect E/CameraActivity: Start record: 1530063462386
06-27 09:37:42.577 5912-6187/com.qiniu.motiondetect E/CameraActivity: token: -uNORE8AccnhnSt0utAuUrtmJcugo8BDDJeIk2R3:9cpd1L30Q1KEw4NzPvhoyAHRw4A=:eyJzY29wZSI6InFkZmFjZXN0b3JlIiwiZGVhZGxpbmUiOjE1MzAwNjM3NTh9
06-27 09:37:42.579 5912-6187/com.qiniu.motiondetect E/CameraActivity: uploadVideo
06-27 09:37:47.404 5912-5912/com.qiniu.motiondetect E/CameraActivity: {ver:7.3.11,ResponseInfo:153006214825061,status:200, reqId:7i4AABdtWQ6e4DsV, xlog:body:1;0s.ph;0s.put.in:1;0s.put.disk:11;1s.put.in:1;1s.put.disk:11;1s.ph;PFDS:13;0s.put.out:10;PFDS:14;body;rs12_1.sel:1/not found;rs11_1.sel:2/not found;rdb.g/no such key;DBD/404;v4.get/Document not found;rs12_1.ins:4;rwro.ins:9;RS:10;rs.put:10;rs-upload.putFile:25;UP:27, xvia:, host:up-z1.qbox.me, path:/, ip:222.222.95.22, port:80, duration:4790 s, time:1530063467, sent:1348116,error:null}token: -uNORE8AccnhnSt0utAuUrtmJcugo8BDDJeIk2R3:9cpd1L30Q1KEw4NzPvhoyAHRw4A=:eyJzY29wZSI6InFkZmFjZXN0b3JlIiwiZGVhZGxpbmUiOjE1MzAwNjM3NTh9
06-27 09:37:47.417 5912-13917/com.qiniu.motiondetect E/CameraActivity: http://123.59.185.101:8080/api/v10/smartClient/uploadDetectInfo?uuid=b1309d3c22e248c182ab3b66bfc8fa09&deviceId=605978411&targetType=2&collectTime=1530063467417&vidUrl=20180627_vid_1530063462386&imgUrl=
06-27 09:37:52.398 5912-5912/com.qiniu.motiondetect E/CameraActivity: current length: 10012 isMoving: false
06-27 09:37:53.665 5912-13942/com.qiniu.motiondetect E/CameraActivity: onSaveVideoSuccess
06-27 09:37:53.666 5912-6187/com.qiniu.motiondetect E/CameraActivity: handleMessage...
    http://123.59.185.101:8080/api/v10/smartClient/getToken?deviceId=605978411
06-27 09:37:53.950 5912-6187/com.qiniu.motiondetect E/CameraActivity: token: -uNORE8AccnhnSt0utAuUrtmJcugo8BDDJeIk2R3:IRqop17E2EpWvapsJjWqmPA4ypg=:eyJzY29wZSI6InFkZmFjZXN0b3JlIiwiZGVhZGxpbmUiOjE1MzAwNjM3NzB9
06-27 09:37:53.952 5912-6187/com.qiniu.motiondetect E/CameraActivity: uploadVideo
06-27 09:37:55.138 5912-5912/com.qiniu.motiondetect E/CameraActivity: Start record: 1530063475138
06-27 09:37:58.420 5912-5912/com.qiniu.motiondetect E/CameraActivity: {ver:7.3.11,ResponseInfo:153006214825061,status:614, reqId:GlUAAE6Iqp2g4DsV, xlog:body:2;0s.ph;0s.put.in:1;0s.put.disk:11;1s.put.in:1;1s.put.disk:22;1s.ph;PFDS:25;0s.put.out:11;PFDS:30;body;rs12_1.sel:2;rwro.ins:2/file exists;MQ;RS.not:;RS:2/614;rs.put:3/file exists;rs-upload:;UP:38/614, xvia:, host:up-z1.qbox.me, path:/, ip:222.222.95.22, port:80, duration:4440 s, time:1530063478, sent:1349738,error:file exists}token: -uNORE8AccnhnSt0utAuUrtmJcugo8BDDJeIk2R3:IRqop17E2EpWvapsJjWqmPA4ypg=:eyJzY29wZSI6InFkZmFjZXN0b3JlIiwiZGVhZGxpbmUiOjE1MzAwNjM3NzB9
    uploadVideo
06-27 09:38:02.910 5912-5912/com.qiniu.motiondetect E/CameraActivity: {ver:7.3.11,ResponseInfo:153006214825061,status:614, reqId:7i4AADkOtaqh4DsV, xlog:body:1;0s.ph;0s.put.in:1;0s.put.disk:10;1s.put.in:1;1s.put.disk:17;1s.ph;PFDS:20;0s.put.out:9;PFDS:21;body;rs12_1.sel:2;rwro.ins:2/file exists;MQ;RS.not:;RS:2/614;rs.put:3/file exists;rs-upload:;UP:26/614, xvia:, host:up-z1.qbox.me, path:/, ip:222.222.95.22, port:80, duration:4458 s, time:1530063482, sent:1349738,error:file exists}token: -uNORE8AccnhnSt0utAuUrtmJcugo8BDDJeIk2R3:IRqop17E2EpWvapsJjWqmPA4ypg=:eyJzY29wZSI6InFkZmFjZXN0b3JlIiwiZGVhZGxpbmUiOjE1MzAwNjM3NzB9
06-27 09:38:02.911 5912-5912/com.qiniu.motiondetect E/CameraActivity: Upload failed
06-27 09:38:05.145 5912-5912/com.qiniu.motiondetect E/CameraActivity: current length: 10007 isMoving: false
06-27 09:38:06.293 5912-14009/com.qiniu.motiondetect E/CameraActivity: onSaveVideoSuccess
06-27 09:38:06.294 5912-6187/com.qiniu.motiondetect E/CameraActivity: handleMessage...
    http://123.59.185.101:8080/api/v10/smartClient/getToken?deviceId=605978411
06-27 09:38:06.500 5912-6187/com.qiniu.motiondetect E/CameraActivity: token: -uNORE8AccnhnSt0utAuUrtmJcugo8BDDJeIk2R3:5zYQUiT5bpdQImrd0R5eJ4r792s=:eyJzY29wZSI6InFkZmFjZXN0b3JlIiwiZGVhZGxpbmUiOjE1MzAwNjM3ODJ9
06-27 09:38:06.502 5912-6187/com.qiniu.motiondetect E/CameraActivity: uploadVideo
06-27 09:38:10.133 5912-5912/com.qiniu.motiondetect E/CameraActivity: Start record: 1530063490132
06-27 09:38:11.277 5912-5912/com.qiniu.motiondetect E/CameraActivity: {ver:7.3.11,ResponseInfo:153006214825061,status:200, reqId:G1gAADjek5qj4DsV, xlog:body:3;0s.ph;0s.put.in:1;0s.put.disk:13;1s.put.in:1;1s.put.disk:19;1s.ph;PFDS:22;0s.put.out:13;PFDS:23;body;rs12_12.sel:2/not found;rs11_12.sel:1/not found;rdb.g/no such key;DBD/404;v4.get/Document not found;rs12_12.ins:6;rwro.ins:10;RS:10;rs.put:11;rs-upload.putFile:36;UP:41, xvia:, host:up-z1.qbox.me, path:/, ip:222.222.95.22, port:80, duration:4750 s, time:1530063491, sent:1342244,error:null}token: -uNORE8AccnhnSt0utAuUrtmJcugo8BDDJeIk2R3:5zYQUiT5bpdQImrd0R5eJ4r792s=:eyJzY29wZSI6InFkZmFjZXN0b3JlIiwiZGVhZGxpbmUiOjE1MzAwNjM3ODJ9
06-27 09:38:11.279 5912-14047/com.qiniu.motiondetect E/CameraActivity: http://123.59.185.101:8080/api/v10/smartClient/uploadDetectInfo?uuid=0a8ede9cf489432fb53318f79b9a245b&deviceId=605978411&targetType=2&collectTime=1530063491279&vidUrl=20180627_vid_1530063475138&imgUrl=
06-27 09:38:20.134 5912-5912/com.qiniu.motiondetect E/CameraActivity: current length: 10001 isMoving: true
06-27 09:38:21.367 5912-14087/com.qiniu.motiondetect E/CameraActivity: onSaveVideoSuccess
06-27 09:38:21.367 5912-6187/com.qiniu.motiondetect E/CameraActivity: handleMessage...
06-27 09:38:21.368 5912-6187/com.qiniu.motiondetect E/CameraActivity: http://123.59.185.101:8080/api/v10/smartClient/getToken?deviceId=605978411
06-27 09:38:21.625 5912-6187/com.qiniu.motiondetect E/CameraActivity: token: -uNORE8AccnhnSt0utAuUrtmJcugo8BDDJeIk2R3:tCzSOrUGT956e8eCMV7rs3NuF4E=:eyJzY29wZSI6InFkZmFjZXN0b3JlIiwiZGVhZGxpbmUiOjE1MzAwNjM3OTd9
06-27 09:38:21.627 5912-6187/com.qiniu.motiondetect E/CameraActivity: uploadVideo
06-27 09:38:23.166 5912-5912/com.qiniu.motiondetect E/CameraActivity: Start record: 1530063503166
06-27 09:38:26.132 5912-5912/com.qiniu.motiondetect E/CameraActivity: {ver:7.3.11,ResponseInfo:153006214825061,status:200, reqId:7i4AAH_LbhKn4DsV, xlog:body:1;0s.ph;0s.put.in:1;0s.put.disk:10;1s.put.in:1;1s.put.disk:9;1s.ph;PFDS:12;0s.put.out:9;PFDS:13;body;rs12_4.sel:2/not found;rs11_4.sel:2/not found;rdb.g/no such key;DBD/404;v4.get/Document not found;rs12_4.ins:3;rwro.ins:8;RS:8;rs.put:9;rs-upload.putFile:23;UP:24, xvia:, host:up-z1.qbox.me, path:/, ip:222.222.95.22, port:80, duration:4483 s, time:1530063506, sent:1340778,error:null}token: -uNORE8AccnhnSt0utAuUrtmJcugo8BDDJeIk2R3:tCzSOrUGT956e8eCMV7rs3NuF4E=:eyJzY29wZSI6InFkZmFjZXN0b3JlIiwiZGVhZGxpbmUiOjE1MzAwNjM3OTd9
06-27 09:38:26.136 5912-14126/com.qiniu.motiondetect E/CameraActivity: http://123.59.185.101:8080/api/v10/smartClient/uploadDetectInfo?uuid=9f91ee16051c40aebc1914c6ad15fd3c&deviceId=605978411&targetType=2&collectTime=1530063506136&vidUrl=20180627_vid_1530063490133&imgUrl=
06-27 09:38:33.168 5912-5912/com.qiniu.motiondetect E/CameraActivity: current length: 10002 isMoving: true
06-27 09:38:34.381 5912-14158/com.qiniu.motiondetect E/CameraActivity: onSaveVideoSuccess
06-27 09:38:34.381 5912-6187/com.qiniu.motiondetect E/CameraActivity: handleMessage...
06-27 09:38:34.382 5912-6187/com.qiniu.motiondetect E/CameraActivity: http://123.59.185.101:8080/api/v10/smartClient/getToken?deviceId=605978411
06-27 09:38:34.619 5912-6187/com.qiniu.motiondetect E/CameraActivity: token: -uNORE8AccnhnSt0utAuUrtmJcugo8BDDJeIk2R3:bOxyscmYXzp9GEUbwd19QXcCNZY=:eyJzY29wZSI6InFkZmFjZXN0b3JlIiwiZGVhZGxpbmUiOjE1MzAwNjM4MTB9
06-27 09:38:34.621 5912-6187/com.qiniu.motiondetect E/CameraActivity: uploadVideo
06-27 09:38:38.131 5912-5912/com.qiniu.motiondetect E/CameraActivity: Start record: 1530063518131
06-27 09:38:40.721 5912-5912/com.qiniu.motiondetect E/CameraActivity: {ver:7.3.11,ResponseInfo:153006214825061,status:200, reqId:CGIAABLWUXeq4DsV, xlog:body:2;0s.ph;0s.put.in:1;0s.put.disk:16;1s.put.in:1;1s.put.disk:21;1s.ph;PFDS:24;0s.put.out:15;PFDS:26;body;rs12_1.sel:2/not found;rs11_1.sel:2/not found;rdb.g/no such key;DBD/404;v4.get/Document not found;rs12_1.ins:6;rwro.ins:11;RS:12;rs.put:12;rs-upload.putFile:40;UP:44, xvia:, host:up-z1.qbox.me, path:/, ip:222.222.95.22, port:80, duration:6074 s, time:1530063520, sent:1348250,error:null}token: -uNORE8AccnhnSt0utAuUrtmJcugo8BDDJeIk2R3:bOxyscmYXzp9GEUbwd19QXcCNZY=:eyJzY29wZSI6InFkZmFjZXN0b3JlIiwiZGVhZGxpbmUiOjE1MzAwNjM4MTB9
06-27 09:38:40.731 5912-14209/com.qiniu.motiondetect E/CameraActivity: http://123.59.185.101:8080/api/v10/smartClient/uploadDetectInfo?uuid=f3359c8ed35b402e95a999ea3558a318&deviceId=605978411&targetType=2&collectTime=1530063520730&vidUrl=20180627_vid_1530063503166&imgUrl=
06-27 09:38:48.141 5912-5912/com.qiniu.motiondetect E/CameraActivity: current length: 10010 isMoving: true
06-27 09:38:49.266 5912-14246/com.qiniu.motiondetect E/CameraActivity: onSaveVideoSuccess
06-27 09:38:49.268 5912-6187/com.qiniu.motiondetect E/CameraActivity: handleMessage...
    http://123.59.185.101:8080/api/v10/smartClient/getToken?deviceId=605978411
06-27 09:38:49.521 5912-6187/com.qiniu.motiondetect E/CameraActivity: token: -uNORE8AccnhnSt0utAuUrtmJcugo8BDDJeIk2R3:1BroHSe9jVGCFapPUqc0Gm_Al3Q=:eyJzY29wZSI6InFkZmFjZXN0b3JlIiwiZGVhZGxpbmUiOjE1MzAwNjM4MjV9
06-27 09:38:49.523 5912-6187/com.qiniu.motiondetect E/CameraActivity: uploadVideo
06-27 09:38:51.148 5912-5912/com.qiniu.motiondetect E/CameraActivity: Start record: 1530063531148
06-27 09:38:52.407 5912-5912/com.qiniu.motiondetect E/CameraActivity: {ver:7.3.11,ResponseInfo:153006214825061,status:200, reqId:7i4AAAF8-jCt4DsV, xlog:body:1;0s.ph;0s.put.in:1;0s.put.disk:11;1s.put.in:1;1s.put.disk:11;1s.ph;PFDS:13;0s.put.out:10;PFDS:14;body;rs12_11.sel:2/not found;rs11_11.sel:2/not found;rdb.g/no such key;DBD/404;v4.get/Document not found;rs12_11.ins:4;rwro.ins:8;RS:9;rs.put:9;rs-upload.putFile:24;UP:26, xvia:, host:up-z1.qbox.me, path:/, ip:222.222.95.22, port:80, duration:2863 s, time:1530063532, sent:1352052,error:null}token: -uNORE8AccnhnSt0utAuUrtmJcugo8BDDJeIk2R3:1BroHSe9jVGCFapPUqc0Gm_Al3Q=:eyJzY29wZSI6InFkZmFjZXN0b3JlIiwiZGVhZGxpbmUiOjE1MzAwNjM4MjV9
06-27 09:38:52.408 5912-14276/com.qiniu.motiondetect E/CameraActivity: http://123.59.185.101:8080/api/v10/smartClient/uploadDetectInfo?uuid=2498c7fa991f49c585f4d02ae421fa04&deviceId=605978411&targetType=2&collectTime=1530063532408&vidUrl=20180627_vid_1530063518131&imgUrl=
06-27 09:39:01.151 5912-5912/com.qiniu.motiondetect E/CameraActivity: current length: 10003 isMoving: false
06-27 09:39:02.354 5912-14316/com.qiniu.motiondetect E/CameraActivity: onSaveVideoSuccess
06-27 09:39:02.355 5912-6187/com.qiniu.motiondetect E/CameraActivity: handleMessage...
    http://123.59.185.101:8080/api/v10/smartClient/getToken?deviceId=605978411
06-27 09:39:02.371 5912-5912/com.qiniu.motiondetect E/CameraActivity: Start record: 1530063542371
06-27 09:39:02.581 5912-6187/com.qiniu.motiondetect E/CameraActivity: token: -uNORE8AccnhnSt0utAuUrtmJcugo8BDDJeIk2R3:YNk8AcJANdUdasEGGIEgUwn8z4o=:eyJzY29wZSI6InFkZmFjZXN0b3JlIiwiZGVhZGxpbmUiOjE1MzAwNjM4Mzh9
06-27 09:39:02.597 5912-6187/com.qiniu.motiondetect E/CameraActivity: uploadVideo
06-27 09:39:06.595 5912-5912/com.qiniu.motiondetect E/CameraActivity: {ver:7.3.11,ResponseInfo:153006214825061,status:200, reqId:9QkAAHzZY2Gw4DsV, xlog:body:2;0s.ph;0s.put.in:1;0s.put.disk:10;1s.put.in:1;1s.put.disk:12;1s.ph;PFDS:15;0s.put.out:9;PFDS:17;body;rs12_2.sel:2/not found;rs11_2.sel:2/not found;rdb.g/no such key;DBD/404;v4.get/Document not found;rs12_2.ins:3;rwro.ins:8;RS:9;rs.put:9;rs-upload.putFile:27;UP:31, xvia:vdn-jszj-tel-1-3, host:upload-z1.qiniup.com, path:/, ip:222.186.140.21, port:80, duration:3805 s, time:1530063546, sent:1341256,error:null}token: -uNORE8AccnhnSt0utAuUrtmJcugo8BDDJeIk2R3:YNk8AcJANdUdasEGGIEgUwn8z4o=:eyJzY29wZSI6InFkZmFjZXN0b3JlIiwiZGVhZGxpbmUiOjE1MzAwNjM4Mzh9
06-27 09:39:06.601 5912-14353/com.qiniu.motiondetect E/CameraActivity: http://123.59.185.101:8080/api/v10/smartClient/uploadDetectInfo?uuid=5b5433313ac84d4b9975afd7aa7566a2&deviceId=605978411&targetType=2&collectTime=1530063546601&vidUrl=20180627_vid_1530063542371&imgUrl=
06-27 09:39:12.379 5912-5912/com.qiniu.motiondetect E/CameraActivity: current length: 10008 isMoving: true
06-27 09:39:13.592 5912-14375/com.qiniu.motiondetect E/CameraActivity: onSaveVideoSuccess
06-27 09:39:13.592 5912-6187/com.qiniu.motiondetect E/CameraActivity: handleMessage...
    http://123.59.185.101:8080/api/v10/smartClient/getToken?deviceId=605978411
06-27 09:39:13.819 5912-6187/com.qiniu.motiondetect E/CameraActivity: token: -uNORE8AccnhnSt0utAuUrtmJcugo8BDDJeIk2R3:G4GJzZc8-p8FpaE90hMAq4wSZFE=:eyJzY29wZSI6InFkZmFjZXN0b3JlIiwiZGVhZGxpbmUiOjE1MzAwNjM4NTB9
06-27 09:39:13.820 5912-6187/com.qiniu.motiondetect E/CameraActivity: uploadVideo
06-27 09:39:17.120 5912-5912/com.qiniu.motiondetect E/CameraActivity: Start record: 1530063557120
06-27 09:39:21.848 5912-5912/com.qiniu.motiondetect E/CameraActivity: {ver:7.3.11,ResponseInfo:153006214825061,status:614, reqId:9QkAADuviOqz4DsV, xlog:body:1;0s.ph;0s.put.in;0s.put.disk:10;1s.put.in;1s.put.disk:11;1s.ph;PFDS:12;0s.put.out:10;PFDS:14;body;rs12_2.sel;rwro.ins/file exists;MQ;RS.not:;RS/614;rs.put:1/file exists;rs-upload:;UP:18/614, xvia:vdn-jszj-tel-1-3, host:upload-z1.qiniup.com, path:/, ip:222.186.140.21, port:80, duration:7983 s, time:1530063561, sent:1348564,error:file exists}token: -uNORE8AccnhnSt0utAuUrtmJcugo8BDDJeIk2R3:G4GJzZc8-p8FpaE90hMAq4wSZFE=:eyJzY29wZSI6InFkZmFjZXN0b3JlIiwiZGVhZGxpbmUiOjE1MzAwNjM4NTB9
    uploadVideo
06-27 09:39:27.123 5912-5912/com.qiniu.motiondetect E/CameraActivity: current length: 10002 isMoving: false
06-27 09:39:28.022 5912-5912/com.qiniu.motiondetect E/CameraActivity: {ver:7.3.11,ResponseInfo:153006214825061,status:614, reqId:9QkAAEUPqE614DsV, xlog:body:2;0s.ph;0s.put.in:1;0s.put.disk:11;1s.put.in:1;1s.put.disk:11;1s.ph;PFDS:14;0s.put.out:10;PFDS:15;body;rs12_2.sel:2;rwro.ins:2/file exists;MQ;RS.not:;RS:2/614;rs.put:3/file exists;rs-upload:;UP:22/614, xvia:vdn-jszj-tel-1-3, host:upload-z1.qiniup.com, path:/, ip:222.186.140.21, port:80, duration:6113 s, time:1530063567, sent:1348564,error:file exists}token: -uNORE8AccnhnSt0utAuUrtmJcugo8BDDJeIk2R3:G4GJzZc8-p8FpaE90hMAq4wSZFE=:eyJzY29wZSI6InFkZmFjZXN0b3JlIiwiZGVhZGxpbmUiOjE1MzAwNjM4NTB9
    Upload failed
06-27 09:39:28.362 5912-14454/com.qiniu.motiondetect E/CameraActivity: onSaveVideoSuccess
06-27 09:39:28.363 5912-6187/com.qiniu.motiondetect E/CameraActivity: handleMessage...
06-27 09:39:28.363 5912-6187/com.qiniu.motiondetect E/CameraActivity: http://123.59.185.101:8080/api/v10/smartClient/getToken?deviceId=605978411
06-27 09:39:28.386 5912-5912/com.qiniu.motiondetect E/CameraActivity: Start record: 1530063568386
06-27 09:39:28.520 5912-6187/com.qiniu.motiondetect E/CameraActivity: token: -uNORE8AccnhnSt0utAuUrtmJcugo8BDDJeIk2R3:V0YTMBVbDi_vZ4VR_29i5rFVxZU=:eyJzY29wZSI6InFkZmFjZXN0b3JlIiwiZGVhZGxpbmUiOjE1MzAwNjM4NjR9
06-27 09:39:28.522 5912-6187/com.qiniu.motiondetect E/CameraActivity: uploadVideo
06-27 09:39:34.074 5912-5912/com.qiniu.motiondetect E/CameraActivity: {ver:7.3.11,ResponseInfo:153006214825061,status:200, reqId:9QkAAMGKnc-24DsV, xlog:body:2;0s.ph;0s.put.in:1;0s.put.disk:13;1s.put.in:1;1s.put.disk:20;1s.ph;PFDS:23;0s.put.out:8;PFDS:24;body;rs12_4.sel:2/not found;rs11_4.sel:2/not found;rdb.g/no such key;DBD/404;v4.get/Document not found;rs12_4.ins:5;rwro.ins:10;RS:10;rs.put:10;rs-upload.putFile:36;UP:40, xvia:vdn-jszj-tel-1-3, host:upload-z1.qiniup.com, path:/, ip:222.186.140.21, port:80, duration:5525 s, time:1530063574, sent:1348497,error:null}token: -uNORE8AccnhnSt0utAuUrtmJcugo8BDDJeIk2R3:V0YTMBVbDi_vZ4VR_29i5rFVxZU=:eyJzY29wZSI6InFkZmFjZXN0b3JlIiwiZGVhZGxpbmUiOjE1MzAwNjM4NjR9
06-27 09:39:34.075 5912-14496/com.qiniu.motiondetect E/CameraActivity: http://123.59.185.101:8080/api/v10/smartClient/uploadDetectInfo?uuid=fed484e1145e4aa7a867a1dcca49132a&deviceId=605978411&targetType=2&collectTime=1530063574075&vidUrl=20180627_vid_1530063568386&imgUrl=
06-27 09:39:38.388 5912-5912/com.qiniu.motiondetect E/CameraActivity: current length: 10002 isMoving: true
06-27 09:39:39.564 5912-14516/com.qiniu.motiondetect E/CameraActivity: onSaveVideoSuccess
06-27 09:39:39.565 5912-6187/com.qiniu.motiondetect E/CameraActivity: handleMessage...
06-27 09:39:39.565 5912-6187/com.qiniu.motiondetect E/CameraActivity: http://123.59.185.101:8080/api/v10/smartClient/getToken?deviceId=605978411
06-27 09:39:39.904 5912-6187/com.qiniu.motiondetect E/CameraActivity: token: -uNORE8AccnhnSt0utAuUrtmJcugo8BDDJeIk2R3:ZZxcf1AIenxXUmoKcqvgUi-t9H8=:eyJzY29wZSI6InFkZmFjZXN0b3JlIiwiZGVhZGxpbmUiOjE1MzAwNjM4NzZ9
06-27 09:39:39.905 5912-6187/com.qiniu.motiondetect E/CameraActivity: uploadVideo
06-27 09:39:40.427 5912-5912/com.qiniu.motiondetect E/CameraActivity: Start record: 1530063580427
06-27 09:39:43.709 5912-5912/com.qiniu.motiondetect E/CameraActivity: {ver:7.3.11,ResponseInfo:153006214825061,status:614, reqId:9QkAAHmrjgm54DsV, xlog:body:2;0s.ph;0s.put.in:1;0s.put.disk:11;1s.put.in:1;1s.put.disk:9;1s.ph;PFDS:12;0s.put.out:10;PFDS:14;body;rs12_4.sel:2;rwro.ins:2/file exists;MQ;RS.not:;RS:2/614;rs.put:3/file exists;rs-upload:;UP:22/614, xvia:vdn-jszj-tel-1-3, host:upload-z1.qiniup.com, path:/, ip:222.186.140.21, port:80, duration:3771 s, time:1530063583, sent:1347604,error:file exists}token: -uNORE8AccnhnSt0utAuUrtmJcugo8BDDJeIk2R3:ZZxcf1AIenxXUmoKcqvgUi-t9H8=:eyJzY29wZSI6InFkZmFjZXN0b3JlIiwiZGVhZGxpbmUiOjE1MzAwNjM4NzZ9
    uploadVideo
06-27 09:39:48.213 5912-5912/com.qiniu.motiondetect E/CameraActivity: {ver:7.3.11,ResponseInfo:153006214825061,status:614, reqId:9QkAAMCLmBi64DsV, xlog:body:2;0s.ph;0s.put.in:1;0s.put.disk:24;1s.put.in:1;1s.put.disk:52;1s.ph;PFDS:54;0s.put.out:9;PFDS:62;body;rs12_4.sel:2;rwro.ins:2/file exists;MQ;RS.not:;RS:2/614;rs.put:3/file exists;rs-upload:;UP:69/614, xvia:vdn-jszj-tel-1-3, host:upload-z1.qiniup.com, path:/, ip:222.186.140.21, port:80, duration:4473 s, time:1530063588, sent:1347604,error:file exists}token: -uNORE8AccnhnSt0utAuUrtmJcugo8BDDJeIk2R3:ZZxcf1AIenxXUmoKcqvgUi-t9H8=:eyJzY29wZSI6InFkZmFjZXN0b3JlIiwiZGVhZGxpbmUiOjE1MzAwNjM4NzZ9
06-27 09:39:48.214 5912-5912/com.qiniu.motiondetect E/CameraActivity: Upload failed
06-27 09:39:50.440 5912-5912/com.qiniu.motiondetect E/CameraActivity: current length: 10013 isMoving: false
06-27 09:39:51.515 5912-14583/com.qiniu.motiondetect E/CameraActivity: onSaveVideoSuccess
06-27 09:39:51.516 5912-6187/com.qiniu.motiondetect E/CameraActivity: handleMessage...
    http://123.59.185.101:8080/api/v10/smartClient/getToken?deviceId=605978411
06-27 09:39:51.647 5912-6187/com.qiniu.motiondetect E/CameraActivity: token: -uNORE8AccnhnSt0utAuUrtmJcugo8BDDJeIk2R3:8EheWrzehDJdV8RW30RqxRt5Eqk=:eyJzY29wZSI6InFkZmFjZXN0b3JlIiwiZGVhZGxpbmUiOjE1MzAwNjM4ODd9
06-27 09:39:51.648 5912-6187/com.qiniu.motiondetect E/CameraActivity: uploadVideo
06-27 09:39:52.350 5912-5912/com.qiniu.motiondetect E/CameraActivity: Start record: 1530063592350
06-27 09:39:56.134 5912-5912/com.qiniu.motiondetect E/CameraActivity: {ver:7.3.11,ResponseInfo:153006214825061,status:200, reqId:9QkAAGDoUNy74DsV, xlog:body:1;0s.ph;0s.put.in:1;0s.put.disk:15;1s.put.in:1;1s.put.disk:16;1s.ph;PFDS:18;0s.put.out:13;PFDS:19;body;rs12_2.sel:2/not found;rs11_2.sel:2/not found;rdb.g/no such key;DBD/404;v4.get/Document not found;rs12_2.ins:4;rwro.ins:8;RS:9;rs.put:9;rs-upload.putFile:30;UP:33, xvia:vdn-jszj-tel-1-3, host:upload-z1.qiniup.com, path:/, ip:222.186.140.21, port:80, duration:4433 s, time:1530063596, sent:1350628,error:null}token: -uNORE8AccnhnSt0utAuUrtmJcugo8BDDJeIk2R3:8EheWrzehDJdV8RW30RqxRt5Eqk=:eyJzY29wZSI6InFkZmFjZXN0b3JlIiwiZGVhZGxpbmUiOjE1MzAwNjM4ODd9
06-27 09:39:56.138 5912-14624/com.qiniu.motiondetect E/CameraActivity: http://123.59.185.101:8080/api/v10/smartClient/uploadDetectInfo?uuid=e2644ff6d2cc463fadb30132df15f1a6&deviceId=605978411&targetType=2&collectTime=1530063596137&vidUrl=20180627_vid_1530063580427&imgUrl=
06-27 09:40:02.365 5912-5912/com.qiniu.motiondetect E/CameraActivity: current length: 10015 isMoving: false
06-27 09:40:03.554 5912-14650/com.qiniu.motiondetect E/CameraActivity: onSaveVideoSuccess
06-27 09:40:03.555 5912-6187/com.qiniu.motiondetect E/CameraActivity: handleMessage...
    http://123.59.185.101:8080/api/v10/smartClient/getToken?deviceId=605978411
06-27 09:40:03.792 5912-6187/com.qiniu.motiondetect E/CameraActivity: token: -uNORE8AccnhnSt0utAuUrtmJcugo8BDDJeIk2R3:FDQCtTa7W0xXbYRnIvDvTVWG1h4=:eyJzY29wZSI6InFkZmFjZXN0b3JlIiwiZGVhZGxpbmUiOjE1MzAwNjM4OTl9
06-27 09:40:03.793 5912-6187/com.qiniu.motiondetect E/CameraActivity: uploadVideo
06-27 09:40:04.191 5912-5912/com.qiniu.motiondetect E/CameraActivity: Start record: 1530063604191
06-27 09:40:13.172 5912-5912/com.qiniu.motiondetect E/CameraActivity: {ver:7.3.11,ResponseInfo:153006214825061,status:200, reqId:9QkAAHMtFee_4DsV, xlog:body:1;0s.ph;0s.put.in:1;0s.put.disk:11;1s.put.in:1;1s.put.disk:14;1s.ph;PFDS:16;0s.put.out:10;PFDS:17;body;rs12_4.sel:2/not found;rs11_4.sel:2/not found;rdb.g/no such key;DBD/404;v4.get/Document not found;rs12_4.ins:3;rwro.ins:8;RS:8;rs.put:9;rs-upload.putFile:27;UP:30, xvia:vdn-jszj-tel-1-3, host:upload-z1.qiniup.com, path:/, ip:222.186.140.21, port:80, duration:9361 s, time:1530063613, sent:1336784,error:null}token: -uNORE8AccnhnSt0utAuUrtmJcugo8BDDJeIk2R3:FDQCtTa7W0xXbYRnIvDvTVWG1h4=:eyJzY29wZSI6InFkZmFjZXN0b3JlIiwiZGVhZGxpbmUiOjE1MzAwNjM4OTl9
06-27 09:40:13.173 5912-14706/com.qiniu.motiondetect E/CameraActivity: http://123.59.185.101:8080/api/v10/smartClient/uploadDetectInfo?uuid=a039a1000edf4ee89be95bfb7e09f677&deviceId=605978411&targetType=2&collectTime=1530063613173&vidUrl=20180627_vid_1530063592350&imgUrl=
06-27 09:40:14.220 5912-5912/com.qiniu.motiondetect E/CameraActivity: current length: 10029 isMoving: false
06-27 09:40:15.402 5912-14711/com.qiniu.motiondetect E/CameraActivity: onSaveVideoSuccess
06-27 09:40:15.403 5912-6187/com.qiniu.motiondetect E/CameraActivity: handleMessage...
    http://123.59.185.101:8080/api/v10/smartClient/getToken?deviceId=605978411
06-27 09:40:15.665 5912-6187/com.qiniu.motiondetect E/CameraActivity: token: -uNORE8AccnhnSt0utAuUrtmJcugo8BDDJeIk2R3:RSHM_fN6jgrgwqZigtx4Jl1pv7g=:eyJzY29wZSI6InFkZmFjZXN0b3JlIiwiZGVhZGxpbmUiOjE1MzAwNjM5MTF9
06-27 09:40:15.666 5912-6187/com.qiniu.motiondetect E/CameraActivity: uploadVideo
06-27 09:40:18.213 5912-5912/com.qiniu.motiondetect E/CameraActivity: Start record: 1530063618212
06-27 09:40:21.568 5912-5912/com.qiniu.motiondetect E/CameraActivity: {ver:7.3.11,ResponseInfo:153006214825061,status:200, reqId:9QkAAMz7qdrB4DsV, xlog:body:6;0s.ph;0s.put.in:1;0s.put.disk:12;1s.put.in:2;1s.put.disk:16;1s.ph;PFDS:20;0s.put.out:12;PFDS:21;body;rs12_5.sel:2/not found;rs11_5.sel:1/not found;rdb.g/no such key;DBD/404;v4.get/Document not found;rs12_5.ins:3;rwro.ins:7;RS:8;rs.put:8;rs-upload.putFile:31;UP:38, xvia:vdn-jszj-tel-1-3, host:upload-z1.qiniup.com, path:/, ip:222.186.140.21, port:80, duration:5871 s, time:1530063621, sent:1352246,error:null}token: -uNORE8AccnhnSt0utAuUrtmJcugo8BDDJeIk2R3:RSHM_fN6jgrgwqZigtx4Jl1pv7g=:eyJzY29wZSI6InFkZmFjZXN0b3JlIiwiZGVhZGxpbmUiOjE1MzAwNjM5MTF9
06-27 09:40:21.569 5912-14760/com.qiniu.motiondetect E/CameraActivity: http://123.59.185.101:8080/api/v10/smartClient/uploadDetectInfo?uuid=25fb27b372c7480ab2453356edd9b003&deviceId=605978411&targetType=2&collectTime=1530063621569&vidUrl=20180627_vid_1530063604191&imgUrl=
06-27 09:40:28.214 5912-5912/com.qiniu.motiondetect E/CameraActivity: current length: 10001 isMoving: false
06-27 09:40:29.383 5912-14790/com.qiniu.motiondetect E/CameraActivity: onSaveVideoSuccess
06-27 09:40:29.384 5912-6187/com.qiniu.motiondetect E/CameraActivity: handleMessage...
    http://123.59.185.101:8080/api/v10/smartClient/getToken?deviceId=605978411
06-27 09:40:29.695 5912-6187/com.qiniu.motiondetect E/CameraActivity: token: -uNORE8AccnhnSt0utAuUrtmJcugo8BDDJeIk2R3:x1U3e7ZP5n90HOgih3dotlAKJmY=:eyJzY29wZSI6InFkZmFjZXN0b3JlIiwiZGVhZGxpbmUiOjE1MzAwNjM5MjV9
06-27 09:40:29.697 5912-6187/com.qiniu.motiondetect E/CameraActivity: uploadVideo
06-27 09:40:30.210 5912-5912/com.qiniu.motiondetect E/CameraActivity: Start record: 1530063630210
06-27 09:40:33.887 5912-5912/com.qiniu.motiondetect E/CameraActivity: {ver:7.3.11,ResponseInfo:153006214825061,status:200, reqId:9QkAAGWY173E4DsV, xlog:body:11;0s.ph;0s.put.in;0s.put.disk:16;1s.put.in;1s.put.disk:16;1s.ph;PFDS:17;0s.put.out:16;PFDS:26;body;rs12_1.sel/not found;rs11_1.sel/not found;rdb.g/no such key;DBD/404;v4.get/Document not found;rs12_1.ins:6;rwro.ins:8;RS:8;rs.put:9;rs-upload.putFile:36;UP:49, xvia:vdn-jszj-tel-1-3, host:upload-z1.qiniup.com, path:/, ip:222.186.140.21, port:80, duration:4152 s, time:1530063633, sent:1348030,error:null}token: -uNORE8AccnhnSt0utAuUrtmJcugo8BDDJeIk2R3:x1U3e7ZP5n90HOgih3dotlAKJmY=:eyJzY29wZSI6InFkZmFjZXN0b3JlIiwiZGVhZGxpbmUiOjE1MzAwNjM5MjV9
06-27 09:40:33.888 5912-14830/com.qiniu.motiondetect E/CameraActivity: http://123.59.185.101:8080/api/v10/smartClient/uploadDetectInfo?uuid=4b3fd77aab98430d80252fdf3ae807bb&deviceId=605978411&targetType=2&collectTime=1530063633888&vidUrl=20180627_vid_1530063618213&imgUrl=
06-27 09:40:40.212 5912-5912/com.qiniu.motiondetect E/CameraActivity: current length: 10002 isMoving: true
06-27 09:40:41.353 5912-14861/com.qiniu.motiondetect E/CameraActivity: onSaveVideoSuccess
06-27 09:40:41.356 5912-6187/com.qiniu.motiondetect E/CameraActivity: handleMessage...
    http://123.59.185.101:8080/api/v10/smartClient/getToken?deviceId=605978411
06-27 09:40:41.662 5912-6187/com.qiniu.motiondetect E/CameraActivity: token: -uNORE8AccnhnSt0utAuUrtmJcugo8BDDJeIk2R3:xIH-zDTVcPhQrU-5c0KtAfMEMig=:eyJzY29wZSI6InFkZmFjZXN0b3JlIiwiZGVhZGxpbmUiOjE1MzAwNjM5Mzd9
06-27 09:40:41.664 5912-6187/com.qiniu.motiondetect E/CameraActivity: uploadVideo
06-27 09:40:42.321 5912-5912/com.qiniu.motiondetect E/CameraActivity: Start record: 1530063642321
06-27 09:40:45.902 5912-5912/com.qiniu.motiondetect E/CameraActivity: {ver:7.3.11,ResponseInfo:153006214825061,status:200, reqId:9QkAAJgvWYfH4DsV, xlog:body:1;0s.ph;0s.put.in:1;0s.put.disk:11;1s.put.in:1;1s.put.disk:13;1s.ph;PFDS:16;0s.put.out:10;PFDS:17;body;rs12_4.sel:2/not found;rs11_4.sel:2/not found;rdb.g/no such key;DBD/404;v4.get/Document not found;rs12_4.ins:7;rwro.ins:11;RS:12;rs.put:12;rs-upload.putFile:31;UP:33, xvia:vdn-jszj-tel-1-3, host:upload-z1.qiniup.com, path:/, ip:222.186.140.21, port:80, duration:4214 s, time:1530063645, sent:1337660,error:null}token: -uNORE8AccnhnSt0utAuUrtmJcugo8BDDJeIk2R3:xIH-zDTVcPhQrU-5c0KtAfMEMig=:eyJzY29wZSI6InFkZmFjZXN0b3JlIiwiZGVhZGxpbmUiOjE1MzAwNjM5Mzd9
06-27 09:40:45.907 5912-14898/com.qiniu.motiondetect E/CameraActivity: http://123.59.185.101:8080/api/v10/smartClient/uploadDetectInfo?uuid=ad8f76ec03d542098b6a2948506748be&deviceId=605978411&targetType=2&collectTime=1530063645907&vidUrl=20180627_vid_1530063630210&imgUrl=
06-27 09:40:52.333 5912-5912/com.qiniu.motiondetect E/CameraActivity: current length: 10012 isMoving: false
06-27 09:40:53.550 5912-14928/com.qiniu.motiondetect E/CameraActivity: onSaveVideoSuccess
06-27 09:40:53.551 5912-6187/com.qiniu.motiondetect E/CameraActivity: handleMessage...
    http://123.59.185.101:8080/api/v10/smartClient/getToken?deviceId=605978411
06-27 09:40:54.137 5912-5912/com.qiniu.motiondetect E/CameraActivity: Start record: 1530063654137
06-27 09:40:54.605 5912-6187/com.qiniu.motiondetect E/CameraActivity: token: -uNORE8AccnhnSt0utAuUrtmJcugo8BDDJeIk2R3:rW9Gl-rTQ58LiAn3gIusNEhchHg=:eyJzY29wZSI6InFkZmFjZXN0b3JlIiwiZGVhZGxpbmUiOjE1MzAwNjM5NTB9
06-27 09:40:54.607 5912-6187/com.qiniu.motiondetect E/CameraActivity: uploadVideo
06-27 09:41:01.409 5912-5912/com.qiniu.motiondetect E/CameraActivity: {ver:7.3.11,ResponseInfo:153006214825061,status:200, reqId:9QkAAJxIMyfL4DsV, xlog:body:1;0s.ph;0s.put.in:1;0s.put.disk:13;1s.put.in:1;1s.put.disk:13;1s.ph;PFDS:15;0s.put.out:10;PFDS:18;body;rs12_2.sel:2/not found;rs11_2.sel:2/not found;rdb.g/no such key;DBD/404;v4.get/Document not found;rs12_2.ins:4;rwro.ins:9;RS:9;rs.put:10;rs-upload.putFile:31;UP:33, xvia:vdn-jszj-tel-1-3, host:upload-z1.qiniup.com, path:/, ip:222.186.140.21, port:80, duration:6776 s, time:1530063661, sent:1351936,error:null}token: -uNORE8AccnhnSt0utAuUrtmJcugo8BDDJeIk2R3:rW9Gl-rTQ58LiAn3gIusNEhchHg=:eyJzY29wZSI6InFkZmFjZXN0b3JlIiwiZGVhZGxpbmUiOjE1MzAwNjM5NTB9
06-27 09:41:01.410 5912-14976/com.qiniu.motiondetect E/CameraActivity: http://123.59.185.101:8080/api/v10/smartClient/uploadDetectInfo?uuid=861f876a3a2d4a15b509232e7676e51e&deviceId=605978411&targetType=2&collectTime=1530063661410&vidUrl=20180627_vid_1530063654137&imgUrl=
06-27 09:41:04.152 5912-5912/com.qiniu.motiondetect E/CameraActivity: current length: 10015 isMoving: true
06-27 09:41:05.334 5912-14993/com.qiniu.motiondetect E/CameraActivity: onSaveVideoSuccess
06-27 09:41:05.334 5912-6187/com.qiniu.motiondetect E/CameraActivity: handleMessage...
06-27 09:41:05.335 5912-6187/com.qiniu.motiondetect E/CameraActivity: http://123.59.185.101:8080/api/v10/smartClient/getToken?deviceId=605978411
06-27 09:41:05.561 5912-6187/com.qiniu.motiondetect E/CameraActivity: token: -uNORE8AccnhnSt0utAuUrtmJcugo8BDDJeIk2R3:hTyG3tFzoZobd8dTtxYmR54-7wI=:eyJzY29wZSI6InFkZmFjZXN0b3JlIiwiZGVhZGxpbmUiOjE1MzAwNjM5NjF9
06-27 09:41:05.562 5912-6187/com.qiniu.motiondetect E/CameraActivity: uploadVideo
06-27 09:41:07.402 5912-5912/com.qiniu.motiondetect E/CameraActivity: Start record: 1530063667402
06-27 09:41:09.304 5912-5912/com.qiniu.motiondetect E/CameraActivity: {ver:7.3.11,ResponseInfo:153006214825061,status:614, reqId:9QkAAFdC_ALN4DsV, xlog:body:1;0s.ph;0s.put.in:1;0s.put.disk:11;1s.put.in:2;1s.put.disk:9;1s.ph;PFDS:13;0s.put.out:10;PFDS:14;body;rs12_2.sel:2;rwro.ins:2/file exists;MQ;RS.not:;RS:2/614;rs.put:3/file exists;rs-upload:;UP:20/614, xvia:vdn-jszj-tel-1-3, host:upload-z1.qiniup.com, path:/, ip:222.186.140.21, port:80, duration:3726 s, time:1530063669, sent:1344097,error:file exists}token: -uNORE8AccnhnSt0utAuUrtmJcugo8BDDJeIk2R3:hTyG3tFzoZobd8dTtxYmR54-7wI=:eyJzY29wZSI6InFkZmFjZXN0b3JlIiwiZGVhZGxpbmUiOjE1MzAwNjM5NjF9
    uploadVideo
06-27 09:41:13.272 5912-5912/com.qiniu.motiondetect E/CameraActivity: {ver:7.3.11,ResponseInfo:153006214825061,status:614, reqId:9QkAAGQ1LeDN4DsV, xlog:body:1;0s.ph;0s.put.in;0s.put.disk:19;1s.put.in;1s.put.disk:18;1s.ph;PFDS:19;0s.put.out:18;PFDS:20;body;rs12_2.sel;rwro.ins/file exists;MQ;RS.not:;RS:1/614;rs.put:2/file exists;rs-upload:;UP:26/614, xvia:vdn-jszj-tel-1-3, host:upload-z1.qiniup.com, path:/, ip:222.186.140.21, port:80, duration:3937 s, time:1530063673, sent:1344097,error:file exists}token: -uNORE8AccnhnSt0utAuUrtmJcugo8BDDJeIk2R3:hTyG3tFzoZobd8dTtxYmR54-7wI=:eyJzY29wZSI6InFkZmFjZXN0b3JlIiwiZGVhZGxpbmUiOjE1MzAwNjM5NjF9
    Upload failed
06-27 09:41:17.404 5912-5912/com.qiniu.motiondetect E/CameraActivity: current length: 10001 isMoving: true
06-27 09:41:18.755 5912-15065/com.qiniu.motiondetect E/CameraActivity: onSaveVideoSuccess
06-27 09:41:18.756 5912-6187/com.qiniu.motiondetect E/CameraActivity: handleMessage...
    http://123.59.185.101:8080/api/v10/smartClient/getToken?deviceId=605978411
06-27 09:41:19.134 5912-5912/com.qiniu.motiondetect E/CameraActivity: Start record: 1530063679134
06-27 09:41:19.677 5912-6187/com.qiniu.motiondetect E/CameraActivity: token: -uNORE8AccnhnSt0utAuUrtmJcugo8BDDJeIk2R3:LeUccWMbpSFQnCMss2LkjcK0NRQ=:eyJzY29wZSI6InFkZmFjZXN0b3JlIiwiZGVhZGxpbmUiOjE1MzAwNjM5NzV9
06-27 09:41:19.678 5912-6187/com.qiniu.motiondetect E/CameraActivity: uploadVideo
06-27 09:41:23.065 5912-5912/com.qiniu.motiondetect E/CameraActivity: {ver:7.3.11,ResponseInfo:153006214825061,status:200, reqId:9QkAAFwBciDQ4DsV, xlog:body:3;0s.ph;0s.put.in:1;0s.put.disk:11;1s.put.in:1;1s.put.disk:13;1s.ph;PFDS:15;0s.put.out:10;PFDS:16;body;rs12_3.sel/not found;rs11_3.sel:1/not found;rdb.g/no such key;DBD/404;v4.get/Document not found;rs12_3.ins:4;rwro.ins:6;RS:6;rs.put:7;rs-upload.putFile:24;UP:29, xvia:vdn-jszj-tel-1-3, host:upload-z1.qiniup.com, path:/, ip:222.186.140.21, port:80, duration:3366 s, time:1530063683, sent:1350092,error:null}token: -uNORE8AccnhnSt0utAuUrtmJcugo8BDDJeIk2R3:LeUccWMbpSFQnCMss2LkjcK0NRQ=:eyJzY29wZSI6InFkZmFjZXN0b3JlIiwiZGVhZGxpbmUiOjE1MzAwNjM5NzV9
06-27 09:41:23.067 5912-15103/com.qiniu.motiondetect E/CameraActivity: http://123.59.185.101:8080/api/v10/smartClient/uploadDetectInfo?uuid=ad6c8991323942c6a136816674bb15e8&deviceId=605978411&targetType=2&collectTime=1530063683067&vidUrl=20180627_vid_1530063679135&imgUrl=
06-27 09:41:29.152 5912-5912/com.qiniu.motiondetect E/CameraActivity: current length: 10017 isMoving: true
06-27 09:41:30.233 5912-15130/com.qiniu.motiondetect E/CameraActivity: onSaveVideoSuccess
06-27 09:41:30.234 5912-6187/com.qiniu.motiondetect E/CameraActivity: handleMessage...
    http://123.59.185.101:8080/api/v10/smartClient/getToken?deviceId=605978411
06-27 09:41:30.330 5912-5912/com.qiniu.motiondetect E/CameraActivity: Start record: 1530063690330
06-27 09:41:31.402 5912-6187/com.qiniu.motiondetect E/CameraActivity: token: -uNORE8AccnhnSt0utAuUrtmJcugo8BDDJeIk2R3:_Up_t-g5ejTt0ECxwrosUMkqzm0=:eyJzY29wZSI6InFkZmFjZXN0b3JlIiwiZGVhZGxpbmUiOjE1MzAwNjM5ODd9
06-27 09:41:31.404 5912-6187/com.qiniu.motiondetect E/CameraActivity: uploadVideo
06-27 09:41:34.486 5912-5912/com.qiniu.motiondetect E/CameraActivity: {ver:7.3.11,ResponseInfo:153006214825061,status:200, reqId:9QkAANzK9dPS4DsV, xlog:body:1;0s.ph;0s.put.in;0s.put.disk:10;1s.put.in;1s.put.disk:16;1s.ph;PFDS:16;0s.put.out:11;PFDS:17;body;rs12_1.sel/not found;rs11_1.sel/not found;rdb.g/no such key;DBD/404;v4.get/Document not found;rs12_1.ins:5;rwro.ins:6;RS:6;rs.put:7;rs-upload.putFile:25;UP:29, xvia:vdn-jszj-tel-1-3, host:upload-z1.qiniup.com, path:/, ip:222.186.140.21, port:80, duration:3006 s, time:1530063694, sent:1349459,error:null}token: -uNORE8AccnhnSt0utAuUrtmJcugo8BDDJeIk2R3:_Up_t-g5ejTt0ECxwrosUMkqzm0=:eyJzY29wZSI6InFkZmFjZXN0b3JlIiwiZGVhZGxpbmUiOjE1MzAwNjM5ODd9
06-27 09:41:34.490 5912-15164/com.qiniu.motiondetect E/CameraActivity: http://123.59.185.101:8080/api/v10/smartClient/uploadDetectInfo?uuid=d64e67b508b54fff98ed848d1d848aac&deviceId=605978411&targetType=2&collectTime=1530063694489&vidUrl=20180627_vid_1530063690330&imgUrl=
06-27 09:41:40.341 5912-5912/com.qiniu.motiondetect E/CameraActivity: current length: 10011 isMoving: false
06-27 09:41:41.479 5912-15188/com.qiniu.motiondetect E/CameraActivity: onSaveVideoSuccess
06-27 09:41:41.482 5912-6187/com.qiniu.motiondetect E/CameraActivity: handleMessage...
