    http://123.59.185.101:8080/api/v10/smartClient/getToken?deviceId=605978411
06-27 09:41:41.742 5912-6187/com.qiniu.motiondetect E/CameraActivity: token: -uNORE8AccnhnSt0utAuUrtmJcugo8BDDJeIk2R3:f1rGNsdByHOoUeQrYb24reqXTvM=:eyJzY29wZSI6InFkZmFjZXN0b3JlIiwiZGVhZGxpbmUiOjE1MzAwNjM5OTd9
06-27 09:41:41.744 5912-6187/com.qiniu.motiondetect E/CameraActivity: uploadVideo
06-27 09:41:43.083 5912-5912/com.qiniu.motiondetect E/CameraActivity: Start record: 1530063703082
06-27 09:41:44.721 5912-5912/com.qiniu.motiondetect E/CameraActivity: {ver:7.3.11,ResponseInfo:153006214825061,status:614, reqId:9QkAAGFH4zHV4DsV, xlog:body:2;0s.ph;0s.put.in:1;0s.put.disk:10;1s.put.in:1;1s.put.disk:21;1s.ph;PFDS:23;0s.put.out:9;PFDS:24;body;rs12_1.sel:2;rwro.ins:2/file exists;MQ;RS.not:;RS:2/614;rs.put:3/file exists;rs-upload:;UP:31/614, xvia:vdn-jszj-tel-1-3, host:upload-z1.qiniup.com, path:/, ip:222.186.140.21, port:80, duration:2955 s, time:1530063704, sent:1349798,error:file exists}token: -uNORE8AccnhnSt0utAuUrtmJcugo8BDDJeIk2R3:f1rGNsdByHOoUeQrYb24reqXTvM=:eyJzY29wZSI6InFkZmFjZXN0b3JlIiwiZGVhZGxpbmUiOjE1MzAwNjM5OTd9
    uploadVideo
06-27 09:41:48.136 5912-5912/com.qiniu.motiondetect E/CameraActivity: {ver:7.3.11,ResponseInfo:153006214825061,status:614, reqId:9QkAAD1_vwfW4DsV, xlog:body:1;0s.ph;0s.put.in;0s.put.disk:10;1s.put.in;1s.put.disk:21;1s.ph;PFDS:22;0s.put.out:10;PFDS:24;body;rs12_1.sel;rwro.ins/file exists;MQ;RS.not:;RS:1/614;rs.put:1/file exists;rs-upload:;UP:28/614, xvia:vdn-jszj-tel-1-3, host:upload-z1.qiniup.com, path:/, ip:222.186.140.21, port:80, duration:3392 s, time:1530063708, sent:1349798,error:file exists}token: -uNORE8AccnhnSt0utAuUrtmJcugo8BDDJeIk2R3:f1rGNsdByHOoUeQrYb24reqXTvM=:eyJzY29wZSI6InFkZmFjZXN0b3JlIiwiZGVhZGxpbmUiOjE1MzAwNjM5OTd9
    Upload failed
06-27 09:41:53.084 5912-5912/com.qiniu.motiondetect E/CameraActivity: current length: 10001 isMoving: false
06-27 09:41:54.266 5912-15260/com.qiniu.motiondetect E/CameraActivity: onSaveVideoSuccess
06-27 09:41:54.268 5912-6187/com.qiniu.motiondetect E/CameraActivity: handleMessage...
    http://123.59.185.101:8080/api/v10/smartClient/getToken?deviceId=605978411
06-27 09:41:54.372 5912-5912/com.qiniu.motiondetect E/CameraActivity: Start record: 1530063714372
06-27 09:41:54.392 5912-6187/com.qiniu.motiondetect E/CameraActivity: token: -uNORE8AccnhnSt0utAuUrtmJcugo8BDDJeIk2R3:26F2DfafIEVw46hitvkgBP67Ozw=:eyJzY29wZSI6InFkZmFjZXN0b3JlIiwiZGVhZGxpbmUiOjE1MzAwNjQwMTB9
06-27 09:41:54.394 5912-6187/com.qiniu.motiondetect E/CameraActivity: uploadVideo
06-27 09:41:59.049 5912-5912/com.qiniu.motiondetect E/CameraActivity: {ver:7.3.11,ResponseInfo:153006214825061,status:200, reqId:9QkAADpDPY7Y4DsV, xlog:body:2;0s.ph;0s.put.in:1;0s.put.disk:15;1s.put.in:1;1s.put.disk:19;1s.ph;PFDS:21;0s.put.out:10;PFDS:22;body;rs12_12.sel:2/not found;rs11_12.sel:2/not found;rdb.g/no such key;DBD/404;v4.get/Document not found;rs12_12.ins:3;rwro.ins:7;RS:7;rs.put:8;rs-upload.putFile:31;UP:46, xvia:vdn-jszj-tel-1-3, host:upload-z1.qiniup.com, path:/, ip:222.186.140.21, port:80, duration:4640 s, time:1530063719, sent:1352162,error:null}token: -uNORE8AccnhnSt0utAuUrtmJcugo8BDDJeIk2R3:26F2DfafIEVw46hitvkgBP67Ozw=:eyJzY29wZSI6InFkZmFjZXN0b3JlIiwiZGVhZGxpbmUiOjE1MzAwNjQwMTB9
06-27 09:41:59.051 5912-15300/com.qiniu.motiondetect E/CameraActivity: http://123.59.185.101:8080/api/v10/smartClient/uploadDetectInfo?uuid=d675de8b8a2147fdba65f4d826881db6&deviceId=605978411&targetType=2&collectTime=1530063719051&vidUrl=20180627_vid_1530063714372&imgUrl=
06-27 09:42:04.393 5912-5912/com.qiniu.motiondetect E/CameraActivity: current length: 10021 isMoving: true
06-27 09:42:05.570 5912-15325/com.qiniu.motiondetect E/CameraActivity: onSaveVideoSuccess
06-27 09:42:05.571 5912-6187/com.qiniu.motiondetect E/CameraActivity: handleMessage...
    http://123.59.185.101:8080/api/v10/smartClient/getToken?deviceId=605978411
06-27 09:42:05.871 5912-6187/com.qiniu.motiondetect E/CameraActivity: token: -uNORE8AccnhnSt0utAuUrtmJcugo8BDDJeIk2R3:vFsVBnjW-q5RnRHzv6kdKfsaOY8=:eyJzY29wZSI6InFkZmFjZXN0b3JlIiwiZGVhZGxpbmUiOjE1MzAwNjQwMjJ9
06-27 09:42:05.872 5912-6187/com.qiniu.motiondetect E/CameraActivity: uploadVideo
06-27 09:42:08.086 5912-5912/com.qiniu.motiondetect E/CameraActivity: Start record: 1530063728086
06-27 09:42:10.481 5912-5912/com.qiniu.motiondetect E/CameraActivity: {ver:7.3.11,ResponseInfo:153006214825061,status:614, reqId:9QkAABA0XCLb4DsV, xlog:body:1;0s.ph:53;0s.put.in:1;0s.put.disk:11;1s.put.in:1;1s.put.disk:12;1s.ph;PFDS:15;0s.put.out:10;PFDS:69;body;rs12_12.sel:2;rwro.ins:2/file exists;MQ;RS.not:;RS:3/614;rs.put:3/file exists;rs-upload:;UP:76/614, xvia:vdn-jszj-tel-1-3, host:upload-z1.qiniup.com, path:/, ip:222.186.140.21, port:80, duration:4574 s, time:1530063730, sent:1342448,error:file exists}token: -uNORE8AccnhnSt0utAuUrtmJcugo8BDDJeIk2R3:vFsVBnjW-q5RnRHzv6kdKfsaOY8=:eyJzY29wZSI6InFkZmFjZXN0b3JlIiwiZGVhZGxpbmUiOjE1MzAwNjQwMjJ9
    uploadVideo
06-27 09:42:16.742 5912-5912/com.qiniu.motiondetect E/CameraActivity: {ver:7.3.11,ResponseInfo:153006214825061,status:614, reqId:9QkAAJ4fd7Lc4DsV, xlog:body:4;0s.ph;0s.put.in:1;0s.put.disk:10;1s.put.in:1;1s.put.disk:12;1s.ph;PFDS:15;0s.put.out:10;PFDS:17;body;rs12_12.sel:2;rwro.ins:2/file exists;MQ;RS.not:;RS:2/614;rs.put:3/file exists;rs-upload:;UP:27/614, xvia:vdn-jszj-tel-1-3, host:upload-z1.qiniup.com, path:/, ip:222.186.140.21, port:80, duration:6230 s, time:1530063736, sent:1342448,error:file exists}token: -uNORE8AccnhnSt0utAuUrtmJcugo8BDDJeIk2R3:vFsVBnjW-q5RnRHzv6kdKfsaOY8=:eyJzY29wZSI6InFkZmFjZXN0b3JlIiwiZGVhZGxpbmUiOjE1MzAwNjQwMjJ9
    Upload failed
06-27 09:42:18.093 5912-5912/com.qiniu.motiondetect E/CameraActivity: current length: 10007 isMoving: false
06-27 09:42:19.296 5912-15397/com.qiniu.motiondetect E/CameraActivity: onSaveVideoSuccess
06-27 09:42:19.296 5912-6187/com.qiniu.motiondetect E/CameraActivity: handleMessage...
06-27 09:42:19.297 5912-6187/com.qiniu.motiondetect E/CameraActivity: http://123.59.185.101:8080/api/v10/smartClient/getToken?deviceId=605978411
06-27 09:42:19.405 5912-5912/com.qiniu.motiondetect E/CameraActivity: Start record: 1530063739405
06-27 09:42:19.423 5912-6187/com.qiniu.motiondetect E/CameraActivity: token: -uNORE8AccnhnSt0utAuUrtmJcugo8BDDJeIk2R3:x-5j2pYBWxBRWGfe88pZPmb-xUo=:eyJzY29wZSI6InFkZmFjZXN0b3JlIiwiZGVhZGxpbmUiOjE1MzAwNjQwMzV9
06-27 09:42:19.424 5912-6187/com.qiniu.motiondetect E/CameraActivity: uploadVideo
06-27 09:42:24.485 5912-5912/com.qiniu.motiondetect E/CameraActivity: {ver:7.3.11,ResponseInfo:153006214825061,status:200, reqId:9QkAAJAhbXre4DsV, xlog:body:1;0s.ph;0s.put.in:1;0s.put.disk:10;1s.put.in:1;1s.put.disk:12;1s.ph;PFDS:14;0s.put.out:10;PFDS:15;body;rs12_12.sel:2/not found;rs11_12.sel:2/not found;rdb.g/no such key;DBD/404;v4.get/Document not found;rs12_12.ins:7;rwro.ins:12;RS:12;rs.put:12;rs-upload.putFile:29;UP:32, xvia:vdn-jszj-tel-1-3, host:upload-z1.qiniup.com, path:/, ip:222.186.140.21, port:80, duration:5046 s, time:1530063744, sent:1347220,error:null}token: -uNORE8AccnhnSt0utAuUrtmJcugo8BDDJeIk2R3:x-5j2pYBWxBRWGfe88pZPmb-xUo=:eyJzY29wZSI6InFkZmFjZXN0b3JlIiwiZGVhZGxpbmUiOjE1MzAwNjQwMzV9
06-27 09:42:24.489 5912-15439/com.qiniu.motiondetect E/CameraActivity: http://123.59.185.101:8080/api/v10/smartClient/uploadDetectInfo?uuid=f08624e9b29541a08d2bf5210c057306&deviceId=605978411&targetType=2&collectTime=1530063744489&vidUrl=20180627_vid_1530063739405&imgUrl=
06-27 09:42:29.410 5912-5912/com.qiniu.motiondetect E/CameraActivity: current length: 10005 isMoving: true
06-27 09:42:30.513 5912-15458/com.qiniu.motiondetect E/CameraActivity: onSaveVideoSuccess
06-27 09:42:30.514 5912-6187/com.qiniu.motiondetect E/CameraActivity: handleMessage...
    http://123.59.185.101:8080/api/v10/smartClient/getToken?deviceId=605978411
06-27 09:42:30.748 5912-6187/com.qiniu.motiondetect E/CameraActivity: token: -uNORE8AccnhnSt0utAuUrtmJcugo8BDDJeIk2R3:wNSeY2XPr_SstV_vBRRpG1dMV9Y=:eyJzY29wZSI6InFkZmFjZXN0b3JlIiwiZGVhZGxpbmUiOjE1MzAwNjQwNDZ9
06-27 09:42:30.749 5912-6187/com.qiniu.motiondetect E/CameraActivity: uploadVideo
06-27 09:42:31.147 5912-5912/com.qiniu.motiondetect E/CameraActivity: Start record: 1530063751147
06-27 09:42:34.117 5912-5912/com.qiniu.motiondetect E/CameraActivity: {ver:7.3.11,ResponseInfo:153006214825061,status:614, reqId:9QkAAFmzzqTg4DsV, xlog:body:1;0s.ph;0s.put.in:1;0s.put.disk:29;1s.put.in:1;1s.put.disk:30;1s.ph;PFDS:32;0s.put.out:5;PFDS:36;body;rs12_12.sel:1;rwro.ins:1/file exists;MQ;RS.not:;RS:2/614;rs.put:2/file exists;rs-upload:;UP:42/614, xvia:vdn-jszj-tel-1-3, host:upload-z1.qiniup.com, path:/, ip:222.186.140.21, port:80, duration:3342 s, time:1530063754, sent:1351545,error:file exists}token: -uNORE8AccnhnSt0utAuUrtmJcugo8BDDJeIk2R3:wNSeY2XPr_SstV_vBRRpG1dMV9Y=:eyJzY29wZSI6InFkZmFjZXN0b3JlIiwiZGVhZGxpbmUiOjE1MzAwNjQwNDZ9
    uploadVideo
06-27 09:42:36.965 5912-5912/com.qiniu.motiondetect E/CameraActivity: {ver:7.3.11,ResponseInfo:153006214825061,status:614, reqId:9QkAALu9_Fjh4DsV, xlog:body:1;0s.ph;0s.put.in:1;0s.put.disk:10;1s.put.in:1;1s.put.disk:10;1s.ph;PFDS:12;0s.put.out:10;PFDS:14;body;rs12_12.sel:2;rwro.ins:2/file exists;MQ;RS.not:;RS:2/614;rs.put:3/file exists;rs-upload:;UP:20/614, xvia:vdn-jszj-tel-1-3, host:upload-z1.qiniup.com, path:/, ip:222.186.140.21, port:80, duration:2829 s, time:1530063756, sent:1351545,error:file exists}token: -uNORE8AccnhnSt0utAuUrtmJcugo8BDDJeIk2R3:wNSeY2XPr_SstV_vBRRpG1dMV9Y=:eyJzY29wZSI6InFkZmFjZXN0b3JlIiwiZGVhZGxpbmUiOjE1MzAwNjQwNDZ9
    Upload failed
06-27 09:42:41.150 5912-5912/com.qiniu.motiondetect E/CameraActivity: current length: 10002 isMoving: true
06-27 09:42:42.323 5912-15523/com.qiniu.motiondetect E/CameraActivity: onSaveVideoSuccess
06-27 09:42:42.326 5912-6187/com.qiniu.motiondetect E/CameraActivity: handleMessage...
    http://123.59.185.101:8080/api/v10/smartClient/getToken?deviceId=605978411
06-27 09:42:42.448 5912-6187/com.qiniu.motiondetect E/CameraActivity: token: -uNORE8AccnhnSt0utAuUrtmJcugo8BDDJeIk2R3:E8Q_8_O6MaX2KI_FQm3V35zZTn8=:eyJzY29wZSI6InFkZmFjZXN0b3JlIiwiZGVhZGxpbmUiOjE1MzAwNjQwNTh9
06-27 09:42:42.450 5912-6187/com.qiniu.motiondetect E/CameraActivity: uploadVideo
06-27 09:42:43.727 5912-5912/com.qiniu.motiondetect E/CameraActivity: Start record: 1530063763727
06-27 09:42:45.535 5912-5912/com.qiniu.motiondetect E/CameraActivity: {ver:7.3.11,ResponseInfo:153006214825061,status:200, reqId:9QkAAB0RV2Lj4DsV, xlog:body:1;0s.ph;0s.put.in:1;0s.put.disk:18;1s.put.in:1;1s.put.disk:33;1s.ph;PFDS:35;0s.put.out:9;PFDS:39;body;rs12_6.sel:2/not found;rs11_6.sel:2/not found;rdb.g/no such key;DBD/404;v4.get/Document not found;rs12_6.ins:5;rwro.ins:10;RS:10;rs.put:11;rs-upload.putFile:51;UP:53, xvia:vdn-jszj-tel-1-3, host:upload-z1.qiniup.com, path:/, ip:222.186.140.21, port:80, duration:3069 s, time:1530063765, sent:1343032,error:null}token: -uNORE8AccnhnSt0utAuUrtmJcugo8BDDJeIk2R3:E8Q_8_O6MaX2KI_FQm3V35zZTn8=:eyJzY29wZSI6InFkZmFjZXN0b3JlIiwiZGVhZGxpbmUiOjE1MzAwNjQwNTh9
06-27 09:42:45.537 5912-15559/com.qiniu.motiondetect E/CameraActivity: http://123.59.185.101:8080/api/v10/smartClient/uploadDetectInfo?uuid=db97d095468f4074b0c3f8aedf20b961&deviceId=605978411&targetType=2&collectTime=1530063765537&vidUrl=20180627_vid_1530063751148&imgUrl=
06-27 09:42:53.735 5912-5912/com.qiniu.motiondetect E/CameraActivity: current length: 10008 isMoving: false
06-27 09:42:54.874 5912-15597/com.qiniu.motiondetect E/CameraActivity: onSaveVideoSuccess
06-27 09:42:54.874 5912-6187/com.qiniu.motiondetect E/CameraActivity: handleMessage...
06-27 09:42:54.875 5912-6187/com.qiniu.motiondetect E/CameraActivity: http://123.59.185.101:8080/api/v10/smartClient/getToken?deviceId=605978411
06-27 09:42:55.106 5912-5912/com.qiniu.motiondetect E/CameraActivity: Start record: 1530063775106
06-27 09:42:55.124 5912-6187/com.qiniu.motiondetect E/CameraActivity: token: -uNORE8AccnhnSt0utAuUrtmJcugo8BDDJeIk2R3:qjPifHPiWFw0JBmopfwNZMRpRtY=:eyJzY29wZSI6InFkZmFjZXN0b3JlIiwiZGVhZGxpbmUiOjE1MzAwNjQwNzF9
06-27 09:42:55.125 5912-6187/com.qiniu.motiondetect E/CameraActivity: uploadVideo
06-27 09:42:58.008 5912-5912/com.qiniu.motiondetect E/CameraActivity: {ver:7.3.11,ResponseInfo:153006214825061,status:200, reqId:9QkAAEv1MUfm4DsV, xlog:body:3;0s.ph;0s.put.in:1;0s.put.disk:16;1s.put.in:1;1s.put.disk:18;1s.ph;PFDS:20;0s.put.out:9;PFDS:21;body;rs12_10.sel:2/not found;rs11_10.sel:2/not found;rdb.g/no such key;DBD/404;v4.get/Document not found;rs12_10.ins:3;rwro.ins:7;RS:7;rs.put:8;rs-upload.putFile:30;UP:34, xvia:vdn-jszj-tel-1-3, host:upload-z1.qiniup.com, path:/, ip:222.186.140.21, port:80, duration:2836 s, time:1530063778, sent:1345695,error:null}token: -uNORE8AccnhnSt0utAuUrtmJcugo8BDDJeIk2R3:qjPifHPiWFw0JBmopfwNZMRpRtY=:eyJzY29wZSI6InFkZmFjZXN0b3JlIiwiZGVhZGxpbmUiOjE1MzAwNjQwNzF9
06-27 09:42:58.017 5912-15630/com.qiniu.motiondetect E/CameraActivity: http://123.59.185.101:8080/api/v10/smartClient/uploadDetectInfo?uuid=94d9ecd9b80a4d1bb1cd6312026c4c3a&deviceId=605978411&targetType=2&collectTime=1530063778016&vidUrl=20180627_vid_1530063775106&imgUrl=
06-27 09:43:05.108 5912-5912/com.qiniu.motiondetect E/CameraActivity: current length: 10002 isMoving: false
06-27 09:43:06.237 5912-15662/com.qiniu.motiondetect E/CameraActivity: onSaveVideoSuccess
06-27 09:43:06.238 5912-6187/com.qiniu.motiondetect E/CameraActivity: handleMessage...
    http://123.59.185.101:8080/api/v10/smartClient/getToken?deviceId=605978411
06-27 09:43:06.515 5912-6187/com.qiniu.motiondetect E/CameraActivity: token: -uNORE8AccnhnSt0utAuUrtmJcugo8BDDJeIk2R3:IAbSmXBjrs3QVOVmHwV84DrEa5I=:eyJzY29wZSI6InFkZmFjZXN0b3JlIiwiZGVhZGxpbmUiOjE1MzAwNjQwODJ9
06-27 09:43:06.517 5912-6187/com.qiniu.motiondetect E/CameraActivity: uploadVideo
06-27 09:43:07.162 5912-5912/com.qiniu.motiondetect E/CameraActivity: Start record: 1530063787162
06-27 09:43:10.192 5912-5912/com.qiniu.motiondetect E/CameraActivity: {ver:7.3.11,ResponseInfo:153006214825061,status:614, reqId:9QkAANssDiHp4DsV, xlog:body:3;0s.ph;0s.put.in:1;0s.put.disk:14;1s.put.in:1;1s.put.disk:19;1s.ph;PFDS:21;0s.put.out:14;PFDS:23;body;rs12_10.sel:3;rwro.ins:3/file exists;MQ;RS.not:;RS:4/614;rs.put:4/file exists;rs-upload:;UP:35/614, xvia:vdn-jszj-tel-1-3, host:upload-z1.qiniup.com, path:/, ip:222.186.140.21, port:80, duration:3655 s, time:1530063790, sent:1334098,error:file exists}token: -uNORE8AccnhnSt0utAuUrtmJcugo8BDDJeIk2R3:IAbSmXBjrs3QVOVmHwV84DrEa5I=:eyJzY29wZSI6InFkZmFjZXN0b3JlIiwiZGVhZGxpbmUiOjE1MzAwNjQwODJ9
    uploadVideo
06-27 09:43:13.871 5912-5912/com.qiniu.motiondetect E/CameraActivity: {ver:7.3.11,ResponseInfo:153006214825061,status:614, reqId:9QkAAMAmkvzp4DsV, xlog:body:1;0s.ph;0s.put.in:1;0s.put.disk:10;1s.put.in:1;1s.put.disk:12;1s.ph;PFDS:14;0s.put.out:10;PFDS:18;body;rs12_10.sel:2;rwro.ins:2/file exists;MQ;RS.not:;RS:2/614;rs.put:3/file exists;rs-upload:;UP:24/614, xvia:vdn-jszj-tel-1-3, host:upload-z1.qiniup.com, path:/, ip:222.186.140.21, port:80, duration:3655 s, time:1530063793, sent:1334098,error:file exists}token: -uNORE8AccnhnSt0utAuUrtmJcugo8BDDJeIk2R3:IAbSmXBjrs3QVOVmHwV84DrEa5I=:eyJzY29wZSI6InFkZmFjZXN0b3JlIiwiZGVhZGxpbmUiOjE1MzAwNjQwODJ9
    Upload failed
06-27 09:43:17.163 5912-5912/com.qiniu.motiondetect E/CameraActivity: current length: 10001 isMoving: false
06-27 09:43:18.418 5912-15727/com.qiniu.motiondetect E/CameraActivity: onSaveVideoSuccess
06-27 09:43:18.419 5912-6187/com.qiniu.motiondetect E/CameraActivity: handleMessage...
    http://123.59.185.101:8080/api/v10/smartClient/getToken?deviceId=605978411
06-27 09:43:18.426 5912-5912/com.qiniu.motiondetect E/CameraActivity: Start record: 1530063798426
06-27 09:43:18.543 5912-6187/com.qiniu.motiondetect E/CameraActivity: token: -uNORE8AccnhnSt0utAuUrtmJcugo8BDDJeIk2R3:KLQJ2EWvvZeAkkRvPJ2oFT2SDNY=:eyJzY29wZSI6InFkZmFjZXN0b3JlIiwiZGVhZGxpbmUiOjE1MzAwNjQwOTR9
06-27 09:43:18.544 5912-6187/com.qiniu.motiondetect E/CameraActivity: uploadVideo
06-27 09:43:22.324 5912-5912/com.qiniu.motiondetect E/CameraActivity: {ver:7.3.11,ResponseInfo:153006214825061,status:200, reqId:9QkAAILM7_fr4DsV, xlog:body:3;0s.ph;0s.put.in:1;0s.put.disk:28;1s.put.in:1;1s.put.disk:30;1s.ph;PFDS:32;0s.put.out:9;PFDS:37;body;rs12_4.sel:2/not found;rs11_4.sel:2/not found;rdb.g/no such key;DBD/404;v4.get/Document not found;rs12_4.ins:4;rwro.ins:9;RS:9;rs.put:10;rs-upload.putFile:48;UP:53, xvia:vdn-jszj-tel-1-3, host:upload-z1.qiniup.com, path:/, ip:222.186.140.21, port:80, duration:3763 s, time:1530063802, sent:1348914,error:null}token: -uNORE8AccnhnSt0utAuUrtmJcugo8BDDJeIk2R3:KLQJ2EWvvZeAkkRvPJ2oFT2SDNY=:eyJzY29wZSI6InFkZmFjZXN0b3JlIiwiZGVhZGxpbmUiOjE1MzAwNjQwOTR9
06-27 09:43:22.326 5912-15764/com.qiniu.motiondetect E/CameraActivity: http://123.59.185.101:8080/api/v10/smartClient/uploadDetectInfo?uuid=a17c54b5a2f24da886471a4462db772a&deviceId=605978411&targetType=2&collectTime=1530063802325&vidUrl=20180627_vid_1530063798426&imgUrl=
06-27 09:43:28.428 5912-5912/com.qiniu.motiondetect E/CameraActivity: current length: 10002 isMoving: false
06-27 09:43:29.687 5912-15795/com.qiniu.motiondetect E/CameraActivity: onSaveVideoSuccess
06-27 09:43:29.688 5912-6187/com.qiniu.motiondetect E/CameraActivity: handleMessage...
    http://123.59.185.101:8080/api/v10/smartClient/getToken?deviceId=605978411
06-27 09:43:29.917 5912-6187/com.qiniu.motiondetect E/CameraActivity: token: -uNORE8AccnhnSt0utAuUrtmJcugo8BDDJeIk2R3:kWlLGQWZC44qbRFxpuLAlfXqJTc=:eyJzY29wZSI6InFkZmFjZXN0b3JlIiwiZGVhZGxpbmUiOjE1MzAwNjQxMDZ9
06-27 09:43:29.919 5912-6187/com.qiniu.motiondetect E/CameraActivity: uploadVideo
06-27 09:43:30.319 5912-5912/com.qiniu.motiondetect E/CameraActivity: Start record: 1530063810318
06-27 09:43:34.212 5912-5912/com.qiniu.motiondetect E/CameraActivity: {ver:7.3.11,ResponseInfo:153006214825061,status:614, reqId:9QkAAODpDrnu4DsV, xlog:body:1;0s.ph;0s.put.in:1;0s.put.disk:10;1s.put.in:2;1s.put.disk:9;1s.ph;PFDS:12;0s.put.out:10;PFDS:14;body;rs12_4.sel:2;rwro.ins:2/file exists;MQ;RS.not:;RS:3/614;rs.put:4/file exists;rs-upload:;UP:21/614, xvia:vdn-jszj-tel-1-3, host:upload-z1.qiniup.com, path:/, ip:222.186.140.21, port:80, duration:4270 s, time:1530063814, sent:1336237,error:file exists}token: -uNORE8AccnhnSt0utAuUrtmJcugo8BDDJeIk2R3:kWlLGQWZC44qbRFxpuLAlfXqJTc=:eyJzY29wZSI6InFkZmFjZXN0b3JlIiwiZGVhZGxpbmUiOjE1MzAwNjQxMDZ9
    uploadVideo
06-27 09:43:37.267 5912-5912/com.qiniu.motiondetect E/CameraActivity: {ver:7.3.11,ResponseInfo:153006214825061,status:614, reqId:9QkAAPtgO3Lv4DsV, xlog:body:1;0s.ph;0s.put.in:1;0s.put.disk:18;1s.put.in:2;1s.put.disk:17;1s.ph;PFDS:21;0s.put.out:8;PFDS:23;body;rs12_4.sel:2;rwro.ins:2/file exists;MQ;RS.not:;RS:3/614;rs.put:3/file exists;rs-upload:;UP:30/614, xvia:vdn-jszj-tel-1-3, host:upload-z1.qiniup.com, path:/, ip:222.186.140.21, port:80, duration:3039 s, time:1530063817, sent:1336237,error:file exists}token: -uNORE8AccnhnSt0utAuUrtmJcugo8BDDJeIk2R3:kWlLGQWZC44qbRFxpuLAlfXqJTc=:eyJzY29wZSI6InFkZmFjZXN0b3JlIiwiZGVhZGxpbmUiOjE1MzAwNjQxMDZ9
    Upload failed
06-27 09:43:40.321 5912-5912/com.qiniu.motiondetect E/CameraActivity: current length: 10002 isMoving: false
06-27 09:43:41.501 5912-15860/com.qiniu.motiondetect E/CameraActivity: onSaveVideoSuccess
06-27 09:43:41.502 5912-6187/com.qiniu.motiondetect E/CameraActivity: handleMessage...
    http://123.59.185.101:8080/api/v10/smartClient/getToken?deviceId=605978411
06-27 09:43:41.624 5912-6187/com.qiniu.motiondetect E/CameraActivity: token: -uNORE8AccnhnSt0utAuUrtmJcugo8BDDJeIk2R3:phJ-yVGXCamubo5nI46xjD4y234=:eyJzY29wZSI6InFkZmFjZXN0b3JlIiwiZGVhZGxpbmUiOjE1MzAwNjQxMTd9
06-27 09:43:41.625 5912-6187/com.qiniu.motiondetect E/CameraActivity: uploadVideo
06-27 09:43:42.413 5912-5912/com.qiniu.motiondetect E/CameraActivity: Start record: 1530063822413
06-27 09:43:45.754 5912-5912/com.qiniu.motiondetect E/CameraActivity: {ver:7.3.11,ResponseInfo:153006214825061,status:200, reqId:9QkAACPxwGrx4DsV, xlog:body:2;0s.ph;0s.put.in;0s.put.disk:10;1s.put.in;1s.put.disk:13;1s.ph;PFDS:14;0s.put.out:10;PFDS:15;body;rs12_10.sel/not found;rs11_10.sel/not found;rdb.g/no such key;DBD/404;v4.get/Document not found;rs12_10.ins:4;rwro.ins:5;RS:5;rs.put:9;rs-upload.putFile:25;UP:28, xvia:vdn-jszj-tel-1-3, host:upload-z1.qiniup.com, path:/, ip:222.186.140.21, port:80, duration:4112 s, time:1530063825, sent:1344382,error:null}token: -uNORE8AccnhnSt0utAuUrtmJcugo8BDDJeIk2R3:phJ-yVGXCamubo5nI46xjD4y234=:eyJzY29wZSI6InFkZmFjZXN0b3JlIiwiZGVhZGxpbmUiOjE1MzAwNjQxMTd9
06-27 09:43:45.756 5912-15900/com.qiniu.motiondetect E/CameraActivity: http://123.59.185.101:8080/api/v10/smartClient/uploadDetectInfo?uuid=f006e8ea7cde423aafc90822c67937cb&deviceId=605978411&targetType=2&collectTime=1530063825756&vidUrl=20180627_vid_1530063810319&imgUrl=
06-27 09:43:52.416 5912-5912/com.qiniu.motiondetect E/CameraActivity: current length: 10002 isMoving: true
06-27 09:43:53.775 5912-15930/com.qiniu.motiondetect E/CameraActivity: onSaveVideoSuccess
06-27 09:43:53.776 5912-6187/com.qiniu.motiondetect E/CameraActivity: handleMessage...
    http://123.59.185.101:8080/api/v10/smartClient/getToken?deviceId=605978411
06-27 09:43:54.019 5912-6187/com.qiniu.motiondetect E/CameraActivity: token: -uNORE8AccnhnSt0utAuUrtmJcugo8BDDJeIk2R3:iDIdlZXS-OIh5cfxxoHgxTCsUS8=:eyJzY29wZSI6InFkZmFjZXN0b3JlIiwiZGVhZGxpbmUiOjE1MzAwNjQxMzB9
06-27 09:43:54.020 5912-6187/com.qiniu.motiondetect E/CameraActivity: uploadVideo
06-27 09:43:57.034 5912-5912/com.qiniu.motiondetect E/CameraActivity: {ver:7.3.11,ResponseInfo:153006214825061,status:200, reqId:9QkAAHYzgfnz4DsV, xlog:body:2;0s.ph;0s.put.in:1;0s.put.disk:12;1s.put.in:1;1s.put.disk:9;1s.ph;PFDS:12;0s.put.out:11;PFDS:15;body;rs12_5.sel:2/not found;rs11_5.sel:2/not found;rdb.g/no such key;DBD/404;v4.get/Document not found;rs12_5.ins:3;rwro.ins:7;RS:7;rs.put:8;rs-upload.putFile:25;UP:28, xvia:vdn-jszj-tel-1-3, host:upload-z1.qiniup.com, path:/, ip:222.186.140.21, port:80, duration:2987 s, time:1530063837, sent:1340826,error:null}token: -uNORE8AccnhnSt0utAuUrtmJcugo8BDDJeIk2R3:iDIdlZXS-OIh5cfxxoHgxTCsUS8=:eyJzY29wZSI6InFkZmFjZXN0b3JlIiwiZGVhZGxpbmUiOjE1MzAwNjQxMzB9
06-27 09:43:57.036 5912-15951/com.qiniu.motiondetect E/CameraActivity: http://123.59.185.101:8080/api/v10/smartClient/uploadDetectInfo?uuid=f0833206cab84a7c9cc1ca26ea923b83&deviceId=605978411&targetType=2&collectTime=1530063837035&vidUrl=20180627_vid_1530063822414&imgUrl=
06-27 09:43:59.127 5912-5912/com.qiniu.motiondetect E/CameraActivity: Start record: 1530063839127
06-27 09:44:09.138 5912-5912/com.qiniu.motiondetect E/CameraActivity: current length: 10010 isMoving: true
06-27 09:44:10.341 5912-16016/com.qiniu.motiondetect E/CameraActivity: onSaveVideoSuccess
06-27 09:44:10.341 5912-6187/com.qiniu.motiondetect E/CameraActivity: handleMessage...
06-27 09:44:10.342 5912-6187/com.qiniu.motiondetect E/CameraActivity: http://123.59.185.101:8080/api/v10/smartClient/getToken?deviceId=605978411
06-27 09:44:10.377 5912-5912/com.qiniu.motiondetect E/CameraActivity: Start record: 1530063850377
06-27 09:44:10.657 5912-6187/com.qiniu.motiondetect E/CameraActivity: token: -uNORE8AccnhnSt0utAuUrtmJcugo8BDDJeIk2R3:xYog5ialJgRrH-INsxI6E4KI03M=:eyJzY29wZSI6InFkZmFjZXN0b3JlIiwiZGVhZGxpbmUiOjE1MzAwNjQxNDZ9
06-27 09:44:10.659 5912-6187/com.qiniu.motiondetect E/CameraActivity: uploadVideo
06-27 09:44:13.073 5912-5912/com.qiniu.motiondetect E/CameraActivity: {ver:7.3.11,ResponseInfo:153006214825061,status:200, reqId:9QkAAGa428D34DsV, xlog:body:2;0s.ph;0s.put.in:1;0s.put.disk:10;1s.put.in:1;1s.put.disk:9;1s.ph;PFDS:12;0s.put.out:10;PFDS:13;body;rs12_2.sel:2/not found;rs11_2.sel:2/not found;rdb.g/no such key;DBD/404;v4.get/Document not found;rs12_2.ins:5;rwro.ins:10;RS:11;rs.put:12;rs-upload.putFile:26;UP:31, xvia:vdn-jszj-tel-1-3, host:upload-z1.qiniup.com, path:/, ip:222.186.140.21, port:80, duration:2391 s, time:1530063853, sent:1349072,error:null}token: -uNORE8AccnhnSt0utAuUrtmJcugo8BDDJeIk2R3:xYog5ialJgRrH-INsxI6E4KI03M=:eyJzY29wZSI6InFkZmFjZXN0b3JlIiwiZGVhZGxpbmUiOjE1MzAwNjQxNDZ9
06-27 09:44:13.076 5912-16046/com.qiniu.motiondetect E/CameraActivity: http://123.59.185.101:8080/api/v10/smartClient/uploadDetectInfo?uuid=0079285751cf4181b09ab081fc2897c8&deviceId=605978411&targetType=2&collectTime=1530063853076&vidUrl=20180627_vid_1530063850377&imgUrl=
06-27 09:44:20.391 5912-5912/com.qiniu.motiondetect E/CameraActivity: current length: 10014 isMoving: false
06-27 09:44:21.494 5912-16076/com.qiniu.motiondetect E/CameraActivity: onSaveVideoSuccess
06-27 09:44:21.495 5912-6187/com.qiniu.motiondetect E/CameraActivity: handleMessage...
    http://123.59.185.101:8080/api/v10/smartClient/getToken?deviceId=605978411
06-27 09:44:21.728 5912-6187/com.qiniu.motiondetect E/CameraActivity: token: -uNORE8AccnhnSt0utAuUrtmJcugo8BDDJeIk2R3:Sw0FhH0DMSmvf1EsbExAtINk7l4=:eyJzY29wZSI6InFkZmFjZXN0b3JlIiwiZGVhZGxpbmUiOjE1MzAwNjQxNTd9
06-27 09:44:21.730 5912-6187/com.qiniu.motiondetect E/CameraActivity: uploadVideo
06-27 09:44:22.378 5912-5912/com.qiniu.motiondetect E/CameraActivity: Start record: 1530063862378
06-27 09:44:24.918 5912-5912/com.qiniu.motiondetect E/CameraActivity: {ver:7.3.11,ResponseInfo:153006214825061,status:614, reqId:9QkAANkOgon64DsV, xlog:body:1;0s.ph;0s.put.in:1;0s.put.disk:12;1s.put.in:2;1s.put.disk:16;1s.ph;PFDS:19;0s.put.out:9;PFDS:22;body;rs12_2.sel:2;rwro.ins:2/file exists;MQ;RS.not:;RS:2/614;rs.put:3/file exists;rs-upload:;UP:28/614, xvia:vdn-jszj-tel-1-3, host:upload-z1.qiniup.com, path:/, ip:222.186.140.21, port:80, duration:3160 s, time:1530063864, sent:1354617,error:file exists}token: -uNORE8AccnhnSt0utAuUrtmJcugo8BDDJeIk2R3:Sw0FhH0DMSmvf1EsbExAtINk7l4=:eyJzY29wZSI6InFkZmFjZXN0b3JlIiwiZGVhZGxpbmUiOjE1MzAwNjQxNTd9
    uploadVideo
06-27 09:44:28.671 5912-5912/com.qiniu.motiondetect E/CameraActivity: {ver:7.3.11,ResponseInfo:153006214825061,status:614, reqId:9QkAAMGu0lv74DsV, xlog:body:2;0s.ph;0s.put.in:1;0s.put.disk:16;1s.put.in:1;1s.put.disk:27;1s.ph;PFDS:29;0s.put.out:9;PFDS:30;body;rs12_2.sel:2;rwro.ins:2/file exists;MQ;RS.not:;RS:2/614;rs.put:3/file exists;rs-upload:;UP:38/614, xvia:vdn-jszj-tel-1-3, host:upload-z1.qiniup.com, path:/, ip:222.186.140.21, port:80, duration:3730 s, time:1530063868, sent:1354617,error:file exists}token: -uNORE8AccnhnSt0utAuUrtmJcugo8BDDJeIk2R3:Sw0FhH0DMSmvf1EsbExAtINk7l4=:eyJzY29wZSI6InFkZmFjZXN0b3JlIiwiZGVhZGxpbmUiOjE1MzAwNjQxNTd9
    Upload failed
06-27 09:44:32.384 5912-5912/com.qiniu.motiondetect E/CameraActivity: current length: 10005 isMoving: true
06-27 09:44:33.635 5912-16143/com.qiniu.motiondetect E/CameraActivity: onSaveVideoSuccess
06-27 09:44:33.637 5912-6187/com.qiniu.motiondetect E/CameraActivity: handleMessage...
    http://123.59.185.101:8080/api/v10/smartClient/getToken?deviceId=605978411
06-27 09:44:33.757 5912-6187/com.qiniu.motiondetect E/CameraActivity: token: -uNORE8AccnhnSt0utAuUrtmJcugo8BDDJeIk2R3:Kj0uyW6YrbWTPbulIvmxRZAELZw=:eyJzY29wZSI6InFkZmFjZXN0b3JlIiwiZGVhZGxpbmUiOjE1MzAwNjQxNjl9
06-27 09:44:33.759 5912-6187/com.qiniu.motiondetect E/CameraActivity: uploadVideo
06-27 09:44:37.656 5912-5912/com.qiniu.motiondetect E/CameraActivity: {ver:7.3.11,ResponseInfo:153006214825061,status:200, reqId:9QkAAFb4JHb94DsV, xlog:body:1;0s.ph;0s.put.in:1;0s.put.disk:11;1s.put.in:2;1s.put.disk:9;1s.ph;PFDS:13;0s.put.out:10;PFDS:15;body;rs12_7.sel:2/not found;rs11_7.sel:2/not found;rdb.g/no such key;DBD/404;v4.get/Document not found;rs12_7.ins:4;rwro.ins:9;RS:9;rs.put:9;rs-upload.putFile:25;UP:28, xvia:vdn-jszj-tel-1-3, host:upload-z1.qiniup.com, path:/, ip:222.186.140.21, port:80, duration:3879 s, time:1530063877, sent:1346696,error:null}token: -uNORE8AccnhnSt0utAuUrtmJcugo8BDDJeIk2R3:Kj0uyW6YrbWTPbulIvmxRZAELZw=:eyJzY29wZSI6InFkZmFjZXN0b3JlIiwiZGVhZGxpbmUiOjE1MzAwNjQxNjl9
06-27 09:44:37.657 5912-16168/com.qiniu.motiondetect E/CameraActivity: http://123.59.185.101:8080/api/v10/smartClient/uploadDetectInfo?uuid=284eca862c2a4809a1c286a2bfef8a1d&deviceId=605978411&targetType=2&collectTime=1530063877657&vidUrl=20180627_vid_1530063862379&imgUrl=
06-27 09:44:38.361 5912-5912/com.qiniu.motiondetect E/CameraActivity: Start record: 1530063878361
06-27 09:44:48.371 5912-5912/com.qiniu.motiondetect E/CameraActivity: current length: 10010 isMoving: false
06-27 09:44:49.583 5912-16231/com.qiniu.motiondetect E/CameraActivity: onSaveVideoSuccess
06-27 09:44:49.585 5912-6187/com.qiniu.motiondetect E/CameraActivity: handleMessage...
06-27 09:44:49.586 5912-6187/com.qiniu.motiondetect E/CameraActivity: http://123.59.185.101:8080/api/v10/smartClient/getToken?deviceId=605978411
06-27 09:44:49.844 5912-6187/com.qiniu.motiondetect E/CameraActivity: token: -uNORE8AccnhnSt0utAuUrtmJcugo8BDDJeIk2R3:_s_zMJYbNsCzhcKleBD26iF0ghk=:eyJzY29wZSI6InFkZmFjZXN0b3JlIiwiZGVhZGxpbmUiOjE1MzAwNjQxODZ9
06-27 09:44:49.846 5912-6187/com.qiniu.motiondetect E/CameraActivity: uploadVideo
06-27 09:44:52.920 5912-5912/com.qiniu.motiondetect E/CameraActivity: {ver:7.3.11,ResponseInfo:153006214825061,status:200, reqId:9QkAAFhKHBAB4TsV, xlog:body:3;0s.ph;0s.put.in:1;0s.put.disk:28;1s.put.in:1;1s.put.disk:25;1s.ph;PFDS:28;0s.put.out:27;PFDS:34;body;rs12_5.sel:2/not found;rs11_5.sel:1/not found;rdb.g/no such key;DBD/404;v4.get/Document not found;rs12_5.ins:7;rwro.ins:12;RS:12;rs.put:13;rs-upload.putFile:51;UP:56, xvia:vdn-jszj-tel-1-3, host:upload-z1.qiniup.com, path:/, ip:222.186.140.21, port:80, duration:3027 s, time:1530063892, sent:1358193,error:null}token: -uNORE8AccnhnSt0utAuUrtmJcugo8BDDJeIk2R3:_s_zMJYbNsCzhcKleBD26iF0ghk=:eyJzY29wZSI6InFkZmFjZXN0b3JlIiwiZGVhZGxpbmUiOjE1MzAwNjQxODZ9
06-27 09:44:52.922 5912-16253/com.qiniu.motiondetect E/CameraActivity: http://123.59.185.101:8080/api/v10/smartClient/uploadDetectInfo?uuid=895bdfd60e2448198895a01b64adadb2&deviceId=605978411&targetType=2&collectTime=1530063892922&vidUrl=20180627_vid_1530063878361&imgUrl=
06-27 09:44:53.155 5912-5912/com.qiniu.motiondetect E/CameraActivity: Start record: 1530063893155
06-27 09:45:03.156 5912-5912/com.qiniu.motiondetect E/CameraActivity: current length: 10001 isMoving: false
06-27 09:45:04.291 5912-16311/com.qiniu.motiondetect E/CameraActivity: onSaveVideoSuccess
06-27 09:45:04.294 5912-6187/com.qiniu.motiondetect E/CameraActivity: handleMessage...
    http://123.59.185.101:8080/api/v10/smartClient/getToken?deviceId=605978411
06-27 09:45:04.357 5912-5912/com.qiniu.motiondetect E/CameraActivity: Start record: 1530063904357
06-27 09:45:04.526 5912-6187/com.qiniu.motiondetect E/CameraActivity: token: -uNORE8AccnhnSt0utAuUrtmJcugo8BDDJeIk2R3:anZggp9cTZ6Zq22ysWE_kTsY5ug=:eyJzY29wZSI6InFkZmFjZXN0b3JlIiwiZGVhZGxpbmUiOjE1MzAwNjQyMDB9
06-27 09:45:04.527 5912-6187/com.qiniu.motiondetect E/CameraActivity: uploadVideo
06-27 09:45:08.245 5912-5912/com.qiniu.motiondetect E/CameraActivity: {ver:7.3.11,ResponseInfo:153006214825061,status:200, reqId:9QkAAHuXn5sE4TsV, xlog:body:4;0s.ph;0s.put.in:1;0s.put.disk:11;1s.put.in:1;1s.put.disk:20;1s.ph;PFDS:22;0s.put.out:10;PFDS:24;body;rs12_8.sel:2/not found;rs11_8.sel:2/not found;rdb.g/no such key;DBD/404;v4.get/Document not found;rs12_8.ins:6;rwro.ins:11;RS:11;rs.put:12;rs-upload.putFile:37;UP:43, xvia:vdn-jszj-tel-1-3, host:upload-z1.qiniup.com, path:/, ip:222.186.140.21, port:80, duration:3679 s, time:1530063908, sent:1341270,error:null}token: -uNORE8AccnhnSt0utAuUrtmJcugo8BDDJeIk2R3:anZggp9cTZ6Zq22ysWE_kTsY5ug=:eyJzY29wZSI6InFkZmFjZXN0b3JlIiwiZGVhZGxpbmUiOjE1MzAwNjQyMDB9
06-27 09:45:08.252 5912-16344/com.qiniu.motiondetect E/CameraActivity: http://123.59.185.101:8080/api/v10/smartClient/uploadDetectInfo?uuid=36b499214ba94136943638662710a081&deviceId=605978411&targetType=2&collectTime=1530063908252&vidUrl=20180627_vid_1530063904357&imgUrl=
06-27 09:45:14.359 5912-5912/com.qiniu.motiondetect E/CameraActivity: current length: 10001 isMoving: true
06-27 09:45:15.500 5912-16374/com.qiniu.motiondetect E/CameraActivity: onSaveVideoSuccess
06-27 09:45:15.501 5912-6187/com.qiniu.motiondetect E/CameraActivity: handleMessage...
06-27 09:45:15.502 5912-6187/com.qiniu.motiondetect E/CameraActivity: http://123.59.185.101:8080/api/v10/smartClient/getToken?deviceId=605978411
06-27 09:45:15.719 5912-6187/com.qiniu.motiondetect E/CameraActivity: token: -uNORE8AccnhnSt0utAuUrtmJcugo8BDDJeIk2R3:yiR7Q9a7ZGrBdz4BWQWkaLu3Kzs=:eyJzY29wZSI6InFkZmFjZXN0b3JlIiwiZGVhZGxpbmUiOjE1MzAwNjQyMTF9
06-27 09:45:15.720 5912-6187/com.qiniu.motiondetect E/CameraActivity: uploadVideo
06-27 09:45:20.144 5912-5912/com.qiniu.motiondetect E/CameraActivity: Start record: 1530063920144
06-27 09:45:22.120 5912-5912/com.qiniu.motiondetect E/CameraActivity: {ver:7.3.11,ResponseInfo:153006214825061,status:614, reqId:9QkAANyb-dcH4TsV, xlog:body:5;0s.ph;0s.put.in:1;0s.put.disk:15;1s.put.in:1;1s.put.disk:26;1s.ph;PFDS:28;0s.put.out:15;PFDS:29;body;rs12_8.sel:2;rwro.ins:2/file exists;MQ:33;RS.not:;RS:35/614;rs.put:36/file exists;rs-upload:;UP:72/614, xvia:vdn-jszj-tel-1-3, host:upload-z1.qiniup.com, path:/, ip:222.186.140.21, port:80, duration:6379 s, time:1530063922, sent:1347339,error:file exists}token: -uNORE8AccnhnSt0utAuUrtmJcugo8BDDJeIk2R3:yiR7Q9a7ZGrBdz4BWQWkaLu3Kzs=:eyJzY29wZSI6InFkZmFjZXN0b3JlIiwiZGVhZGxpbmUiOjE1MzAwNjQyMTF9
    uploadVideo
06-27 09:45:25.487 5912-5912/com.qiniu.motiondetect E/CameraActivity: {ver:7.3.11,ResponseInfo:153006214825061,status:614, reqId:9QkAAMn06aII4TsV, xlog:body:2;0s.ph;0s.put.in:1;0s.put.disk:23;1s.put.in:1;1s.put.disk:27;1s.ph;PFDS:30;0s.put.out:6;PFDS:32;body;rs12_8.sel:2;rwro.ins:2/file exists;MQ;RS.not:;RS:2/614;rs.put:3/file exists;rs-upload:;UP:38/614, xvia:vdn-jszj-tel-1-3, host:upload-z1.qiniup.com, path:/, ip:222.186.140.21, port:80, duration:3350 s, time:1530063925, sent:1347339,error:file exists}token: -uNORE8AccnhnSt0utAuUrtmJcugo8BDDJeIk2R3:yiR7Q9a7ZGrBdz4BWQWkaLu3Kzs=:eyJzY29wZSI6InFkZmFjZXN0b3JlIiwiZGVhZGxpbmUiOjE1MzAwNjQyMTF9
    Upload failed
06-27 09:45:30.146 5912-5912/com.qiniu.motiondetect E/CameraActivity: current length: 10002 isMoving: false
06-27 09:45:31.329 5912-16458/com.qiniu.motiondetect E/CameraActivity: onSaveVideoSuccess
06-27 09:45:31.333 5912-6187/com.qiniu.motiondetect E/CameraActivity: handleMessage...
06-27 09:45:31.333 5912-6187/com.qiniu.motiondetect E/CameraActivity: http://123.59.185.101:8080/api/v10/smartClient/getToken?deviceId=605978411
06-27 09:45:31.747 5912-6187/com.qiniu.motiondetect E/CameraActivity: token: -uNORE8AccnhnSt0utAuUrtmJcugo8BDDJeIk2R3:5E9IYpFoQHL9xwYhoMdzp92PeBc=:eyJzY29wZSI6InFkZmFjZXN0b3JlIiwiZGVhZGxpbmUiOjE1MzAwNjQyMjd9
06-27 09:45:31.749 5912-6187/com.qiniu.motiondetect E/CameraActivity: uploadVideo
06-27 09:45:34.145 5912-5912/com.qiniu.motiondetect E/CameraActivity: Start record: 1530063934145
06-27 09:45:35.186 5912-5912/com.qiniu.motiondetect E/CameraActivity: {ver:7.3.11,ResponseInfo:153006214825061,status:200, reqId:9QkAAFtMtt4K4TsV, xlog:body:1;0s.ph;0s.put.in:1;0s.put.disk:25;1s.put.in:1;1s.put.disk:27;1s.ph;PFDS:30;0s.put.out:7;PFDS:32;body;rs12_8.sel:2/not found;rs11_8.sel:2/not found;rdb.g/no such key;DBD/404;v4.get/Document not found;rs12_8.ins:6;rwro.ins:11;RS:11;rs.put:12;rs-upload.putFile:45;UP:48, xvia:vdn-jszj-tel-1-3, host:upload-z1.qiniup.com, path:/, ip:222.186.140.21, port:80, duration:3411 s, time:1530063935, sent:1350099,error:null}token: -uNORE8AccnhnSt0utAuUrtmJcugo8BDDJeIk2R3:5E9IYpFoQHL9xwYhoMdzp92PeBc=:eyJzY29wZSI6InFkZmFjZXN0b3JlIiwiZGVhZGxpbmUiOjE1MzAwNjQyMjd9
06-27 09:45:35.200 5912-16489/com.qiniu.motiondetect E/CameraActivity: http://123.59.185.101:8080/api/v10/smartClient/uploadDetectInfo?uuid=624cf39ea3a044df82f088420bc3d8c4&deviceId=605978411&targetType=2&collectTime=1530063935200&vidUrl=20180627_vid_1530063920144&imgUrl=
06-27 09:45:44.147 5912-5912/com.qiniu.motiondetect E/CameraActivity: current length: 10002 isMoving: false
06-27 09:45:45.381 5912-16532/com.qiniu.motiondetect E/CameraActivity: onSaveVideoSuccess
06-27 09:45:45.382 5912-6187/com.qiniu.motiondetect E/CameraActivity: handleMessage...
06-27 09:45:45.383 5912-6187/com.qiniu.motiondetect E/CameraActivity: http://123.59.185.101:8080/api/v10/smartClient/getToken?deviceId=605978411
06-27 09:45:50.460 5912-5912/com.qiniu.motiondetect E/CameraActivity: Start record: 1530063950460
06-27 09:45:53.304 5912-6187/com.qiniu.motiondetect E/CameraActivity: token: -uNORE8AccnhnSt0utAuUrtmJcugo8BDDJeIk2R3:mOaUxtp__Gb79TimxjeWynBEtcI=:eyJzY29wZSI6InFkZmFjZXN0b3JlIiwiZGVhZGxpbmUiOjE1MzAwNjQyNDl9
06-27 09:45:53.306 5912-6187/com.qiniu.motiondetect E/CameraActivity: uploadVideo
06-27 09:46:00.468 5912-5912/com.qiniu.motiondetect E/CameraActivity: current length: 10008 isMoving: true
06-27 09:46:01.848 5912-16632/com.qiniu.motiondetect E/CameraActivity: onSaveVideoSuccess
06-27 09:46:01.850 5912-6187/com.qiniu.motiondetect E/CameraActivity: handleMessage...
    http://123.59.185.101:8080/api/v10/smartClient/getToken?deviceId=605978411
06-27 09:46:02.418 5912-5912/com.qiniu.motiondetect E/CameraActivity: Start record: 1530063962418
06-27 09:46:07.366 5912-6187/com.qiniu.motiondetect E/CameraActivity: token: -uNORE8AccnhnSt0utAuUrtmJcugo8BDDJeIk2R3:sIZdovITu7ba0yJvNPzmDfr5MKM=:eyJzY29wZSI6InFkZmFjZXN0b3JlIiwiZGVhZGxpbmUiOjE1MzAwNjQyNjN9
06-27 09:46:07.368 5912-6187/com.qiniu.motiondetect E/CameraActivity: uploadVideo
06-27 09:46:12.419 5912-5912/com.qiniu.motiondetect E/CameraActivity: current length: 10001 isMoving: false
06-27 09:46:13.106 5912-5912/com.qiniu.motiondetect E/CameraActivity: {ver:7.3.11,ResponseInfo:153006214825061,status:200, reqId:9QkAAHRosbgT4TsV, xlog:body:1;0s.ph;0s.put.in:1;0s.put.disk:12;1s.put.in:1;1s.put.disk:14;1s.ph;PFDS:16;0s.put.out:12;PFDS:18;body;rs12_4.sel:1/not found;rs11_4.sel:2/not found;rdb.g/no such key;DBD/404;v4.get/Document not found;rs12_4.ins:5;rwro.ins:10;RS:10;rs.put:10;rs-upload.putFile:33;UP:34, xvia:vdn-jszj-tel-1-3, host:upload-z1.qiniup.com, path:/, ip:222.186.140.21, port:80, duration:19740 s, time:1530063973, sent:1353206,error:null}token: -uNORE8AccnhnSt0utAuUrtmJcugo8BDDJeIk2R3:sIZdovITu7ba0yJvNPzmDfr5MKM=:eyJzY29wZSI6InFkZmFjZXN0b3JlIiwiZGVhZGxpbmUiOjE1MzAwNjQyNjN9
06-27 09:46:13.108 5912-16702/com.qiniu.motiondetect E/CameraActivity: http://123.59.185.101:8080/api/v10/smartClient/uploadDetectInfo?uuid=94025e8572b94526b7191ef58381e57d&deviceId=605978411&targetType=2&collectTime=1530063973107&vidUrl=20180627_vid_1530063950460&imgUrl=
06-27 09:46:13.797 5912-16694/com.qiniu.motiondetect E/CameraActivity: onSaveVideoSuccess
06-27 09:46:13.797 5912-6187/com.qiniu.motiondetect E/CameraActivity: handleMessage...
    http://123.59.185.101:8080/api/v10/smartClient/getToken?deviceId=605978411
06-27 09:46:14.109 5912-5912/com.qiniu.motiondetect E/CameraActivity: Start record: 1530063974109
06-27 09:46:14.201 5912-6187/com.qiniu.motiondetect E/CameraActivity: token: -uNORE8AccnhnSt0utAuUrtmJcugo8BDDJeIk2R3:daWcFoLINcSBHdymgtwR2dSlrmY=:eyJzY29wZSI6InFkZmFjZXN0b3JlIiwiZGVhZGxpbmUiOjE1MzAwNjQyNzB9
06-27 09:46:14.202 5912-6187/com.qiniu.motiondetect E/CameraActivity: uploadVideo
06-27 09:46:18.510 5912-5912/com.qiniu.motiondetect E/CameraActivity: {ver:7.3.11,ResponseInfo:153006214825061,status:200, reqId:9QkAAJKOovYU4TsV, xlog:body:1;0s.ph;0s.put.in:1;0s.put.disk:14;1s.put.in:1;1s.put.disk:17;1s.ph;PFDS:19;0s.put.out:9;PFDS:21;body;rs12_10.sel:2/not found;rs11_10.sel:1/not found;rdb.g/no such key;DBD/404;v4.get/Document not found;rs12_10.ins:6;rwro.ins:11;RS:11;rs.put:11;rs-upload.putFile:33;UP:36, xvia:vdn-jszj-tel-1-3, host:upload-z1.qiniup.com, path:/, ip:222.186.140.21, port:80, duration:4277 s, time:1530063978, sent:1348360,error:null}token: -uNORE8AccnhnSt0utAuUrtmJcugo8BDDJeIk2R3:daWcFoLINcSBHdymgtwR2dSlrmY=:eyJzY29wZSI6InFkZmFjZXN0b3JlIiwiZGVhZGxpbmUiOjE1MzAwNjQyNzB9
06-27 09:46:18.514 5912-16733/com.qiniu.motiondetect E/CameraActivity: http://123.59.185.101:8080/api/v10/smartClient/uploadDetectInfo?uuid=f0effeefd91d4eac84153272cf622d8b&deviceId=605978411&targetType=2&collectTime=1530063978513&vidUrl=20180627_vid_1530063974109&imgUrl=
06-27 09:46:19.452 5912-5912/com.qiniu.motiondetect E/CameraActivity: {ver:7.3.11,ResponseInfo:153006214825061,status:200, reqId:kREAANmIazoV4TsV, xlog:body:1;0s.ph;0s.put.in:1;0s.put.disk:14;1s.put.in:1;1s.put.disk:17;1s.ph;PFDS:19;0s.put.out:9;PFDS:20;body;rs12_6.sel:2/not found;rs11_6.sel:1/not found;rdb.g/no such key;DBD/404;v4.get/Document not found;rs12_6.ins:3;rwro.ins:8;RS:8;rs.put:8;rs-upload.putFile:29;UP:31, xvia:vdn-jszj-tel-1-2, host:upload-z1.qiniup.com, path:/, ip:222.186.140.20, port:80, duration:9363 s, time:1530063979, sent:1349418,error:null}token: -uNORE8AccnhnSt0utAuUrtmJcugo8BDDJeIk2R3:daWcFoLINcSBHdymgtwR2dSlrmY=:eyJzY29wZSI6InFkZmFjZXN0b3JlIiwiZGVhZGxpbmUiOjE1MzAwNjQyNzB9
06-27 09:46:19.454 5912-16742/com.qiniu.motiondetect E/CameraActivity: http://123.59.185.101:8080/api/v10/smartClient/uploadDetectInfo?uuid=f0984a93e63247dca9054ce54c4730ee&deviceId=605978411&targetType=2&collectTime=1530063979454&vidUrl=20180627_vid_1530063962418&imgUrl=
06-27 09:46:24.112 5912-5912/com.qiniu.motiondetect E/CameraActivity: current length: 10003 isMoving: false
06-27 09:46:25.316 5912-16762/com.qiniu.motiondetect E/CameraActivity: onSaveVideoSuccess
06-27 09:46:25.317 5912-6187/com.qiniu.motiondetect E/CameraActivity: handleMessage...
    http://123.59.185.101:8080/api/v10/smartClient/getToken?deviceId=605978411
06-27 09:46:25.578 5912-6187/com.qiniu.motiondetect E/CameraActivity: token: -uNORE8AccnhnSt0utAuUrtmJcugo8BDDJeIk2R3:iRq3hp5HhKb_kh5WMnbKJBwtSq8=:eyJzY29wZSI6InFkZmFjZXN0b3JlIiwiZGVhZGxpbmUiOjE1MzAwNjQyODF9
06-27 09:46:25.585 5912-6187/com.qiniu.motiondetect E/CameraActivity: uploadVideo
06-27 09:46:30.168 5912-5912/com.qiniu.motiondetect E/CameraActivity: Start record: 1530063990168
06-27 09:46:30.411 5912-5912/com.qiniu.motiondetect E/CameraActivity: {ver:7.3.11,ResponseInfo:153006214825061,status:614, reqId:9QkAADpzxLoX4TsV, xlog:body:1;0s.ph;0s.put.in:1;0s.put.disk:10;1s.put.in:1;1s.put.disk:9;1s.ph;PFDS:12;0s.put.out:10;PFDS:13;body;rs12_10.sel:3;rwro.ins:3/file exists;MQ;RS.not:;RS:3/614;rs.put:4/file exists;rs-upload:;UP:21/614, xvia:vdn-jszj-tel-1-3, host:upload-z1.qiniup.com, path:/, ip:222.186.140.21, port:80, duration:4770 s, time:1530063990, sent:1343700,error:file exists}token: -uNORE8AccnhnSt0utAuUrtmJcugo8BDDJeIk2R3:iRq3hp5HhKb_kh5WMnbKJBwtSq8=:eyJzY29wZSI6InFkZmFjZXN0b3JlIiwiZGVhZGxpbmUiOjE1MzAwNjQyODF9
    uploadVideo
06-27 09:46:33.746 5912-5912/com.qiniu.motiondetect E/CameraActivity: {ver:7.3.11,ResponseInfo:153006214825061,status:614, reqId:9QkAAGRejIAY4TsV, xlog:body:1;0s.ph;0s.put.in:1;0s.put.disk:11;1s.put.in:2;1s.put.disk:16;1s.ph;PFDS:19;0s.put.out:11;PFDS:20;body;rs12_10.sel:1;rwro.ins:2/file exists;MQ;RS.not:;RS:2/614;rs.put:2/file exists;rs-upload:;UP:26/614, xvia:vdn-jszj-tel-1-3, host:upload-z1.qiniup.com, path:/, ip:222.186.140.21, port:80, duration:3318 s, time:1530063993, sent:1343700,error:file exists}token: -uNORE8AccnhnSt0utAuUrtmJcugo8BDDJeIk2R3:iRq3hp5HhKb_kh5WMnbKJBwtSq8=:eyJzY29wZSI6InFkZmFjZXN0b3JlIiwiZGVhZGxpbmUiOjE1MzAwNjQyODF9
    Upload failed
06-27 09:46:40.169 5912-5912/com.qiniu.motiondetect E/CameraActivity: current length: 10001 isMoving: true
06-27 09:46:41.428 5912-16846/com.qiniu.motiondetect E/CameraActivity: onSaveVideoSuccess
06-27 09:46:41.430 5912-6187/com.qiniu.motiondetect E/CameraActivity: handleMessage...
    http://123.59.185.101:8080/api/v10/smartClient/getToken?deviceId=605978411
06-27 09:46:41.871 5912-6187/com.qiniu.motiondetect E/CameraActivity: token: -uNORE8AccnhnSt0utAuUrtmJcugo8BDDJeIk2R3:XAXfCOUE2ZmHTu6kz5PQbyyH2XM=:eyJzY29wZSI6InFkZmFjZXN0b3JlIiwiZGVhZGxpbmUiOjE1MzAwNjQyOTh9
06-27 09:46:41.872 5912-6187/com.qiniu.motiondetect E/CameraActivity: uploadVideo
06-27 09:46:43.157 5912-5912/com.qiniu.motiondetect E/CameraActivity: Start record: 1530064003156
06-27 09:46:45.169 5912-5912/com.qiniu.motiondetect E/CameraActivity: {ver:7.3.11,ResponseInfo:153006214825061,status:200, reqId:9QkAANYU5jEb4TsV, xlog:body:3;0s.ph;0s.put.in:1;0s.put.disk:10;1s.put.in:2;1s.put.disk:9;1s.ph;PFDS:13;0s.put.out:9;PFDS:14;body;rs12_9.sel:2/not found;rs11_9.sel:2/not found;rdb.g/no such key;DBD/404;v4.get/Document not found;rs12_9.ins:8;rwro.ins:13;RS:13;rs.put:14;rs-upload.putFile:30;UP:35, xvia:vdn-jszj-tel-1-3, host:upload-z1.qiniup.com, path:/, ip:222.186.140.21, port:80, duration:3277 s, time:1530064005, sent:1345754,error:null}token: -uNORE8AccnhnSt0utAuUrtmJcugo8BDDJeIk2R3:XAXfCOUE2ZmHTu6kz5PQbyyH2XM=:eyJzY29wZSI6InFkZmFjZXN0b3JlIiwiZGVhZGxpbmUiOjE1MzAwNjQyOTh9
06-27 09:46:45.177 5912-16880/com.qiniu.motiondetect E/CameraActivity: http://123.59.185.101:8080/api/v10/smartClient/uploadDetectInfo?uuid=c8e5ad035a834ec6a127fd8800dee177&deviceId=605978411&targetType=2&collectTime=1530064005177&vidUrl=20180627_vid_1530063990168&imgUrl=
06-27 09:46:53.160 5912-5912/com.qiniu.motiondetect E/CameraActivity: current length: 10003 isMoving: true
06-27 09:46:54.376 5912-16921/com.qiniu.motiondetect E/CameraActivity: onSaveVideoSuccess
06-27 09:46:54.377 5912-6187/com.qiniu.motiondetect E/CameraActivity: handleMessage...
    http://123.59.185.101:8080/api/v10/smartClient/getToken?deviceId=605978411
06-27 09:46:54.669 5912-6187/com.qiniu.motiondetect E/CameraActivity: token: -uNORE8AccnhnSt0utAuUrtmJcugo8BDDJeIk2R3:EV9b7rIKIWrpLe5FspHy7hTpXsM=:eyJzY29wZSI6InFkZmFjZXN0b3JlIiwiZGVhZGxpbmUiOjE1MzAwNjQzMTB9
06-27 09:46:54.671 5912-6187/com.qiniu.motiondetect E/CameraActivity: uploadVideo
06-27 09:46:55.195 5912-5912/com.qiniu.motiondetect E/CameraActivity: Start record: 1530064015195
06-27 09:46:58.043 5912-5912/com.qiniu.motiondetect E/CameraActivity: {ver:7.3.11,ResponseInfo:153006214825061,status:200, reqId:9QkAALOGXSge4TsV, xlog:body:2;0s.ph;0s.put.in:1;0s.put.disk:13;1s.put.in:1;1s.put.disk:16;1s.ph;PFDS:18;0s.put.out:10;PFDS:19;body;rs12_5.sel:2/not found;rs11_5.sel:1/not found;rdb.g/no such key;DBD/404;v4.get/Document not found;rs12_5.ins:2;rwro.ins:7;RS:7;rs.put:9;rs-upload.putFile:29;UP:33, xvia:vdn-jszj-tel-1-3, host:upload-z1.qiniup.com, path:/, ip:222.186.140.21, port:80, duration:3354 s, time:1530064018, sent:1345309,error:null}token: -uNORE8AccnhnSt0utAuUrtmJcugo8BDDJeIk2R3:EV9b7rIKIWrpLe5FspHy7hTpXsM=:eyJzY29wZSI6InFkZmFjZXN0b3JlIiwiZGVhZGxpbmUiOjE1MzAwNjQzMTB9
06-27 09:46:58.052 5912-16955/com.qiniu.motiondetect E/CameraActivity: http://123.59.185.101:8080/api/v10/smartClient/uploadDetectInfo?uuid=544ebec08cf04e238554f7a9c338159e&deviceId=605978411&targetType=2&collectTime=1530064018052&vidUrl=20180627_vid_1530064003157&imgUrl=
06-27 09:47:05.197 5912-5912/com.qiniu.motiondetect E/CameraActivity: current length: 10002 isMoving: false
06-27 09:47:06.406 5912-16989/com.qiniu.motiondetect E/CameraActivity: onSaveVideoSuccess
06-27 09:47:06.406 5912-6187/com.qiniu.motiondetect E/CameraActivity: handleMessage...
06-27 09:47:06.406 5912-6187/com.qiniu.motiondetect E/CameraActivity: http://123.59.185.101:8080/api/v10/smartClient/getToken?deviceId=605978411
06-27 09:47:06.646 5912-6187/com.qiniu.motiondetect E/CameraActivity: token: -uNORE8AccnhnSt0utAuUrtmJcugo8BDDJeIk2R3:1TLGLuDUQgbNIDsU_sNM5NadVFA=:eyJzY29wZSI6InFkZmFjZXN0b3JlIiwiZGVhZGxpbmUiOjE1MzAwNjQzMjJ9
06-27 09:47:06.648 5912-6187/com.qiniu.motiondetect E/CameraActivity: uploadVideo
06-27 09:47:08.677 5912-5912/com.qiniu.motiondetect E/CameraActivity: Start record: 1530064028677
06-27 09:47:17.289 5912-5912/com.qiniu.motiondetect E/CameraActivity: {ver:7.3.11,ResponseInfo:153006214825061,status:200, reqId:9QkAACCH_KYi4TsV, xlog:body:2;0s.ph;0s.put.in:1;0s.put.disk:14;1s.put.in:1;1s.put.disk:34;1s.ph;PFDS:36;0s.put.out:14;PFDS:37;body;rs12_6.sel:2/not found;rs11_6.sel:2/not found;rdb.g/no such key;DBD/404;v4.get/Document not found;rs12_6.ins:3;rwro.ins:8;RS:9;rs.put:10;rs-upload.putFile:48;UP:51, xvia:vdn-jszj-tel-1-3, host:upload-z1.qiniup.com, path:/, ip:222.186.140.21, port:80, duration:10620 s, time:1530064037, sent:1341935,error:null}token: -uNORE8AccnhnSt0utAuUrtmJcugo8BDDJeIk2R3:1TLGLuDUQgbNIDsU_sNM5NadVFA=:eyJzY29wZSI6InFkZmFjZXN0b3JlIiwiZGVhZGxpbmUiOjE1MzAwNjQzMjJ9
06-27 09:47:17.293 5912-17053/com.qiniu.motiondetect E/CameraActivity: http://123.59.185.101:8080/api/v10/smartClient/uploadDetectInfo?uuid=92a021b46b25411b94b332af510ab725&deviceId=605978411&targetType=2&collectTime=1530064037293&vidUrl=20180627_vid_1530064015195&imgUrl=
06-27 09:47:18.678 5912-5912/com.qiniu.motiondetect E/CameraActivity: current length: 10001 isMoving: false
06-27 09:47:19.939 5912-17059/com.qiniu.motiondetect E/CameraActivity: onSaveVideoSuccess
06-27 09:47:19.939 5912-6187/com.qiniu.motiondetect E/CameraActivity: handleMessage...
06-27 09:47:19.940 5912-6187/com.qiniu.motiondetect E/CameraActivity: http://123.59.185.101:8080/api/v10/smartClient/getToken?deviceId=605978411
06-27 09:47:20.162 5912-6187/com.qiniu.motiondetect E/CameraActivity: token: -uNORE8AccnhnSt0utAuUrtmJcugo8BDDJeIk2R3:O1AXqSN1V8uD4N_-7Adn4wZbt2A=:eyJzY29wZSI6InFkZmFjZXN0b3JlIiwiZGVhZGxpbmUiOjE1MzAwNjQzMzZ9
06-27 09:47:20.163 5912-6187/com.qiniu.motiondetect E/CameraActivity: uploadVideo
06-27 09:47:20.309 5912-5912/com.qiniu.motiondetect E/CameraActivity: Start record: 1530064040309
06-27 09:47:27.693 5912-5912/com.qiniu.motiondetect E/CameraActivity: {ver:7.3.11,ResponseInfo:153006214825061,status:200, reqId:9QkAANpH0hMl4TsV, xlog:body:1;0s.ph;0s.put.in:1;0s.put.disk:15;1s.put.in:1;1s.put.disk:20;1s.ph;PFDS:22;0s.put.out:9;PFDS:24;body;rs12_11.sel:2/not found;rs11_11.sel:2/not found;rdb.g/no such key;DBD/404;v4.get/Document not found;rs12_11.ins:5;rwro.ins:10;RS:10;rs.put:11;rs-upload.putFile:36;UP:38, xvia:vdn-jszj-tel-1-3, host:upload-z1.qiniup.com, path:/, ip:222.186.140.21, port:80, duration:7513 s, time:1530064047, sent:1343539,error:null}token: -uNORE8AccnhnSt0utAuUrtmJcugo8BDDJeIk2R3:O1AXqSN1V8uD4N_-7Adn4wZbt2A=:eyJzY29wZSI6InFkZmFjZXN0b3JlIiwiZGVhZGxpbmUiOjE1MzAwNjQzMzZ9
06-27 09:47:27.699 5912-17115/com.qiniu.motiondetect E/CameraActivity: http://123.59.185.101:8080/api/v10/smartClient/uploadDetectInfo?uuid=e28281e18b37434cb5b0896a6e318c46&deviceId=605978411&targetType=2&collectTime=1530064047699&vidUrl=20180627_vid_1530064028677&imgUrl=
06-27 09:47:30.329 5912-5912/com.qiniu.motiondetect E/CameraActivity: current length: 10020 isMoving: true
