06-27 09:15:32.051 5912-5912/com.qiniu.motiondetect I/Timeline: Timeline: Activity_launch_request time:124691 intent:Intent { cmp=com.qiniu.motiondetect/.CameraActivity (has extras) }
06-27 09:15:32.142 5912-5912/com.qiniu.motiondetect E/CameraActivity: max duration: 10000
06-27 09:15:32.179 5912-5912/com.qiniu.motiondetect W/Bundle: Attempt to cast generated internal exception:
    java.lang.ClassCastException: java.lang.String cannot be cast to java.lang.Integer
        at android.os.BaseBundle.getInt(BaseBundle.java:884)
        at android.content.Intent.getIntExtra(Intent.java:6188)
        at com.qiniu.motiondetect.CameraActivity.onCreate(CameraActivity.java:90)
        at android.app.Activity.performCreate(Activity.java:6875)
        at android.app.Instrumentation.callActivityOnCreate(Instrumentation.java:1119)
        at android.app.ActivityThread.performLaunchActivity(ActivityThread.java:2659)
        at android.app.ActivityThread.handleLaunchActivity(ActivityThread.java:2767)
        at android.app.ActivityThread.-wrap12(ActivityThread.java)
        at android.app.ActivityThread$H.handleMessage(ActivityThread.java:1514)
        at android.os.Handler.dispatchMessage(Handler.java:102)
        at android.os.Looper.loop(Looper.java:163)
        at android.app.ActivityThread.main(ActivityThread.java:6221)
        at java.lang.reflect.Method.invoke(Native Method)
        at com.android.internal.os.ZygoteInit$MethodAndArgsCaller.run(ZygoteInit.java:904)
        at com.android.internal.os.ZygoteInit.main(ZygoteInit.java:794)
06-27 09:15:33.676 5912-5912/com.qiniu.motiondetect E/CameraActivity: Start record: 1530062133676
06-27 09:15:35.916 5912-5912/com.qiniu.motiondetect E/CameraActivity: max duration: 10000
06-27 09:15:35.918 5912-5912/com.qiniu.motiondetect W/Bundle: Key threshold expected Integer but value was a java.lang.String.  The default value 20 was returned.
    Attempt to cast generated internal exception:
    java.lang.ClassCastException: java.lang.String cannot be cast to java.lang.Integer
        at android.os.BaseBundle.getInt(BaseBundle.java:884)
        at android.content.Intent.getIntExtra(Intent.java:6188)
        at com.qiniu.motiondetect.CameraActivity.onCreate(CameraActivity.java:90)
        at android.app.Activity.performCreate(Activity.java:6875)
        at android.app.Instrumentation.callActivityOnCreate(Instrumentation.java:1119)
        at android.app.ActivityThread.performLaunchActivity(ActivityThread.java:2659)
        at android.app.ActivityThread.handleLaunchActivity(ActivityThread.java:2767)
        at android.app.ActivityThread.handleRelaunchActivity(ActivityThread.java:4592)
        at android.app.ActivityThread.-wrap19(ActivityThread.java)
        at android.app.ActivityThread$H.handleMessage(ActivityThread.java:1522)
        at android.os.Handler.dispatchMessage(Handler.java:102)
        at android.os.Looper.loop(Looper.java:163)
        at android.app.ActivityThread.main(ActivityThread.java:6221)
        at java.lang.reflect.Method.invoke(Native Method)
        at com.android.internal.os.ZygoteInit$MethodAndArgsCaller.run(ZygoteInit.java:904)
        at com.android.internal.os.ZygoteInit.main(ZygoteInit.java:794)
06-27 09:15:36.665 5912-5912/com.qiniu.motiondetect E/CameraActivity: Start record: 1530062136664
06-27 09:15:43.678 5912-5912/com.qiniu.motiondetect E/CameraActivity: current length: 10002 isMoving: true
06-27 09:15:43.680 5912-6312/com.qiniu.motiondetect E/CameraActivity: onSaveVideoFailed
06-27 09:15:46.666 5912-5912/com.qiniu.motiondetect E/CameraActivity: current length: 10001 isMoving: false
06-27 09:15:47.973 5912-6325/com.qiniu.motiondetect E/CameraActivity: onSaveVideoSuccess
06-27 09:15:47.975 5912-6187/com.qiniu.motiondetect E/CameraActivity: handleMessage...
    http://123.59.185.101:8080/api/v10/smartClient/getToken?deviceId=605978411
06-27 09:15:48.244 5912-6187/com.qiniu.motiondetect E/CameraActivity: token: -uNORE8AccnhnSt0utAuUrtmJcugo8BDDJeIk2R3:jJvXYUkNfUj7hRZO4ZxGqVAKUZI=:eyJzY29wZSI6InFkZmFjZXN0b3JlIiwiZGVhZGxpbmUiOjE1MzAwNjI0NDR9
06-27 09:15:48.246 5912-6187/com.qiniu.motiondetect E/CameraActivity: uploadVideo
06-27 09:15:49.138 5912-5912/com.qiniu.motiondetect E/CameraActivity: Start record: 1530062149138
06-27 09:15:58.047 5912-5912/com.qiniu.motiondetect E/CameraActivity: {ver:7.3.11,ResponseInfo:153006214825061,status:200, reqId:kREAAKwzyR5t3zsV, xlog:body:2;0s.ph;0s.put.in:1;0s.put.disk:15;1s.put.in:1;1s.put.disk:18;1s.ph;PFDS:20;0s.put.out:10;PFDS:21;body;rs12_6.sel:2/not found;rs11_6.sel:2/not found;rdb.g/no such key;DBD/404;v4.get/Document not found;rs12_6.ins:3;rwro.ins:8;RS:9;rs.put:9;rs-upload.putFile:33;UP:37, xvia:vdn-jszj-tel-1-2, host:upload-z1.qiniup.com, path:/, ip:222.186.140.20, port:80, duration:8807 s, time:1530062157, sent:1334957,error:null}token: -uNORE8AccnhnSt0utAuUrtmJcugo8BDDJeIk2R3:jJvXYUkNfUj7hRZO4ZxGqVAKUZI=:eyJzY29wZSI6InFkZmFjZXN0b3JlIiwiZGVhZGxpbmUiOjE1MzAwNjI0NDR9
06-27 09:15:58.049 5912-6397/com.qiniu.motiondetect E/CameraActivity: http://123.59.185.101:8080/api/v10/smartClient/uploadDetectInfo?uuid=2de8cc319a1b4d249e722ca6ec022582&deviceId=605978411&targetType=2&collectTime=1530062158048&vidUrl=20180627_vid_1530062136665&imgUrl=
06-27 09:15:59.141 5912-5912/com.qiniu.motiondetect E/CameraActivity: current length: 10001 isMoving: false
06-27 09:16:00.343 5912-6401/com.qiniu.motiondetect E/CameraActivity: onSaveVideoSuccess
06-27 09:16:00.343 5912-6187/com.qiniu.motiondetect E/CameraActivity: handleMessage...
    http://123.59.185.101:8080/api/v10/smartClient/getToken?deviceId=605978411
06-27 09:16:00.596 5912-6187/com.qiniu.motiondetect E/CameraActivity: token: -uNORE8AccnhnSt0utAuUrtmJcugo8BDDJeIk2R3:k87oyD_Q04eBnYyCtnLIWJPgRmw=:eyJzY29wZSI6InFkZmFjZXN0b3JlIiwiZGVhZGxpbmUiOjE1MzAwNjI0NTZ9
06-27 09:16:00.597 5912-6187/com.qiniu.motiondetect E/CameraActivity: uploadVideo
06-27 09:16:09.179 5912-5912/com.qiniu.motiondetect E/CameraActivity: Start record: 1530062169179
06-27 09:16:12.877 5912-5912/com.qiniu.motiondetect E/CameraActivity: {ver:7.3.11,ResponseInfo:153006214825061,status:200, reqId:kREAAIYu7Zlw3zsV, xlog:body:2;0s.ph;0s.put.in:1;0s.put.disk:11;1s.put.in:1;1s.put.disk:10;1s.ph;PFDS:12;0s.put.out:10;PFDS:14;body;rs12_10.sel:1/not found;rs11_10.sel:2/not found;rdb.g/no such key;DBD/404;v4.get/Document not found;rs12_10.ins:4;rwro.ins:8;RS:9;rs.put:9;rs-upload.putFile:26;UP:30, xvia:vdn-jszj-tel-1-2, host:upload-z1.qiniup.com, path:/, ip:222.186.140.20, port:80, duration:12260 s, time:1530062172, sent:1343718,error:null}token: -uNORE8AccnhnSt0utAuUrtmJcugo8BDDJeIk2R3:k87oyD_Q04eBnYyCtnLIWJPgRmw=:eyJzY29wZSI6InFkZmFjZXN0b3JlIiwiZGVhZGxpbmUiOjE1MzAwNjI0NTZ9
06-27 09:16:12.879 5912-6479/com.qiniu.motiondetect E/CameraActivity: http://123.59.185.101:8080/api/v10/smartClient/uploadDetectInfo?uuid=08132cc9158b404d95b347b37ba3e67f&deviceId=605978411&targetType=2&collectTime=1530062172879&vidUrl=20180627_vid_1530062149139&imgUrl=
06-27 09:16:19.180 5912-5912/com.qiniu.motiondetect E/CameraActivity: current length: 10001 isMoving: false
06-27 09:16:20.392 5912-6526/com.qiniu.motiondetect E/CameraActivity: onSaveVideoSuccess
06-27 09:16:20.393 5912-6187/com.qiniu.motiondetect E/CameraActivity: handleMessage...
    http://123.59.185.101:8080/api/v10/smartClient/getToken?deviceId=605978411
06-27 09:16:20.615 5912-6187/com.qiniu.motiondetect E/CameraActivity: token: -uNORE8AccnhnSt0utAuUrtmJcugo8BDDJeIk2R3:IpSmvXXKiO-5uRKkc6xCEtoX0Ls=:eyJzY29wZSI6InFkZmFjZXN0b3JlIiwiZGVhZGxpbmUiOjE1MzAwNjI0NzZ9
06-27 09:16:20.616 5912-6187/com.qiniu.motiondetect E/CameraActivity: uploadVideo
06-27 09:16:34.105 5912-5912/com.qiniu.motiondetect E/CameraActivity: Start record: 1530062194105
06-27 09:16:34.130 5912-5912/com.qiniu.motiondetect E/CameraActivity: {ver:7.3.11,ResponseInfo:153006214825061,status:200, reqId:kREAAJ8RpIx13zsV, xlog:body:2;0s.ph;0s.put.in:1;0s.put.disk:10;1s.put.in:1;1s.put.disk:9;1s.ph;PFDS:11;0s.put.out:9;PFDS:13;body;rs12_4.sel:2/not found;rs11_4.sel:2/not found;rdb.g/no such key;DBD/404;v4.get/Document not found;rs12_4.ins:7;rwro.ins:12;RS:12;rs.put:13;rs-upload.putFile:27;UP:31, xvia:vdn-jszj-tel-1-2, host:upload-z1.qiniup.com, path:/, ip:222.186.140.20, port:80, duration:13495 s, time:1530062194, sent:1337474,error:null}token: -uNORE8AccnhnSt0utAuUrtmJcugo8BDDJeIk2R3:IpSmvXXKiO-5uRKkc6xCEtoX0Ls=:eyJzY29wZSI6InFkZmFjZXN0b3JlIiwiZGVhZGxpbmUiOjE1MzAwNjI0NzZ9
06-27 09:16:34.134 5912-6600/com.qiniu.motiondetect E/CameraActivity: http://123.59.185.101:8080/api/v10/smartClient/uploadDetectInfo?uuid=180a1bd741a74e078485abf19b6f8876&deviceId=605978411&targetType=2&collectTime=1530062194133&vidUrl=20180627_vid_1530062169179&imgUrl=
06-27 09:16:44.106 5912-5912/com.qiniu.motiondetect E/CameraActivity: current length: 10001 isMoving: false
06-27 09:16:45.308 5912-6654/com.qiniu.motiondetect E/CameraActivity: onSaveVideoSuccess
06-27 09:16:45.309 5912-6187/com.qiniu.motiondetect E/CameraActivity: handleMessage...
    http://123.59.185.101:8080/api/v10/smartClient/getToken?deviceId=605978411
06-27 09:16:45.537 5912-6187/com.qiniu.motiondetect E/CameraActivity: token: -uNORE8AccnhnSt0utAuUrtmJcugo8BDDJeIk2R3:vnOkp_hgsNaoe-Z_S1aERa6fpYo=:eyJzY29wZSI6InFkZmFjZXN0b3JlIiwiZGVhZGxpbmUiOjE1MzAwNjI1MDF9
06-27 09:16:45.539 5912-6187/com.qiniu.motiondetect E/CameraActivity: uploadVideo
06-27 09:16:49.102 5912-5912/com.qiniu.motiondetect E/CameraActivity: Start record: 1530062209102
06-27 09:16:56.872 5912-5912/com.qiniu.motiondetect E/CameraActivity: {ver:7.3.11,ResponseInfo:153006214825061,status:200, reqId:kREAABUIutp63zsV, xlog:body:1;0s.ph;0s.put.in:1;0s.put.disk:10;1s.put.in:1;1s.put.disk:10;1s.ph;PFDS:12;0s.put.out:10;PFDS:14;body;rs12_3.sel/not found;rs11_3.sel:1/not found;rdb.g/no such key;DBD/404;v4.get/Document not found;rs12_3.ins:1;rwro.ins:4;RS:4;rs.put:4;rs-upload.putFile:19;UP:22, xvia:vdn-jszj-tel-1-2, host:upload-z1.qiniup.com, path:/, ip:222.186.140.20, port:80, duration:11316 s, time:1530062216, sent:1342148,error:null}token: -uNORE8AccnhnSt0utAuUrtmJcugo8BDDJeIk2R3:vnOkp_hgsNaoe-Z_S1aERa6fpYo=:eyJzY29wZSI6InFkZmFjZXN0b3JlIiwiZGVhZGxpbmUiOjE1MzAwNjI1MDF9
06-27 09:16:56.873 5912-6723/com.qiniu.motiondetect E/CameraActivity: http://123.59.185.101:8080/api/v10/smartClient/uploadDetectInfo?uuid=c77bbbf9cc324fb9b63dcacedbb550c1&deviceId=605978411&targetType=2&collectTime=1530062216873&vidUrl=20180627_vid_1530062194105&imgUrl=
06-27 09:16:59.115 5912-5912/com.qiniu.motiondetect E/CameraActivity: current length: 10013 isMoving: true
06-27 09:17:00.339 5912-6731/com.qiniu.motiondetect E/CameraActivity: onSaveVideoSuccess
06-27 09:17:00.340 5912-6187/com.qiniu.motiondetect E/CameraActivity: handleMessage...
    http://123.59.185.101:8080/api/v10/smartClient/getToken?deviceId=605978411
06-27 09:17:00.568 5912-6187/com.qiniu.motiondetect E/CameraActivity: token: -uNORE8AccnhnSt0utAuUrtmJcugo8BDDJeIk2R3:junqnqRlVtR0G86RlPOf-XePNIQ=:eyJzY29wZSI6InFkZmFjZXN0b3JlIiwiZGVhZGxpbmUiOjE1MzAwNjI1MTZ9
06-27 09:17:00.569 5912-6187/com.qiniu.motiondetect E/CameraActivity: uploadVideo
06-27 09:17:12.297 5912-5912/com.qiniu.motiondetect E/CameraActivity: {ver:7.3.11,ResponseInfo:153006214825061,status:200, reqId:kREAAKyHInB-3zsV, xlog:body:1;0s.ph;0s.put.in;0s.put.disk:10;1s.put.in;1s.put.disk:12;1s.ph;PFDS:13;0s.put.out:10;PFDS:14;body;rs12_9.sel/not found;rs11_9.sel/not found;rdb.g/no such key;DBD/404;v4.get/Document not found;rs12_9.ins:2;rwro.ins:3;RS:3;rs.put:4;rs-upload.putFile:19;UP:22, xvia:vdn-jszj-tel-1-2, host:upload-z1.qiniup.com, path:/, ip:222.186.140.20, port:80, duration:11704 s, time:1530062232, sent:1342137,error:null}token: -uNORE8AccnhnSt0utAuUrtmJcugo8BDDJeIk2R3:junqnqRlVtR0G86RlPOf-XePNIQ=:eyJzY29wZSI6InFkZmFjZXN0b3JlIiwiZGVhZGxpbmUiOjE1MzAwNjI1MTZ9
06-27 09:17:12.299 5912-6791/com.qiniu.motiondetect E/CameraActivity: http://123.59.185.101:8080/api/v10/smartClient/uploadDetectInfo?uuid=261a1809e7274787835a031eefd231c3&deviceId=605978411&targetType=2&collectTime=1530062232299&vidUrl=20180627_vid_1530062209102&imgUrl=
06-27 09:17:18.124 5912-5912/com.qiniu.motiondetect E/CameraActivity: Start record: 1530062238124
06-27 09:17:28.134 5912-5912/com.qiniu.motiondetect E/CameraActivity: current length: 10010 isMoving: false
06-27 09:17:29.232 5912-6878/com.qiniu.motiondetect E/CameraActivity: onSaveVideoSuccess
06-27 09:17:29.233 5912-6187/com.qiniu.motiondetect E/CameraActivity: handleMessage...
    http://123.59.185.101:8080/api/v10/smartClient/getToken?deviceId=605978411
06-27 09:17:29.574 5912-6187/com.qiniu.motiondetect E/CameraActivity: token: -uNORE8AccnhnSt0utAuUrtmJcugo8BDDJeIk2R3:lrFJYScCkKBc8wxRfVPW_jMSWHk=:eyJzY29wZSI6InFkZmFjZXN0b3JlIiwiZGVhZGxpbmUiOjE1MzAwNjI1NDV9
06-27 09:17:29.575 5912-6187/com.qiniu.motiondetect E/CameraActivity: uploadVideo
06-27 09:17:34.125 5912-5912/com.qiniu.motiondetect E/CameraActivity: Start record: 1530062254125
06-27 09:17:38.177 5912-5912/com.qiniu.motiondetect E/CameraActivity: {ver:7.3.11,ResponseInfo:153006214825061,status:200, reqId:kREAADeFwnaE3zsV, xlog:body:1;0s.ph;0s.put.in;0s.put.disk:10;1s.put.in;1s.put.disk:11;1s.ph;PFDS:11;0s.put.out:10;PFDS:12;body;rs12_11.sel/not found;rs11_11.sel/not found;rdb.g/no such key;DBD/404;v4.get/Document not found;rs12_11.ins:2;rwro.ins:4;RS:4;rs.put:5;rs-upload.putFile:18;UP:21, xvia:vdn-jszj-tel-1-2, host:upload-z1.qiniup.com, path:/, ip:222.186.140.20, port:80, duration:8583 s, time:1530062258, sent:1327026,error:null}token: -uNORE8AccnhnSt0utAuUrtmJcugo8BDDJeIk2R3:lrFJYScCkKBc8wxRfVPW_jMSWHk=:eyJzY29wZSI6InFkZmFjZXN0b3JlIiwiZGVhZGxpbmUiOjE1MzAwNjI1NDV9
06-27 09:17:38.179 5912-6928/com.qiniu.motiondetect E/CameraActivity: http://123.59.185.101:8080/api/v10/smartClient/uploadDetectInfo?uuid=87a390bd3a2c4912a1ea34079d56f418&deviceId=605978411&targetType=2&collectTime=1530062258179&vidUrl=20180627_vid_1530062238124&imgUrl=
06-27 09:17:44.127 5912-5912/com.qiniu.motiondetect E/CameraActivity: current length: 10002 isMoving: false
06-27 09:17:45.265 5912-6955/com.qiniu.motiondetect E/CameraActivity: onSaveVideoSuccess
06-27 09:17:45.266 5912-6187/com.qiniu.motiondetect E/CameraActivity: handleMessage...
    http://123.59.185.101:8080/api/v10/smartClient/getToken?deviceId=605978411
06-27 09:17:45.508 5912-6187/com.qiniu.motiondetect E/CameraActivity: token: -uNORE8AccnhnSt0utAuUrtmJcugo8BDDJeIk2R3:BubUZhUWoVIiIxwb8iODtZ-CuPw=:eyJzY29wZSI6InFkZmFjZXN0b3JlIiwiZGVhZGxpbmUiOjE1MzAwNjI1NjF9
06-27 09:17:45.509 5912-6187/com.qiniu.motiondetect E/CameraActivity: uploadVideo
06-27 09:17:49.133 5912-5912/com.qiniu.motiondetect E/CameraActivity: Start record: 1530062269133
06-27 09:17:59.135 5912-5912/com.qiniu.motiondetect E/CameraActivity: current length: 10001 isMoving: false
06-27 09:18:00.300 5912-7031/com.qiniu.motiondetect E/CameraActivity: onSaveVideoSuccess
06-27 09:18:00.301 5912-6187/com.qiniu.motiondetect E/CameraActivity: handleMessage...
    http://123.59.185.101:8080/api/v10/smartClient/getToken?deviceId=605978411
06-27 09:18:03.688 5912-6187/com.qiniu.motiondetect E/CameraActivity: token: -uNORE8AccnhnSt0utAuUrtmJcugo8BDDJeIk2R3:MIRhCkIcV1lixG8o_jvWRU8xJSg=:eyJzY29wZSI6InFkZmFjZXN0b3JlIiwiZGVhZGxpbmUiOjE1MzAwNjI1Nzl9
06-27 09:18:03.690 5912-6187/com.qiniu.motiondetect E/CameraActivity: uploadVideo
06-27 09:18:03.959 5912-5912/com.qiniu.motiondetect E/CameraActivity: {ver:7.3.11,ResponseInfo:153006214825061,status:200, reqId:kREAAEkGaXeK3zsV, xlog:body:4;0s.ph;0s.put.in:1;0s.put.disk:35;1s.put.in:1;1s.put.disk:33;1s.ph;PFDS:35;0s.put.out:12;PFDS:39;body;rs12_6.sel:2/not found;rs11_6.sel:2/not found;rdb.g/no such key;DBD/404;v4.get/Document not found;rs12_6.ins:5;rwro.ins:10;RS:11;rs.put:11;rs-upload.putFile:51;UP:56, xvia:vdn-jszj-tel-1-2, host:upload-z1.qiniup.com, path:/, ip:222.186.140.20, port:80, duration:18431 s, time:1530062283, sent:1343795,error:null}token: -uNORE8AccnhnSt0utAuUrtmJcugo8BDDJeIk2R3:MIRhCkIcV1lixG8o_jvWRU8xJSg=:eyJzY29wZSI6InFkZmFjZXN0b3JlIiwiZGVhZGxpbmUiOjE1MzAwNjI1Nzl9
06-27 09:18:03.960 5912-7052/com.qiniu.motiondetect E/CameraActivity: http://123.59.185.101:8080/api/v10/smartClient/uploadDetectInfo?uuid=92b90cfb1e8949588729cf53c887813e&deviceId=605978411&targetType=2&collectTime=1530062283960&vidUrl=20180627_vid_1530062254125&imgUrl=
06-27 09:18:14.145 5912-5912/com.qiniu.motiondetect E/CameraActivity: Start record: 1530062294144
06-27 09:18:24.145 5912-5912/com.qiniu.motiondetect E/CameraActivity: current length: 10000 isMoving: true
06-27 09:18:25.482 5912-7151/com.qiniu.motiondetect E/CameraActivity: onSaveVideoSuccess
06-27 09:18:25.484 5912-6187/com.qiniu.motiondetect E/CameraActivity: handleMessage...
06-27 09:18:25.485 5912-6187/com.qiniu.motiondetect E/CameraActivity: http://123.59.185.101:8080/api/v10/smartClient/getToken?deviceId=605978411
06-27 09:18:26.413 5912-6187/com.qiniu.motiondetect E/CameraActivity: token: -uNORE8AccnhnSt0utAuUrtmJcugo8BDDJeIk2R3:3npd182g4IK4iB1_dW53ismUOj4=:eyJzY29wZSI6InFkZmFjZXN0b3JlIiwiZGVhZGxpbmUiOjE1MzAwNjI2MDJ9
06-27 09:18:26.415 5912-6187/com.qiniu.motiondetect E/CameraActivity: uploadVideo
06-27 09:18:26.610 5912-5912/com.qiniu.motiondetect E/CameraActivity: {ver:7.3.11,ResponseInfo:153006214825061,status:200, reqId:3V0AAOXemLyP3zsV, xlog:body:17;0s.ph;0s.put.in;0s.put.disk:14;1s.put.in;1s.put.disk:14;1s.ph;PFDS:15;0s.put.out:14;PFDS:16;body;rs12_7.sel/not found;rs11_7.sel/not found;rdb.g/no such key;DBD/404;v4.get/Document not found;rs12_7.ins:1;rwro.ins:2;RS:2;rs.put:3;rs-upload.putFile:20;UP:39, xvia:vdn-jszj-tel-1-1, host:upload-z1.qiniup.com, path:/, ip:222.186.140.19, port:80, duration:22800 s, time:1530062306, sent:1340097,error:null}token: -uNORE8AccnhnSt0utAuUrtmJcugo8BDDJeIk2R3:3npd182g4IK4iB1_dW53ismUOj4=:eyJzY29wZSI6InFkZmFjZXN0b3JlIiwiZGVhZGxpbmUiOjE1MzAwNjI2MDJ9
06-27 09:18:26.613 5912-7170/com.qiniu.motiondetect E/CameraActivity: http://123.59.185.101:8080/api/v10/smartClient/uploadDetectInfo?uuid=8daf4f2aa58a4bbca138d7a87b24fc9b&deviceId=605978411&targetType=2&collectTime=1530062306613&vidUrl=20180627_vid_1530062269133&imgUrl=
06-27 09:18:34.768 5912-5912/com.qiniu.motiondetect E/CameraActivity: Start record: 1530062314768
06-27 09:18:44.770 5912-5912/com.qiniu.motiondetect E/CameraActivity: current length: 10002 isMoving: true
06-27 09:18:46.040 5912-7511/com.qiniu.motiondetect E/CameraActivity: onSaveVideoSuccess
06-27 09:18:46.043 5912-6187/com.qiniu.motiondetect E/CameraActivity: handleMessage...
    http://123.59.185.101:8080/api/v10/smartClient/getToken?deviceId=605978411
06-27 09:18:53.587 5912-6187/com.qiniu.motiondetect E/CameraActivity: token: -uNORE8AccnhnSt0utAuUrtmJcugo8BDDJeIk2R3:jeFqgJneEQySgZwsGdZXV7T-fac=:eyJzY29wZSI6InFkZmFjZXN0b3JlIiwiZGVhZGxpbmUiOjE1MzAwNjI2Mjl9
06-27 09:18:53.588 5912-6187/com.qiniu.motiondetect E/CameraActivity: uploadVideo
06-27 09:18:56.163 5912-5912/com.qiniu.motiondetect E/CameraActivity: {ver:7.3.11,ResponseInfo:153006214825061,status:200, reqId:kREAANXMuJqW3zsV, xlog:body:1;0s.ph;0s.put.in:1;0s.put.disk:13;1s.put.in:2;1s.put.disk:11;1s.ph;PFDS:15;0s.put.out:12;PFDS:17;body;rs12_12.sel:2/not found;rs11_12.sel:1/not found;rdb.g/no such key;DBD/404;v4.get/Document not found;rs12_12.ins:6;rwro.ins:10;RS:11;rs.put:11;rs-upload.putFile:29;UP:31, xvia:vdn-jszj-tel-1-2, host:upload-z1.qiniup.com, path:/, ip:222.186.140.20, port:80, duration:29721 s, time:1530062336, sent:1341776,error:null}token: -uNORE8AccnhnSt0utAuUrtmJcugo8BDDJeIk2R3:jeFqgJneEQySgZwsGdZXV7T-fac=:eyJzY29wZSI6InFkZmFjZXN0b3JlIiwiZGVhZGxpbmUiOjE1MzAwNjI2Mjl9
06-27 09:18:56.164 5912-7563/com.qiniu.motiondetect E/CameraActivity: http://123.59.185.101:8080/api/v10/smartClient/uploadDetectInfo?uuid=2630b5c7a44f4e2291ffe3164efb4bc4&deviceId=605978411&targetType=2&collectTime=1530062336164&vidUrl=20180627_vid_1530062294145&imgUrl=
06-27 09:19:04.158 5912-5912/com.qiniu.motiondetect E/CameraActivity: Start record: 1530062344158
06-27 09:19:06.803 5912-5912/com.qiniu.motiondetect E/CameraActivity: {ver:7.3.11,ResponseInfo:153006214825061,status:200, reqId:3V0AADHkwxiZ3zsV, xlog:body:1;0s.ph;0s.put.in;0s.put.disk:10;1s.put.in;1s.put.disk:10;1s.ph;PFDS:11;0s.put.out:10;PFDS:12;body;rs12_12.sel/not found;rs11_12.sel/not found;rdb.g/no such key;DBD/404;v4.get/Document not found;rs12_12.ins:6;rwro.ins:6;RS:7;rs.put:7;rs-upload.putFile:20;UP:23, xvia:vdn-jszj-tel-1-1, host:upload-z1.qiniup.com, path:/, ip:222.186.140.19, port:80, duration:13194 s, time:1530062346, sent:1338372,error:null}token: -uNORE8AccnhnSt0utAuUrtmJcugo8BDDJeIk2R3:jeFqgJneEQySgZwsGdZXV7T-fac=:eyJzY29wZSI6InFkZmFjZXN0b3JlIiwiZGVhZGxpbmUiOjE1MzAwNjI2Mjl9
06-27 09:19:06.812 5912-7634/com.qiniu.motiondetect E/CameraActivity: http://123.59.185.101:8080/api/v10/smartClient/uploadDetectInfo?uuid=5dd87822a9c14dda90fdef88139895dc&deviceId=605978411&targetType=2&collectTime=1530062346811&vidUrl=20180627_vid_1530062314768&imgUrl=
06-27 09:19:14.159 5912-5912/com.qiniu.motiondetect E/CameraActivity: current length: 10001 isMoving: true
06-27 09:19:15.324 5912-7686/com.qiniu.motiondetect E/CameraActivity: onSaveVideoSuccess
06-27 09:19:15.327 5912-6187/com.qiniu.motiondetect E/CameraActivity: handleMessage...
06-27 09:19:15.328 5912-6187/com.qiniu.motiondetect E/CameraActivity: http://123.59.185.101:8080/api/v10/smartClient/getToken?deviceId=605978411
06-27 09:19:15.555 5912-6187/com.qiniu.motiondetect E/CameraActivity: token: -uNORE8AccnhnSt0utAuUrtmJcugo8BDDJeIk2R3:diJa3J9W_ip8AIemlHmzbjHf2l8=:eyJzY29wZSI6InFkZmFjZXN0b3JlIiwiZGVhZGxpbmUiOjE1MzAwNjI2NTF9
06-27 09:19:15.556 5912-6187/com.qiniu.motiondetect E/CameraActivity: uploadVideo
06-27 09:19:18.114 5912-5912/com.qiniu.motiondetect E/CameraActivity: Start record: 1530062358114
06-27 09:19:22.553 5912-5912/com.qiniu.motiondetect E/CameraActivity: {ver:7.3.11,ResponseInfo:153006214825061,status:200, reqId:kREAAJ7nsMOc3zsV, xlog:body:11;0s.ph;0s.put.in;0s.put.disk:10;1s.put.in;1s.put.disk:10;1s.ph;PFDS:11;0s.put.out:10;PFDS:12;body;rs12_12.sel/not found;rs11_12.sel/not found;rdb.g/no such key;DBD/404;v4.get/Document not found;rs12_12.ins:1;rwro.ins:2;RS:2;rs.put:3;rs-upload.putFile:16;UP:29, xvia:vdn-jszj-tel-1-2, host:upload-z1.qiniup.com, path:/, ip:222.186.140.20, port:80, duration:6980 s, time:1530062362, sent:1335113,error:null}token: -uNORE8AccnhnSt0utAuUrtmJcugo8BDDJeIk2R3:diJa3J9W_ip8AIemlHmzbjHf2l8=:eyJzY29wZSI6InFkZmFjZXN0b3JlIiwiZGVhZGxpbmUiOjE1MzAwNjI2NTF9
06-27 09:19:22.555 5912-7740/com.qiniu.motiondetect E/CameraActivity: http://123.59.185.101:8080/api/v10/smartClient/uploadDetectInfo?uuid=cfa013f2d30e4eb2899643760307c575&deviceId=605978411&targetType=2&collectTime=1530062362555&vidUrl=20180627_vid_1530062344158&imgUrl=
06-27 09:19:28.143 5912-5912/com.qiniu.motiondetect E/CameraActivity: current length: 10029 isMoving: true
06-27 09:19:29.310 5912-7766/com.qiniu.motiondetect E/CameraActivity: onSaveVideoSuccess
06-27 09:19:29.311 5912-6187/com.qiniu.motiondetect E/CameraActivity: handleMessage...
    http://123.59.185.101:8080/api/v10/smartClient/getToken?deviceId=605978411
06-27 09:19:29.534 5912-6187/com.qiniu.motiondetect E/CameraActivity: token: -uNORE8AccnhnSt0utAuUrtmJcugo8BDDJeIk2R3:OWyVi0sasOlulJtAT-5vOiP1DYY=:eyJzY29wZSI6InFkZmFjZXN0b3JlIiwiZGVhZGxpbmUiOjE1MzAwNjI2NjV9
06-27 09:19:29.536 5912-6187/com.qiniu.motiondetect E/CameraActivity: uploadVideo
06-27 09:19:37.688 5912-5912/com.qiniu.motiondetect E/CameraActivity: {ver:7.3.11,ResponseInfo:153006214825061,status:200, reqId:kREAANwwiUeg3zsV, xlog:body:11;0s.ph;0s.put.in;0s.put.disk:13;1s.put.in;1s.put.disk:21;1s.ph;PFDS:22;0s.put.out:12;PFDS:23;body;rs12_5.sel/not found;rs11_5.sel/not found;rdb.g/no such key;DBD/404;v4.get/Document not found;rs12_5.ins:3;rwro.ins:4;RS:5;rs.put:5;rs-upload.putFile:29;UP:48, xvia:vdn-jszj-tel-1-2, host:upload-z1.qiniup.com, path:/, ip:222.186.140.20, port:80, duration:8136 s, time:1530062377, sent:1338803,error:null}token: -uNORE8AccnhnSt0utAuUrtmJcugo8BDDJeIk2R3:OWyVi0sasOlulJtAT-5vOiP1DYY=:eyJzY29wZSI6InFkZmFjZXN0b3JlIiwiZGVhZGxpbmUiOjE1MzAwNjI2NjV9
06-27 09:19:37.693 5912-7811/com.qiniu.motiondetect E/CameraActivity: http://123.59.185.101:8080/api/v10/smartClient/uploadDetectInfo?uuid=cc03adafa06541c99feea8e586d1747a&deviceId=605978411&targetType=2&collectTime=1530062377693&vidUrl=20180627_vid_1530062358114&imgUrl=
06-27 09:19:48.171 5912-5912/com.qiniu.motiondetect E/CameraActivity: Start record: 1530062388171
06-27 09:19:58.172 5912-5912/com.qiniu.motiondetect E/CameraActivity: current length: 10001 isMoving: false
06-27 09:19:59.443 5912-7923/com.qiniu.motiondetect E/CameraActivity: onSaveVideoSuccess
06-27 09:19:59.444 5912-6187/com.qiniu.motiondetect E/CameraActivity: handleMessage...
    http://123.59.185.101:8080/api/v10/smartClient/getToken?deviceId=605978411
06-27 09:19:59.670 5912-6187/com.qiniu.motiondetect E/CameraActivity: token: -uNORE8AccnhnSt0utAuUrtmJcugo8BDDJeIk2R3:PJZe64KdQkt1MAK11z-ZeW4p1k4=:eyJzY29wZSI6InFkZmFjZXN0b3JlIiwiZGVhZGxpbmUiOjE1MzAwNjI2OTV9
06-27 09:19:59.671 5912-6187/com.qiniu.motiondetect E/CameraActivity: uploadVideo
06-27 09:20:01.106 5912-5912/com.qiniu.motiondetect E/CameraActivity: Start record: 1530062401106
06-27 09:20:11.112 5912-5912/com.qiniu.motiondetect E/CameraActivity: current length: 10005 isMoving: true
06-27 09:20:12.414 5912-7994/com.qiniu.motiondetect E/CameraActivity: onSaveVideoSuccess
06-27 09:20:12.417 5912-6187/com.qiniu.motiondetect E/CameraActivity: handleMessage...
    http://123.59.185.101:8080/api/v10/smartClient/getToken?deviceId=605978411
06-27 09:20:14.160 5912-5912/com.qiniu.motiondetect E/CameraActivity: Start record: 1530062414159
06-27 09:20:16.580 5912-6187/com.qiniu.motiondetect E/CameraActivity: token: -uNORE8AccnhnSt0utAuUrtmJcugo8BDDJeIk2R3:ezYBvqI44HZHm54x6GJlLEy91eY=:eyJzY29wZSI6InFkZmFjZXN0b3JlIiwiZGVhZGxpbmUiOjE1MzAwNjI3MTJ9
06-27 09:20:16.582 5912-6187/com.qiniu.motiondetect E/CameraActivity: uploadVideo
06-27 09:20:21.678 5912-5912/com.qiniu.motiondetect E/CameraActivity: {ver:7.3.11,ResponseInfo:153006214825061,status:200, reqId:kREAAK4n_Yyq3zsV, xlog:body:2;0s.ph;0s.put.in:1;0s.put.disk:11;1s.put.in:2;1s.put.disk:10;1s.ph;PFDS:13;0s.put.out:10;PFDS:14;body;rs12_11.sel:1/not found;rs11_11.sel:2/not found;rdb.g/no such key;DBD/404;v4.get/Document not found;rs12_11.ins:2;rwro.ins:7;RS:7;rs.put:8;rs-upload.putFile:23;UP:26, xvia:vdn-jszj-tel-1-2, host:upload-z1.qiniup.com, path:/, ip:222.186.140.20, port:80, duration:21978 s, time:1530062421, sent:1329307,error:null}token: -uNORE8AccnhnSt0utAuUrtmJcugo8BDDJeIk2R3:ezYBvqI44HZHm54x6GJlLEy91eY=:eyJzY29wZSI6InFkZmFjZXN0b3JlIiwiZGVhZGxpbmUiOjE1MzAwNjI3MTJ9
06-27 09:20:21.679 5912-8058/com.qiniu.motiondetect E/CameraActivity: http://123.59.185.101:8080/api/v10/smartClient/uploadDetectInfo?uuid=61012428a02d43c1ad6adb4baa117556&deviceId=605978411&targetType=2&collectTime=1530062421679&vidUrl=20180627_vid_1530062388171&imgUrl=
06-27 09:20:24.161 5912-5912/com.qiniu.motiondetect E/CameraActivity: current length: 10001 isMoving: false
06-27 09:20:25.443 5912-8066/com.qiniu.motiondetect E/CameraActivity: onSaveVideoSuccess
06-27 09:20:25.444 5912-6187/com.qiniu.motiondetect E/CameraActivity: handleMessage...
    http://123.59.185.101:8080/api/v10/smartClient/getToken?deviceId=605978411
06-27 09:20:26.808 5912-6187/com.qiniu.motiondetect E/CameraActivity: token: -uNORE8AccnhnSt0utAuUrtmJcugo8BDDJeIk2R3:PvDImjsN6Nk61Q55T1csQoTPPms=:eyJzY29wZSI6InFkZmFjZXN0b3JlIiwiZGVhZGxpbmUiOjE1MzAwNjI3MjN9
06-27 09:20:26.810 5912-6187/com.qiniu.motiondetect E/CameraActivity: uploadVideo
06-27 09:20:29.160 5912-5912/com.qiniu.motiondetect E/CameraActivity: Start record: 1530062429160
06-27 09:20:39.165 5912-5912/com.qiniu.motiondetect E/CameraActivity: current length: 10005 isMoving: false
06-27 09:20:40.449 5912-8198/com.qiniu.motiondetect E/CameraActivity: onSaveVideoSuccess
06-27 09:20:40.450 5912-6187/com.qiniu.motiondetect E/CameraActivity: handleMessage...
    http://123.59.185.101:8080/api/v10/smartClient/getToken?deviceId=605978411
06-27 09:20:43.265 5912-6187/com.qiniu.motiondetect E/CameraActivity: token: -uNORE8AccnhnSt0utAuUrtmJcugo8BDDJeIk2R3:Vf9o3fGGYowGP18_QG-JRVmk01I=:eyJzY29wZSI6InFkZmFjZXN0b3JlIiwiZGVhZGxpbmUiOjE1MzAwNjI3Mzl9
06-27 09:20:43.266 5912-6187/com.qiniu.motiondetect E/CameraActivity: uploadVideo
06-27 09:20:44.086 5912-5912/com.qiniu.motiondetect E/CameraActivity: Start record: 1530062444086
06-27 09:20:45.206 5912-5912/com.qiniu.motiondetect E/CameraActivity: {ver:7.3.11,ResponseInfo:153006214825061,status:200, reqId:kREAAEEeVAew3zsV, xlog:body:11;0s.ph;0s.put.in;0s.put.disk:10;1s.put.in;1s.put.disk:10;1s.ph;PFDS:11;0s.put.out:10;PFDS:12;body;rs12_7.sel/not found;rs11_7.sel/not found;rdb.g/no such key;DBD/404;v4.get/Document not found;rs12_7.ins:1;rwro.ins:2;RS:2;rs.put:3;rs-upload.putFile:16;UP:28, xvia:vdn-jszj-tel-1-2, host:upload-z1.qiniup.com, path:/, ip:222.186.140.20, port:80, duration:18377 s, time:1530062445, sent:1346162,error:null}token: -uNORE8AccnhnSt0utAuUrtmJcugo8BDDJeIk2R3:Vf9o3fGGYowGP18_QG-JRVmk01I=:eyJzY29wZSI6InFkZmFjZXN0b3JlIiwiZGVhZGxpbmUiOjE1MzAwNjI3Mzl9
06-27 09:20:45.208 5912-8240/com.qiniu.motiondetect E/CameraActivity: http://123.59.185.101:8080/api/v10/smartClient/uploadDetectInfo?uuid=8cda72bdddc6404eb3e6648bf6aee64c&deviceId=605978411&targetType=2&collectTime=1530062445208&vidUrl=20180627_vid_1530062414160&imgUrl=
06-27 09:20:47.015 5912-5912/com.qiniu.motiondetect E/CameraActivity: {ver:7.3.11,ResponseInfo:153006214825061,status:614, reqId:j3YAAJXe3W6w3zsV, xlog:body:1;0s.ph;0s.put.in:1;0s.put.disk:14;1s.put.in:2;1s.put.disk:12;1s.ph;PFDS:16;0s.put.out:13;PFDS:17;body;rs12_7.sel:2;rwro.ins:2/file exists;MQ;RS.not:;RS:3/614;rs.put:3/file exists;rs-upload:;UP:23/614, xvia:vdn-jszj-tel-1-4, host:upload-z1.qiniup.com, path:/, ip:222.186.140.22, port:80, duration:28502 s, time:1530062447, sent:1341752,error:file exists}token: -uNORE8AccnhnSt0utAuUrtmJcugo8BDDJeIk2R3:Vf9o3fGGYowGP18_QG-JRVmk01I=:eyJzY29wZSI6InFkZmFjZXN0b3JlIiwiZGVhZGxpbmUiOjE1MzAwNjI3Mzl9
    uploadVideo
06-27 09:20:54.088 5912-5912/com.qiniu.motiondetect E/CameraActivity: current length: 10001 isMoving: false
06-27 09:20:55.397 5912-8276/com.qiniu.motiondetect E/CameraActivity: onSaveVideoSuccess
06-27 09:20:55.398 5912-6187/com.qiniu.motiondetect E/CameraActivity: handleMessage...
    http://123.59.185.101:8080/api/v10/smartClient/getToken?deviceId=605978411
06-27 09:20:58.813 5912-6187/com.qiniu.motiondetect E/CameraActivity: token: -uNORE8AccnhnSt0utAuUrtmJcugo8BDDJeIk2R3:90kJ2exBfU1BpMuJETKVPxkkKnc=:eyJzY29wZSI6InFkZmFjZXN0b3JlIiwiZGVhZGxpbmUiOjE1MzAwNjI3NTV9
06-27 09:20:58.815 5912-6187/com.qiniu.motiondetect E/CameraActivity: uploadVideo
06-27 09:21:01.116 5912-5912/com.qiniu.motiondetect E/CameraActivity: Start record: 1530062461116
06-27 09:21:04.278 5912-5912/com.qiniu.motiondetect E/CameraActivity: {ver:7.3.11,ResponseInfo:153006214825061,status:200, reqId:9QkAAHieMmi03zsV, xlog:body:2;0s.ph;0s.put.in:1;0s.put.disk:17;1s.put.in:1;1s.put.disk:18;1s.ph;PFDS:20;0s.put.out:8;PFDS:21;body;rs12_1.sel:2/not found;rs11_1.sel:1/not found;rdb.g/no such key;DBD/404;v4.get/Document not found;rs12_1.ins:5;rwro.ins:10;RS:10;rs.put:11;rs-upload.putFile:33;UP:37, xvia:vdn-jszj-tel-1-3, host:upload-z1.qiniup.com, path:/, ip:222.186.140.21, port:80, duration:20907 s, time:1530062464, sent:1347579,error:null}token: -uNORE8AccnhnSt0utAuUrtmJcugo8BDDJeIk2R3:90kJ2exBfU1BpMuJETKVPxkkKnc=:eyJzY29wZSI6InFkZmFjZXN0b3JlIiwiZGVhZGxpbmUiOjE1MzAwNjI3NTV9
06-27 09:21:04.279 5912-8335/com.qiniu.motiondetect E/CameraActivity: http://123.59.185.101:8080/api/v10/smartClient/uploadDetectInfo?uuid=45eff293616444f5b321d64be85ecec1&deviceId=605978411&targetType=2&collectTime=1530062464279&vidUrl=20180627_vid_1530062429160&imgUrl=
06-27 09:21:04.919 5912-5912/com.qiniu.motiondetect E/CameraActivity: {ver:7.3.11,ResponseInfo:153006214825061,status:614, reqId:kREAAHPCbZq03zsV, xlog:body:3;0s.ph;0s.put.in:1;0s.put.disk:10;1s.put.in:1;1s.put.disk:9;1s.ph;PFDS:12;0s.put.out:10;PFDS:13;body;rs12_7.sel:1;rwro.ins:2/file exists;MQ;RS.not:;RS:2/614;rs.put:2/file exists;rs-upload:;UP:22/614, xvia:vdn-jszj-tel-1-2, host:upload-z1.qiniup.com, path:/, ip:222.186.140.20, port:80, duration:17885 s, time:1530062464, sent:1347579,error:file exists}token: -uNORE8AccnhnSt0utAuUrtmJcugo8BDDJeIk2R3:90kJ2exBfU1BpMuJETKVPxkkKnc=:eyJzY29wZSI6InFkZmFjZXN0b3JlIiwiZGVhZGxpbmUiOjE1MzAwNjI3NTV9
    Upload failed
06-27 09:21:11.117 5912-5912/com.qiniu.motiondetect E/CameraActivity: current length: 10001 isMoving: false
06-27 09:21:12.384 5912-8364/com.qiniu.motiondetect E/CameraActivity: onSaveVideoSuccess
06-27 09:21:12.384 5912-6187/com.qiniu.motiondetect E/CameraActivity: handleMessage...
06-27 09:21:12.385 5912-6187/com.qiniu.motiondetect E/CameraActivity: http://123.59.185.101:8080/api/v10/smartClient/getToken?deviceId=605978411
06-27 09:21:13.143 5912-6187/com.qiniu.motiondetect E/CameraActivity: token: -uNORE8AccnhnSt0utAuUrtmJcugo8BDDJeIk2R3:kOqqvxQ_QJ4GKGeU9wbmv-6RJ1o=:eyJzY29wZSI6InFkZmFjZXN0b3JlIiwiZGVhZGxpbmUiOjE1MzAwNjI3Njl9
06-27 09:21:13.144 5912-6187/com.qiniu.motiondetect E/CameraActivity: uploadVideo
06-27 09:21:13.362 5912-5912/com.qiniu.motiondetect E/CameraActivity: {ver:7.3.11,ResponseInfo:153006214825061,status:200, reqId:j3YAALhJvI-23zsV, xlog:body:6;0s.ph;0s.put.in:1;0s.put.disk:11;1s.put.in:1;1s.put.disk:10;1s.ph;PFDS:13;0s.put.out:10;PFDS:14;body;rs12_1.sel:2/not found;rs11_1.sel:2/not found;rdb.g/no such key;DBD/404;v4.get/Document not found;rs12_1.ins:5;rwro.ins:9;RS:10;rs.put:10;rs-upload.putFile:26;UP:34, xvia:vdn-jszj-tel-1-4, host:upload-z1.qiniup.com, path:/, ip:222.186.140.22, port:80, duration:14521 s, time:1530062473, sent:1332788,error:null}token: -uNORE8AccnhnSt0utAuUrtmJcugo8BDDJeIk2R3:kOqqvxQ_QJ4GKGeU9wbmv-6RJ1o=:eyJzY29wZSI6InFkZmFjZXN0b3JlIiwiZGVhZGxpbmUiOjE1MzAwNjI3Njl9
06-27 09:21:13.364 5912-8373/com.qiniu.motiondetect E/CameraActivity: http://123.59.185.101:8080/api/v10/smartClient/uploadDetectInfo?uuid=d14da0f291dc42b6955e8c7b2ac0b452&deviceId=605978411&targetType=2&collectTime=1530062473364&vidUrl=20180627_vid_1530062444086&imgUrl=
06-27 09:21:14.072 5912-5912/com.qiniu.motiondetect E/CameraActivity: Start record: 1530062474072
06-27 09:21:24.074 5912-5912/com.qiniu.motiondetect E/CameraActivity: current length: 10002 isMoving: false
06-27 09:21:25.297 5912-8437/com.qiniu.motiondetect E/CameraActivity: onSaveVideoSuccess
06-27 09:21:25.299 5912-6187/com.qiniu.motiondetect E/CameraActivity: handleMessage...
06-27 09:21:25.300 5912-6187/com.qiniu.motiondetect E/CameraActivity: http://123.59.185.101:8080/api/v10/smartClient/getToken?deviceId=605978411
06-27 09:21:30.100 5912-5912/com.qiniu.motiondetect E/CameraActivity: Start record: 1530062490100
06-27 09:21:31.498 5912-6187/com.qiniu.motiondetect E/CameraActivity: token: -uNORE8AccnhnSt0utAuUrtmJcugo8BDDJeIk2R3:NQkp1ID3PV8zNWzbeuT3ucnpTYs=:eyJzY29wZSI6InFkZmFjZXN0b3JlIiwiZGVhZGxpbmUiOjE1MzAwNjI3ODd9
06-27 09:21:31.499 5912-6187/com.qiniu.motiondetect E/CameraActivity: uploadVideo
06-27 09:21:31.753 5912-5912/com.qiniu.motiondetect E/CameraActivity: {ver:7.3.11,ResponseInfo:153006214825061,status:200, reqId:kREAAEsagdS63zsV, xlog:body:2;0s.ph;0s.put.in:1;0s.put.disk:12;1s.put.in:1;1s.put.disk:14;1s.ph;PFDS:16;0s.put.out:8;PFDS:18;body;rs12_10.sel:2/not found;rs11_10.sel:2/not found;rdb.g/no such key;DBD/404;v4.get/Document not found;rs12_10.ins:5;rwro.ins:9;RS:9;rs.put:10;rs-upload.putFile:29;UP:33, xvia:vdn-jszj-tel-1-2, host:upload-z1.qiniup.com, path:/, ip:222.186.140.20, port:80, duration:18590 s, time:1530062491, sent:1349866,error:null}token: -uNORE8AccnhnSt0utAuUrtmJcugo8BDDJeIk2R3:NQkp1ID3PV8zNWzbeuT3ucnpTYs=:eyJzY29wZSI6InFkZmFjZXN0b3JlIiwiZGVhZGxpbmUiOjE1MzAwNjI3ODd9
06-27 09:21:31.755 5912-8487/com.qiniu.motiondetect E/CameraActivity: http://123.59.185.101:8080/api/v10/smartClient/uploadDetectInfo?uuid=2db71a131e8348a18e49b4b8cbc7d5d7&deviceId=605978411&targetType=2&collectTime=1530062491755&vidUrl=20180627_vid_1530062461116&imgUrl=
06-27 09:21:40.102 5912-5912/com.qiniu.motiondetect E/CameraActivity: current length: 10001 isMoving: false
06-27 09:21:41.507 5912-8557/com.qiniu.motiondetect E/CameraActivity: onSaveVideoSuccess
06-27 09:21:41.509 5912-6187/com.qiniu.motiondetect E/CameraActivity: handleMessage...
    http://123.59.185.101:8080/api/v10/smartClient/getToken?deviceId=605978411
06-27 09:21:44.339 5912-5912/com.qiniu.motiondetect E/CameraActivity: Start record: 1530062504339
06-27 09:21:47.148 5912-6187/com.qiniu.motiondetect E/CameraActivity: token: -uNORE8AccnhnSt0utAuUrtmJcugo8BDDJeIk2R3:KwjIq_vTX8PwtZyfXRtP7OhiAvo=:eyJzY29wZSI6InFkZmFjZXN0b3JlIiwiZGVhZGxpbmUiOjE1MzAwNjI4MDN9
06-27 09:21:47.149 5912-6187/com.qiniu.motiondetect E/CameraActivity: uploadVideo
06-27 09:21:54.365 5912-5912/com.qiniu.motiondetect E/CameraActivity: current length: 10025 isMoving: true
06-27 09:21:55.533 5912-8732/com.qiniu.motiondetect E/CameraActivity: onSaveVideoSuccess
06-27 09:21:55.535 5912-6187/com.qiniu.motiondetect E/CameraActivity: handleMessage...
    http://123.59.185.101:8080/api/v10/smartClient/getToken?deviceId=605978411
06-27 09:21:58.817 5912-6187/com.qiniu.motiondetect E/CameraActivity: token: -uNORE8AccnhnSt0utAuUrtmJcugo8BDDJeIk2R3:eTNegvVnUqddaAyBdPOF11oTbl0=:eyJzY29wZSI6InFkZmFjZXN0b3JlIiwiZGVhZGxpbmUiOjE1MzAwNjI4MTV9
06-27 09:21:58.819 5912-6187/com.qiniu.motiondetect E/CameraActivity: uploadVideo
06-27 09:21:59.146 5912-5912/com.qiniu.motiondetect E/CameraActivity: Start record: 1530062519146
06-27 09:22:00.109 5912-5912/com.qiniu.motiondetect E/CameraActivity: {ver:7.3.11,ResponseInfo:153006214825061,status:200, reqId:j3YAALNiCW7B3zsV, xlog:body:2;0s.ph;0s.put.in:1;0s.put.disk:14;1s.put.in:2;1s.put.disk:13;1s.ph;PFDS:16;0s.put.out:12;PFDS:17;body;rs12_2.sel:2/not found;rs11_2.sel:2/not found;rdb.g/no such key;DBD/404;v4.get/Document not found;rs12_2.ins:10;rwro.ins:14;RS:15;rs.put:15;rs-upload.putFile:34;UP:38, xvia:vdn-jszj-tel-1-4, host:upload-z1.qiniup.com, path:/, ip:222.186.140.22, port:80, duration:28551 s, time:1530062520, sent:1340885,error:null}token: -uNORE8AccnhnSt0utAuUrtmJcugo8BDDJeIk2R3:eTNegvVnUqddaAyBdPOF11oTbl0=:eyJzY29wZSI6InFkZmFjZXN0b3JlIiwiZGVhZGxpbmUiOjE1MzAwNjI4MTV9
06-27 09:22:00.122 5912-8768/com.qiniu.motiondetect E/CameraActivity: http://123.59.185.101:8080/api/v10/smartClient/uploadDetectInfo?uuid=ed56c5518c294713a55fa8ace78b6294&deviceId=605978411&targetType=2&collectTime=1530062520122&vidUrl=20180627_vid_1530062490101&imgUrl=
06-27 09:22:09.147 5912-5912/com.qiniu.motiondetect E/CameraActivity: current length: 10001 isMoving: false
06-27 09:22:10.351 5912-8808/com.qiniu.motiondetect E/CameraActivity: onSaveVideoSuccess
06-27 09:22:10.353 5912-6187/com.qiniu.motiondetect E/CameraActivity: handleMessage...
    http://123.59.185.101:8080/api/v10/smartClient/getToken?deviceId=605978411
06-27 09:22:14.158 5912-5912/com.qiniu.motiondetect E/CameraActivity: Start record: 1530062534158
06-27 09:22:17.612 5912-6187/com.qiniu.motiondetect E/CameraActivity: token: -uNORE8AccnhnSt0utAuUrtmJcugo8BDDJeIk2R3:vMVW-Nxg7J6aZiwdl_myzNeP4Ng=:eyJzY29wZSI6InFkZmFjZXN0b3JlIiwiZGVhZGxpbmUiOjE1MzAwNjI4MzN9
06-27 09:22:17.613 5912-6187/com.qiniu.motiondetect E/CameraActivity: uploadVideo
06-27 09:22:24.168 5912-5912/com.qiniu.motiondetect E/CameraActivity: current length: 10009 isMoving: true
06-27 09:22:25.549 5912-8891/com.qiniu.motiondetect E/CameraActivity: onSaveVideoSuccess
06-27 09:22:25.550 5912-6187/com.qiniu.motiondetect E/CameraActivity: handleMessage...
    http://123.59.185.101:8080/api/v10/smartClient/getToken?deviceId=605978411
06-27 09:22:29.121 5912-5912/com.qiniu.motiondetect E/CameraActivity: Start record: 1530062549121
06-27 09:22:29.138 5912-5912/com.qiniu.motiondetect E/CameraActivity: {ver:7.3.11,ResponseInfo:153006214825061,status:200, reqId:kREAAAA6VjPI3zsV, xlog:body:1;0s.ph;0s.put.in:1;0s.put.disk:11;1s.put.in:1;1s.put.disk:18;1s.ph;PFDS:20;0s.put.out:10;PFDS:22;body;rs12_7.sel:3/not found;rs11_7.sel:2/not found;rdb.g/no such key;DBD/404;v4.get/Document not found;rs12_7.ins:25;rwro.ins:31;RS:31;rs.put:32;rs-upload.putFile:54;UP:57, xvia:vdn-jszj-tel-1-2, host:upload-z1.qiniup.com, path:/, ip:222.186.140.20, port:80, duration:41954 s, time:1530062549, sent:1341717,error:null}token: -uNORE8AccnhnSt0utAuUrtmJcugo8BDDJeIk2R3:vMVW-Nxg7J6aZiwdl_myzNeP4Ng=:eyJzY29wZSI6InFkZmFjZXN0b3JlIiwiZGVhZGxpbmUiOjE1MzAwNjI4MzN9
06-27 09:22:29.139 5912-8919/com.qiniu.motiondetect E/CameraActivity: http://123.59.185.101:8080/api/v10/smartClient/uploadDetectInfo?uuid=8224b85a8d7045bf9b95ad2a3607f4e6&deviceId=605978411&targetType=2&collectTime=1530062549139&vidUrl=20180627_vid_1530062504339&imgUrl=
06-27 09:22:29.621 5912-6187/com.qiniu.motiondetect E/CameraActivity: token: -uNORE8AccnhnSt0utAuUrtmJcugo8BDDJeIk2R3:DEvApi00oDVthSsQmwEixriSs4I=:eyJzY29wZSI6InFkZmFjZXN0b3JlIiwiZGVhZGxpbmUiOjE1MzAwNjI4NDV9
06-27 09:22:29.623 5912-6187/com.qiniu.motiondetect E/CameraActivity: uploadVideo
06-27 09:22:39.147 5912-5912/com.qiniu.motiondetect E/CameraActivity: current length: 10026 isMoving: true
06-27 09:22:40.462 5912-8967/com.qiniu.motiondetect E/CameraActivity: onSaveVideoSuccess
06-27 09:22:40.465 5912-6187/com.qiniu.motiondetect E/CameraActivity: handleMessage...
    http://123.59.185.101:8080/api/v10/smartClient/getToken?deviceId=605978411
06-27 09:22:43.726 5912-5912/com.qiniu.motiondetect E/CameraActivity: {ver:7.3.11,ResponseInfo:153006214825061,status:614, reqId:9QkAADONoJjL3zsV, xlog:body:4;0s.ph;0s.put.in:1;0s.put.disk:17;1s.put.in:2;1s.put.disk:17;1s.ph;PFDS:20;0s.put.out:9;PFDS:21;body;rs12_7.sel:2;rwro.ins:2/file exists;MQ;RS.not:;RS:2/614;rs.put:3/file exists;rs-upload:;UP:32/614, xvia:vdn-jszj-tel-1-3, host:upload-z1.qiniup.com, path:/, ip:222.186.140.21, port:80, duration:44885 s, time:1530062563, sent:1339945,error:file exists}token: -uNORE8AccnhnSt0utAuUrtmJcugo8BDDJeIk2R3:DEvApi00oDVthSsQmwEixriSs4I=:eyJzY29wZSI6InFkZmFjZXN0b3JlIiwiZGVhZGxpbmUiOjE1MzAwNjI4NDV9
    uploadVideo
06-27 09:22:44.829 5912-6187/com.qiniu.motiondetect E/CameraActivity: token: -uNORE8AccnhnSt0utAuUrtmJcugo8BDDJeIk2R3:W4KkIs8WLkjJDkizKllhwtICq00=:eyJzY29wZSI6InFkZmFjZXN0b3JlIiwiZGVhZGxpbmUiOjE1MzAwNjI4NjF9
06-27 09:22:44.831 5912-6187/com.qiniu.motiondetect E/CameraActivity: uploadVideo
06-27 09:22:45.103 5912-5912/com.qiniu.motiondetect E/CameraActivity: Start record: 1530062565103
06-27 09:22:55.104 5912-5912/com.qiniu.motiondetect E/CameraActivity: current length: 10001 isMoving: true
06-27 09:22:56.347 5912-9054/com.qiniu.motiondetect E/CameraActivity: onSaveVideoSuccess
06-27 09:22:56.350 5912-6187/com.qiniu.motiondetect E/CameraActivity: handleMessage...
06-27 09:22:56.352 5912-6187/com.qiniu.motiondetect E/CameraActivity: http://123.59.185.101:8080/api/v10/smartClient/getToken?deviceId=605978411
06-27 09:22:58.134 5912-5912/com.qiniu.motiondetect E/CameraActivity: Start record: 1530062578134
06-27 09:23:08.137 5912-5912/com.qiniu.motiondetect E/CameraActivity: current length: 10003 isMoving: false
06-27 09:23:09.522 5912-9121/com.qiniu.motiondetect E/CameraActivity: onSaveVideoSuccess
06-27 09:23:14.087 5912-6187/com.qiniu.motiondetect E/CameraActivity: token: -uNORE8AccnhnSt0utAuUrtmJcugo8BDDJeIk2R3:wz-Y2dEM9osFNKxDs4KvwdgNvFo=:eyJzY29wZSI6InFkZmFjZXN0b3JlIiwiZGVhZGxpbmUiOjE1MzAwNjI4OTB9
06-27 09:23:14.088 5912-6187/com.qiniu.motiondetect E/CameraActivity: uploadVideo
06-27 09:23:14.098 5912-6187/com.qiniu.motiondetect E/CameraActivity: handleMessage...
    http://123.59.185.101:8080/api/v10/smartClient/getToken?deviceId=605978411
06-27 09:23:18.682 5912-6187/com.qiniu.motiondetect E/CameraActivity: token: -uNORE8AccnhnSt0utAuUrtmJcugo8BDDJeIk2R3:VY79Be312KjyjwtXFA3iyyT72ZE=:eyJzY29wZSI6InFkZmFjZXN0b3JlIiwiZGVhZGxpbmUiOjE1MzAwNjI4OTR9
06-27 09:23:18.684 5912-6187/com.qiniu.motiondetect E/CameraActivity: uploadVideo
06-27 09:23:23.126 5912-5912/com.qiniu.motiondetect E/CameraActivity: Start record: 1530062603126
06-27 09:23:25.813 5912-5912/com.qiniu.motiondetect E/CameraActivity: {ver:7.3.11,ResponseInfo:153006214825061,status:200, reqId:kREAANbZa2TV3zsV, xlog:body:2;0s.ph;0s.put.in:1;0s.put.disk:14;1s.put.in:1;1s.put.disk:14;1s.ph;PFDS:16;0s.put.out:12;PFDS:17;body;rs12_5.sel:2/not found;rs11_5.sel:2/not found;rdb.g/no such key;DBD/404;v4.get/Document not found;rs12_5.ins:4;rwro.ins:9;RS:9;rs.put:10;rs-upload.putFile:28;UP:32, xvia:vdn-jszj-tel-1-2, host:upload-z1.qiniup.com, path:/, ip:222.186.140.20, port:80, duration:56163 s, time:1530062605, sent:1347513,error:null}token: -uNORE8AccnhnSt0utAuUrtmJcugo8BDDJeIk2R3:VY79Be312KjyjwtXFA3iyyT72ZE=:eyJzY29wZSI6InFkZmFjZXN0b3JlIiwiZGVhZGxpbmUiOjE1MzAwNjI4OTR9
06-27 09:23:25.816 5912-9219/com.qiniu.motiondetect E/CameraActivity: http://123.59.185.101:8080/api/v10/smartClient/uploadDetectInfo?uuid=46f7fd58cb364bd4af68e57f239018db&deviceId=605978411&targetType=2&collectTime=1530062605816&vidUrl=20180627_vid_1530062549121&imgUrl=
06-27 09:23:33.155 5912-5912/com.qiniu.motiondetect E/CameraActivity: current length: 10029 isMoving: false
06-27 09:23:34.518 5912-9252/com.qiniu.motiondetect E/CameraActivity: onSaveVideoSuccess
06-27 09:23:34.520 5912-6187/com.qiniu.motiondetect E/CameraActivity: handleMessage...
    http://123.59.185.101:8080/api/v10/smartClient/getToken?deviceId=605978411
06-27 09:23:39.149 5912-5912/com.qiniu.motiondetect E/CameraActivity: Start record: 1530062619148
06-27 09:23:39.327 5912-6187/com.qiniu.motiondetect E/CameraActivity: token: -uNORE8AccnhnSt0utAuUrtmJcugo8BDDJeIk2R3:PRzqRyVbFCTaUI1jpaTkcvMUMfA=:eyJzY29wZSI6InFkZmFjZXN0b3JlIiwiZGVhZGxpbmUiOjE1MzAwNjI5MTV9
06-27 09:23:39.329 5912-6187/com.qiniu.motiondetect E/CameraActivity: uploadVideo
06-27 09:23:49.151 5912-5912/com.qiniu.motiondetect E/CameraActivity: current length: 10002 isMoving: false
06-27 09:23:50.456 5912-9336/com.qiniu.motiondetect E/CameraActivity: onSaveVideoSuccess
06-27 09:23:50.457 5912-6187/com.qiniu.motiondetect E/CameraActivity: handleMessage...
    http://123.59.185.101:8080/api/v10/smartClient/getToken?deviceId=605978411
06-27 09:23:55.651 5912-6187/com.qiniu.motiondetect E/CameraActivity: token: -uNORE8AccnhnSt0utAuUrtmJcugo8BDDJeIk2R3:WfjN2JoG7en1Q8zzZOnXAWZoTeg=:eyJzY29wZSI6InFkZmFjZXN0b3JlIiwiZGVhZGxpbmUiOjE1MzAwNjI5MzF9
06-27 09:23:55.653 5912-6187/com.qiniu.motiondetect E/CameraActivity: uploadVideo
06-27 09:23:56.128 5912-5912/com.qiniu.motiondetect E/CameraActivity: {ver:7.3.11,ResponseInfo:153006214825061,status:614, reqId:9QkAADLYy2bc3zsV, xlog:body:1;0s.ph;0s.put.in:1;0s.put.disk:21;1s.put.in:1;1s.put.disk:36;1s.ph;PFDS:39;0s.put.out:10;PFDS:45;body;rs12_7.sel:2;rwro.ins:2/file exists;MQ:1;RS.not:;RS:4/614;rs.put:4/file exists;rs-upload:;UP:57/614, xvia:vdn-jszj-tel-1-3, host:upload-z1.qiniup.com, path:/, ip:222.186.140.21, port:80, duration:72384 s, time:1530062636, sent:1347659,error:file exists}token: -uNORE8AccnhnSt0utAuUrtmJcugo8BDDJeIk2R3:WfjN2JoG7en1Q8zzZOnXAWZoTeg=:eyJzY29wZSI6InFkZmFjZXN0b3JlIiwiZGVhZGxpbmUiOjE1MzAwNjI5MzF9
06-27 09:23:56.129 5912-5912/com.qiniu.motiondetect E/CameraActivity: Upload failed
06-27 09:24:04.111 5912-5912/com.qiniu.motiondetect E/CameraActivity: Start record: 1530062644111
06-27 09:24:14.113 5912-5912/com.qiniu.motiondetect E/CameraActivity: current length: 10002 isMoving: true
06-27 09:24:15.332 5912-9465/com.qiniu.motiondetect E/CameraActivity: onSaveVideoSuccess
06-27 09:24:15.336 5912-6187/com.qiniu.motiondetect E/CameraActivity: handleMessage...
    http://123.59.185.101:8080/api/v10/smartClient/getToken?deviceId=605978411
06-27 09:24:16.339 5912-5912/com.qiniu.motiondetect E/CameraActivity: Start record: 1530062656339
06-27 09:24:17.076 5912-6187/com.qiniu.motiondetect E/CameraActivity: token: -uNORE8AccnhnSt0utAuUrtmJcugo8BDDJeIk2R3:_HLHj6oO5iE6VBJw3bKSFxuGp0I=:eyJzY29wZSI6InFkZmFjZXN0b3JlIiwiZGVhZGxpbmUiOjE1MzAwNjI5NTN9
06-27 09:24:17.077 5912-6187/com.qiniu.motiondetect E/CameraActivity: uploadVideo
06-27 09:24:17.099 5912-5912/com.qiniu.motiondetect E/CameraActivity: {ver:7.3.11,ResponseInfo:153006214825061,status:200, reqId:j3YAAEL5Olfh3zsV, xlog:body:1;0s.ph;0s.put.in;0s.put.disk:10;1s.put.in;1s.put.disk:10;1s.ph;PFDS:11;0s.put.out:10;PFDS:12;body;rs12_9.sel/not found;rs11_9.sel/not found;rdb.g/no such key;DBD/404;v4.get/Document not found;rs12_9.ins:7;rwro.ins:8;RS:8;rs.put:9;rs-upload.putFile:22;UP:26, xvia:vdn-jszj-tel-1-4, host:upload-z1.qiniup.com, path:/, ip:222.186.140.22, port:80, duration:119459 s, time:1530062657, sent:1340534,error:null}token: -uNORE8AccnhnSt0utAuUrtmJcugo8BDDJeIk2R3:_HLHj6oO5iE6VBJw3bKSFxuGp0I=:eyJzY29wZSI6InFkZmFjZXN0b3JlIiwiZGVhZGxpbmUiOjE1MzAwNjI5NTN9
06-27 09:24:17.104 5912-9494/com.qiniu.motiondetect E/CameraActivity: http://123.59.185.101:8080/api/v10/smartClient/uploadDetectInfo?uuid=81596b6d8fe8457392fe105a4a2eeb68&deviceId=605978411&targetType=2&collectTime=1530062657104&vidUrl=20180627_vid_1530062534158&imgUrl=
06-27 09:24:17.157 5912-5912/com.qiniu.motiondetect E/CameraActivity: {ver:7.3.11,ResponseInfo:153006214825061,status:200, reqId:3V0AANAvHFnh3zsV, xlog:body:1;0s.ph;0s.put.in:1;0s.put.disk:10;1s.put.in:1;1s.put.disk:10;1s.ph;PFDS:12;0s.put.out:10;PFDS:14;body;rs12_11.sel:1/not found;rs11_11.sel:2/not found;rdb.g/no such key;DBD/404;v4.get/Document not found;rs12_11.ins:2;rwro.ins:7;RS:7;rs.put:8;rs-upload.putFile:24;UP:26, xvia:vdn-jszj-tel-1-1, host:upload-z1.qiniup.com, path:/, ip:222.186.140.19, port:80, duration:61045 s, time:1530062657, sent:1349041,error:null}token: -uNORE8AccnhnSt0utAuUrtmJcugo8BDDJeIk2R3:_HLHj6oO5iE6VBJw3bKSFxuGp0I=:eyJzY29wZSI6InFkZmFjZXN0b3JlIiwiZGVhZGxpbmUiOjE1MzAwNjI5NTN9
06-27 09:24:17.160 5912-9495/com.qiniu.motiondetect E/CameraActivity: http://123.59.185.101:8080/api/v10/smartClient/uploadDetectInfo?uuid=f9a97c3af9a046f4a054ac475640eff4&deviceId=605978411&targetType=2&collectTime=1530062657160&vidUrl=20180627_vid_1530062578134&imgUrl=
